
===========================================================================
report_checks -unconstrained
===========================================================================
======================= min_ff_n40C_1v95 Corner ===================================

Startpoint: wb_rst_i (input port clocked by clk)
Endpoint: _6209_ (recovery check against rising-edge clock clk)
Path Group: asynchronous
Path Type: max

Fanout         Cap        Slew       Delay        Time   Description
---------------------------------------------------------------------------------------------
                                  0.000000    0.000000   clock clk (rise edge)
                                  5.570000    5.570000   clock network delay (propagated)
                                 12.500000   18.070000 v input external delay
     2    0.003872    0.000000    0.000000   18.070000 v wb_rst_i (in)
                                                         wb_rst_i (net)
                      0.000047    0.000023   18.070023 v input2/A (sky130_fd_sc_hd__buf_4)
     9    0.100234    0.094584    0.131962   18.201984 v input2/X (sky130_fd_sc_hd__buf_4)
                                                         net2 (net)
                      0.102884    0.021524   18.223509 v fanout426/A (sky130_fd_sc_hd__clkbuf_4)
    11    0.057575    0.086668    0.175138   18.398647 v fanout426/X (sky130_fd_sc_hd__clkbuf_4)
                                                         net426 (net)
                      0.086668    0.000224   18.398870 v fanout421/A (sky130_fd_sc_hd__clkbuf_2)
    11    0.041029    0.107816    0.162574   18.561445 v fanout421/X (sky130_fd_sc_hd__clkbuf_2)
                                                         net421 (net)
                      0.107823    0.000936   18.562380 v fanout420/A (sky130_fd_sc_hd__buf_2)
    13    0.047262    0.080071    0.164095   18.726475 v fanout420/X (sky130_fd_sc_hd__buf_2)
                                                         net420 (net)
                      0.080071    0.000405   18.726881 v fanout416/A (sky130_fd_sc_hd__clkbuf_4)
     8    0.050836    0.076998    0.160490   18.887371 v fanout416/X (sky130_fd_sc_hd__clkbuf_4)
                                                         net416 (net)
                      0.076998    0.000339   18.887711 v fanout415/A (sky130_fd_sc_hd__buf_4)
    10    0.057690    0.061558    0.148155   19.035866 v fanout415/X (sky130_fd_sc_hd__buf_4)
                                                         net415 (net)
                      0.061563    0.000606   19.036470 v _5683_/A (sky130_fd_sc_hd__inv_2)
     1    0.003801    0.025102    0.040744   19.077215 ^ _5683_/Y (sky130_fd_sc_hd__inv_2)
                                                         _0059_ (net)
                      0.025102    0.000027   19.077242 ^ _6209_/SET_B (sky130_fd_sc_hd__dfstp_1)
                                             19.077242   data arrival time

                                 25.000000   25.000000   clock clk (rise edge)
                                  4.650000   29.650000   clock source latency
     4    0.085390    0.610000    0.000000   29.650000 ^ wb_clk_i (in)
                                                         wb_clk_i (net)
                      0.623766    0.006883   29.656881 ^ clkbuf_regs_0_clk/A (sky130_fd_sc_hd__clkbuf_16)
     1    0.008469    0.040232    0.129564   29.786446 ^ clkbuf_regs_0_clk/X (sky130_fd_sc_hd__clkbuf_16)
                                                         wb_clk_i_regs (net)
                      0.040232    0.000091   29.786537 ^ clkbuf_0_wb_clk_i_regs/A (sky130_fd_sc_hd__clkbuf_16)
    17    0.137954    0.116182    0.151330   29.937866 ^ clkbuf_0_wb_clk_i_regs/X (sky130_fd_sc_hd__clkbuf_16)
                                                         clknet_0_wb_clk_i_regs (net)
                      0.116871    0.007113   29.944979 ^ clkbuf_3_4_0_wb_clk_i_regs/A (sky130_fd_sc_hd__clkbuf_8)
    19    0.109114    0.145919    0.190930   30.135908 ^ clkbuf_3_4_0_wb_clk_i_regs/X (sky130_fd_sc_hd__clkbuf_8)
                                                         clknet_3_4_0_wb_clk_i_regs (net)
                      0.145945    0.001624   30.137533 ^ clkbuf_leaf_49_wb_clk_i_regs/A (sky130_fd_sc_hd__clkbuf_8)
    14    0.058732    0.085041    0.151928   30.289461 ^ clkbuf_leaf_49_wb_clk_i_regs/X (sky130_fd_sc_hd__clkbuf_8)
                                                         clknet_leaf_49_wb_clk_i_regs (net)
                      0.085045    0.000682   30.290142 ^ _6209_/CLK (sky130_fd_sc_hd__dfstp_1)
                                 -0.250000   30.040142   clock uncertainty
                                  0.000000   30.040142   clock reconvergence pessimism
                                  0.092500   30.132641   library recovery time
                                             30.132641   data required time
---------------------------------------------------------------------------------------------
                                             30.132641   data required time
                                            -19.077242   data arrival time
---------------------------------------------------------------------------------------------
                                             11.055399   slack (MET)


Startpoint: wb_rst_i (input port clocked by clk)
Endpoint: _6807_ (rising edge-triggered flip-flop clocked by clk)
Path Group: clk
Path Type: max

Fanout         Cap        Slew       Delay        Time   Description
---------------------------------------------------------------------------------------------
                                  0.000000    0.000000   clock clk (rise edge)
                                  5.570000    5.570000   clock network delay (propagated)
                                 12.500000   18.070000 ^ input external delay
     2    0.004166    0.000000    0.000000   18.070000 ^ wb_rst_i (in)
                                                         wb_rst_i (net)
                      0.000051    0.000025   18.070024 ^ input2/A (sky130_fd_sc_hd__buf_4)
     9    0.101205    0.211724    0.177852   18.247877 ^ input2/X (sky130_fd_sc_hd__buf_4)
                                                         net2 (net)
                      0.212926    0.013141   18.261019 ^ fanout387/A (sky130_fd_sc_hd__buf_2)
     6    0.036305    0.135741    0.173884   18.434902 ^ fanout387/X (sky130_fd_sc_hd__buf_2)
                                                         net387 (net)
                      0.135801    0.001217   18.436119 ^ fanout386/A (sky130_fd_sc_hd__buf_4)
    17    0.074695    0.156787    0.183551   18.619669 ^ fanout386/X (sky130_fd_sc_hd__buf_4)
                                                         net386 (net)
                      0.156884    0.003212   18.622881 ^ fanout385/A (sky130_fd_sc_hd__buf_4)
    21    0.073850    0.155036    0.185072   18.807953 ^ fanout385/X (sky130_fd_sc_hd__buf_4)
                                                         net385 (net)
                      0.155089    0.002350   18.810303 ^ fanout384/A (sky130_fd_sc_hd__buf_4)
    10    0.064392    0.136309    0.171710   18.982014 ^ fanout384/X (sky130_fd_sc_hd__buf_4)
                                                         net384 (net)
                      0.136393    0.001911   18.983925 ^ _3119_/A (sky130_fd_sc_hd__inv_2)
     2    0.007251    0.034903    0.025638   19.009562 v _3119_/Y (sky130_fd_sc_hd__inv_2)
                                                         _0047_ (net)
                      0.034903    0.000025   19.009588 v _5650_/D (sky130_fd_sc_hd__and4bb_1)
     1    0.002626    0.029938    0.124130   19.133717 v _5650_/X (sky130_fd_sc_hd__and4bb_1)
                                                         _3044_ (net)
                      0.029938    0.000012   19.133730 v _5651_/B2 (sky130_fd_sc_hd__o22a_1)
     1    0.002152    0.024528    0.085153   19.218884 v _5651_/X (sky130_fd_sc_hd__o22a_1)
                                                         _1148_ (net)
                      0.024528    0.000020   19.218903 v _6807_/D (sky130_fd_sc_hd__dfxtp_1)
                                             19.218903   data arrival time

                                 25.000000   25.000000   clock clk (rise edge)
                                  4.650000   29.650000   clock source latency
     4    0.085390    0.610000    0.000000   29.650000 ^ wb_clk_i (in)
                                                         wb_clk_i (net)
                      0.623766    0.006883   29.656881 ^ clkbuf_regs_0_clk/A (sky130_fd_sc_hd__clkbuf_16)
     1    0.008469    0.040232    0.129564   29.786446 ^ clkbuf_regs_0_clk/X (sky130_fd_sc_hd__clkbuf_16)
                                                         wb_clk_i_regs (net)
                      0.040232    0.000091   29.786537 ^ clkbuf_0_wb_clk_i_regs/A (sky130_fd_sc_hd__clkbuf_16)
    17    0.137954    0.116182    0.151330   29.937866 ^ clkbuf_0_wb_clk_i_regs/X (sky130_fd_sc_hd__clkbuf_16)
                                                         clknet_0_wb_clk_i_regs (net)
                      0.116233    0.001993   29.939859 ^ clkbuf_3_3_0_wb_clk_i_regs/A (sky130_fd_sc_hd__clkbuf_8)
    19    0.110449    0.148019    0.192227   30.132086 ^ clkbuf_3_3_0_wb_clk_i_regs/X (sky130_fd_sc_hd__clkbuf_8)
                                                         clknet_3_3_0_wb_clk_i_regs (net)
                      0.148055    0.001886   30.133972 ^ clkbuf_leaf_25_wb_clk_i_regs/A (sky130_fd_sc_hd__clkbuf_8)
    11    0.045520    0.069136    0.140481   30.274454 ^ clkbuf_leaf_25_wb_clk_i_regs/X (sky130_fd_sc_hd__clkbuf_8)
                                                         clknet_leaf_25_wb_clk_i_regs (net)
                      0.069136    0.000334   30.274788 ^ _6807_/CLK (sky130_fd_sc_hd__dfxtp_1)
                                 -0.250000   30.024788   clock uncertainty
                                  0.000000   30.024788   clock reconvergence pessimism
                                 -0.063765   29.961023   library setup time
                                             29.961023   data required time
---------------------------------------------------------------------------------------------
                                             29.961023   data required time
                                            -19.218903   data arrival time
---------------------------------------------------------------------------------------------
                                             10.742121   slack (MET)




===========================================================================
report_checks --slack_max -0.01
============================================================================
======================= min_ff_n40C_1v95 Corner ===================================

No paths found.


===========================================================================
 report_check_types -max_slew -max_cap -max_fanout -violators
============================================================================
======================= min_ff_n40C_1v95 Corner ===================================

max slew

Pin                                        Limit        Slew       Slack
------------------------------------------------------------------------
ANTENNA_input13_A/DIODE                 0.750000    0.920109   -0.170109 (VIOLATED)
ANTENNA_hold30_A/DIODE                  0.750000    0.920101   -0.170101 (VIOLATED)
input13/A                               0.750000    0.920085   -0.170085 (VIOLATED)
ANTENNA_hold15_A/DIODE                  0.750000    0.920076   -0.170076 (VIOLATED)
ANTENNA_hold159_A/DIODE                 0.750000    0.920076   -0.170076 (VIOLATED)
hold68/A                                0.750000    0.920076   -0.170076 (VIOLATED)
ANTENNA_hold68_A/DIODE                  0.750000    0.920074   -0.170074 (VIOLATED)
ANTENNA_hold147_A/DIODE                 0.750000    0.920074   -0.170074 (VIOLATED)
ANTENNA_hold58_A/DIODE                  0.750000    0.920071   -0.170072 (VIOLATED)
hold30/A                                0.750000    0.920070   -0.170070 (VIOLATED)
ANTENNA_hold136_A/DIODE                 0.750000    0.920068   -0.170068 (VIOLATED)
ANTENNA_hold74_A/DIODE                  0.750000    0.920068   -0.170068 (VIOLATED)
input17/A                               0.750000    0.920066   -0.170066 (VIOLATED)
hold136/A                               0.750000    0.920064   -0.170064 (VIOLATED)
ANTENNA_hold52_A/DIODE                  0.750000    0.920063   -0.170063 (VIOLATED)
hold147/A                               0.750000    0.920063   -0.170063 (VIOLATED)
hold43/A                                0.750000    0.920063   -0.170063 (VIOLATED)
hold15/A                                0.750000    0.920062   -0.170062 (VIOLATED)
hold58/A                                0.750000    0.920061   -0.170061 (VIOLATED)
hold52/A                                0.750000    0.920060   -0.170060 (VIOLATED)
ANTENNA_input17_A/DIODE                 0.750000    0.920059   -0.170059 (VIOLATED)
hold74/A                                0.750000    0.920059   -0.170059 (VIOLATED)
input16/A                               0.750000    0.920056   -0.170056 (VIOLATED)
input23/A                               0.750000    0.920056   -0.170056 (VIOLATED)
hold159/A                               0.750000    0.920055   -0.170055 (VIOLATED)
hold72/A                                0.750000    0.920054   -0.170054 (VIOLATED)
ANTENNA_input27_A/DIODE                 0.750000    0.920054   -0.170054 (VIOLATED)
hold162/A                               0.750000    0.920053   -0.170053 (VIOLATED)
input26/A                               0.750000    0.920054   -0.170054 (VIOLATED)
input24/A                               0.750000    0.920053   -0.170053 (VIOLATED)
hold343/A                               0.750000    0.920052   -0.170052 (VIOLATED)
ANTENNA_hold119_A/DIODE                 0.750000    0.920052   -0.170052 (VIOLATED)
ANTENNA_input26_A/DIODE                 0.750000    0.920051   -0.170051 (VIOLATED)
ANTENNA_input15_A/DIODE                 0.750000    0.920051   -0.170051 (VIOLATED)
input15/A                               0.750000    0.920050   -0.170050 (VIOLATED)
input27/A                               0.750000    0.920050   -0.170050 (VIOLATED)
input18/A                               0.750000    0.920050   -0.170050 (VIOLATED)
ANTENNA_input24_A/DIODE                 0.750000    0.920050   -0.170050 (VIOLATED)
input20/A                               0.750000    0.920049   -0.170049 (VIOLATED)
ANTENNA_input23_A/DIODE                 0.750000    0.920049   -0.170049 (VIOLATED)
hold119/A                               0.750000    0.920048   -0.170048 (VIOLATED)
input19/A                               0.750000    0.920048   -0.170048 (VIOLATED)
input22/A                               0.750000    0.920048   -0.170048 (VIOLATED)
input21/A                               0.750000    0.920047   -0.170047 (VIOLATED)
ANTENNA_hold343_A/DIODE                 0.750000    0.920047   -0.170047 (VIOLATED)
ANTENNA_hold152_A/DIODE                 0.750000    0.920047   -0.170047 (VIOLATED)
ANTENNA_hold43_A/DIODE                  0.750000    0.920047   -0.170047 (VIOLATED)
ANTENNA_input16_A/DIODE                 0.750000    0.920047   -0.170047 (VIOLATED)
ANTENNA_hold162_A/DIODE                 0.750000    0.920046   -0.170046 (VIOLATED)
ANTENNA_hold72_A/DIODE                  0.750000    0.920044   -0.170044 (VIOLATED)
ANTENNA_input20_A/DIODE                 0.750000    0.920043   -0.170043 (VIOLATED)
hold152/A                               0.750000    0.920042   -0.170042 (VIOLATED)
ANTENNA_input18_A/DIODE                 0.750000    0.920041   -0.170041 (VIOLATED)
hold19/A                                0.750000    0.920041   -0.170041 (VIOLATED)
hold133/A                               0.750000    0.920041   -0.170041 (VIOLATED)
hold63/A                                0.750000    0.920041   -0.170041 (VIOLATED)
ANTENNA_input19_A/DIODE                 0.750000    0.920041   -0.170041 (VIOLATED)
ANTENNA_input22_A/DIODE                 0.750000    0.920041   -0.170041 (VIOLATED)
hold167/A                               0.750000    0.920041   -0.170041 (VIOLATED)
ANTENNA_input21_A/DIODE                 0.750000    0.920040   -0.170040 (VIOLATED)
ANTENNA_hold133_A/DIODE                 0.750000    0.920040   -0.170040 (VIOLATED)
ANTENNA_hold167_A/DIODE                 0.750000    0.920040   -0.170040 (VIOLATED)
ANTENNA_hold19_A/DIODE                  0.750000    0.920036   -0.170036 (VIOLATED)
ANTENNA_hold63_A/DIODE                  0.750000    0.920036   -0.170036 (VIOLATED)
wbs_adr_i[0]                            0.750000    0.920000   -0.170000 (VIOLATED)
wbs_adr_i[10]                           0.750000    0.920000   -0.170000 (VIOLATED)
wbs_adr_i[11]                           0.750000    0.920000   -0.170000 (VIOLATED)
wbs_adr_i[12]                           0.750000    0.920000   -0.170000 (VIOLATED)
wbs_adr_i[13]                           0.750000    0.920000   -0.170000 (VIOLATED)
wbs_adr_i[14]                           0.750000    0.920000   -0.170000 (VIOLATED)
wbs_adr_i[15]                           0.750000    0.920000   -0.170000 (VIOLATED)
wbs_adr_i[16]                           0.750000    0.920000   -0.170000 (VIOLATED)
wbs_adr_i[17]                           0.750000    0.920000   -0.170000 (VIOLATED)
wbs_adr_i[18]                           0.750000    0.920000   -0.170000 (VIOLATED)
wbs_adr_i[19]                           0.750000    0.920000   -0.170000 (VIOLATED)
wbs_adr_i[1]                            0.750000    0.920000   -0.170000 (VIOLATED)
wbs_adr_i[20]                           0.750000    0.920000   -0.170000 (VIOLATED)
wbs_adr_i[21]                           0.750000    0.920000   -0.170000 (VIOLATED)
wbs_adr_i[22]                           0.750000    0.920000   -0.170000 (VIOLATED)
wbs_adr_i[23]                           0.750000    0.920000   -0.170000 (VIOLATED)
wbs_adr_i[24]                           0.750000    0.920000   -0.170000 (VIOLATED)
wbs_adr_i[25]                           0.750000    0.920000   -0.170000 (VIOLATED)
wbs_adr_i[26]                           0.750000    0.920000   -0.170000 (VIOLATED)
wbs_adr_i[27]                           0.750000    0.920000   -0.170000 (VIOLATED)
wbs_adr_i[28]                           0.750000    0.920000   -0.170000 (VIOLATED)
wbs_adr_i[29]                           0.750000    0.920000   -0.170000 (VIOLATED)
wbs_adr_i[2]                            0.750000    0.920000   -0.170000 (VIOLATED)
wbs_adr_i[30]                           0.750000    0.920000   -0.170000 (VIOLATED)
wbs_adr_i[31]                           0.750000    0.920000   -0.170000 (VIOLATED)
wbs_adr_i[3]                            0.750000    0.920000   -0.170000 (VIOLATED)
wbs_adr_i[4]                            0.750000    0.920000   -0.170000 (VIOLATED)
wbs_adr_i[5]                            0.750000    0.920000   -0.170000 (VIOLATED)
wbs_adr_i[6]                            0.750000    0.920000   -0.170000 (VIOLATED)
wbs_adr_i[7]                            0.750000    0.920000   -0.170000 (VIOLATED)
wbs_adr_i[8]                            0.750000    0.920000   -0.170000 (VIOLATED)
wbs_adr_i[9]                            0.750000    0.920000   -0.170000 (VIOLATED)
ANTENNA_hold87_A/DIODE                  0.750000    0.840308   -0.090309 (VIOLATED)
hold87/A                                0.750000    0.840237   -0.090237 (VIOLATED)
ANTENNA_hold78_A/DIODE                  0.750000    0.840205   -0.090205 (VIOLATED)
hold78/A                                0.750000    0.840164   -0.090164 (VIOLATED)
ANTENNA_hold84_A/DIODE                  0.750000    0.840158   -0.090158 (VIOLATED)
ANTENNA_hold82_A/DIODE                  0.750000    0.840134   -0.090134 (VIOLATED)
ANTENNA_hold7_A/DIODE                   0.750000    0.840130   -0.090130 (VIOLATED)
hold84/A                                0.750000    0.840126   -0.090126 (VIOLATED)
ANTENNA_hold1_A/DIODE                   0.750000    0.840121   -0.090121 (VIOLATED)
ANTENNA_hold105_A/DIODE                 0.750000    0.840116   -0.090116 (VIOLATED)
ANTENNA_hold76_A/DIODE                  0.750000    0.840113   -0.090113 (VIOLATED)
ANTENNA_hold112_A/DIODE                 0.750000    0.840112   -0.090112 (VIOLATED)
ANTENNA_hold186_A/DIODE                 0.750000    0.840109   -0.090109 (VIOLATED)
ANTENNA_hold144_A/DIODE                 0.750000    0.840109   -0.090109 (VIOLATED)
ANTENNA_hold12_A/DIODE                  0.750000    0.840108   -0.090108 (VIOLATED)
hold112/A                               0.750000    0.840104   -0.090104 (VIOLATED)
hold144/A                               0.750000    0.840100   -0.090100 (VIOLATED)
hold7/A                                 0.750000    0.840099   -0.090099 (VIOLATED)
hold186/A                               0.750000    0.840097   -0.090097 (VIOLATED)
hold105/A                               0.750000    0.840094   -0.090094 (VIOLATED)
ANTENNA_hold126_A/DIODE                 0.750000    0.840092   -0.090092 (VIOLATED)
hold1/A                                 0.750000    0.840092   -0.090092 (VIOLATED)
ANTENNA_hold35_A/DIODE                  0.750000    0.840087   -0.090087 (VIOLATED)
hold82/A                                0.750000    0.840079   -0.090079 (VIOLATED)
ANTENNA_hold122_A/DIODE                 0.750000    0.840079   -0.090079 (VIOLATED)
hold35/A                                0.750000    0.840077   -0.090077 (VIOLATED)
hold126/A                               0.750000    0.840074   -0.090074 (VIOLATED)
hold12/A                                0.750000    0.840074   -0.090074 (VIOLATED)
ANTENNA_hold39_A/DIODE                  0.750000    0.840073   -0.090073 (VIOLATED)
ANTENNA_hold124_A/DIODE                 0.750000    0.840071   -0.090071 (VIOLATED)
ANTENNA_hold24_A/DIODE                  0.750000    0.840069   -0.090069 (VIOLATED)
hold122/A                               0.750000    0.840068   -0.090068 (VIOLATED)
ANTENNA_hold90_A/DIODE                  0.750000    0.840066   -0.090066 (VIOLATED)
hold76/A                                0.750000    0.840064   -0.090064 (VIOLATED)
hold39/A                                0.750000    0.840063   -0.090063 (VIOLATED)
hold24/A                                0.750000    0.840062   -0.090062 (VIOLATED)
ANTENNA_hold97_A/DIODE                  0.750000    0.840062   -0.090062 (VIOLATED)
ANTENNA_hold5_A/DIODE                   0.750000    0.840061   -0.090061 (VIOLATED)
ANTENNA_hold100_A/DIODE                 0.750000    0.840060   -0.090060 (VIOLATED)
hold129/A                               0.750000    0.840058   -0.090058 (VIOLATED)
hold131/A                               0.750000    0.840057   -0.090057 (VIOLATED)
ANTENNA_hold37_A/DIODE                  0.750000    0.840056   -0.090056 (VIOLATED)
hold90/A                                0.750000    0.840055   -0.090056 (VIOLATED)
ANTENNA_hold131_A/DIODE                 0.750000    0.840055   -0.090055 (VIOLATED)
hold124/A                               0.750000    0.840053   -0.090054 (VIOLATED)
ANTENNA_hold141_A/DIODE                 0.750000    0.840053   -0.090053 (VIOLATED)
hold5/A                                 0.750000    0.840052   -0.090052 (VIOLATED)
hold37/A                                0.750000    0.840052   -0.090052 (VIOLATED)
ANTENNA_hold28_A/DIODE                  0.750000    0.840051   -0.090051 (VIOLATED)
hold80/A                                0.750000    0.840049   -0.090049 (VIOLATED)
hold97/A                                0.750000    0.840048   -0.090048 (VIOLATED)
ANTENNA_hold26_A/DIODE                  0.750000    0.840048   -0.090048 (VIOLATED)
ANTENNA_hold61_A/DIODE                  0.750000    0.840048   -0.090048 (VIOLATED)
hold141/A                               0.750000    0.840047   -0.090047 (VIOLATED)
ANTENNA_hold129_A/DIODE                 0.750000    0.840047   -0.090047 (VIOLATED)
hold100/A                               0.750000    0.840046   -0.090046 (VIOLATED)
hold28/A                                0.750000    0.840046   -0.090046 (VIOLATED)
hold26/A                                0.750000    0.840044   -0.090044 (VIOLATED)
hold61/A                                0.750000    0.840044   -0.090044 (VIOLATED)
hold3/A                                 0.750000    0.840043   -0.090043 (VIOLATED)
ANTENNA_hold80_A/DIODE                  0.750000    0.840042   -0.090042 (VIOLATED)
hold150/A                               0.750000    0.840041   -0.090041 (VIOLATED)
ANTENNA_hold3_A/DIODE                   0.750000    0.840040   -0.090040 (VIOLATED)
ANTENNA_hold150_A/DIODE                 0.750000    0.840036   -0.090036 (VIOLATED)
wbs_dat_i[0]                            0.750000    0.840000   -0.090000 (VIOLATED)
wbs_dat_i[10]                           0.750000    0.840000   -0.090000 (VIOLATED)
wbs_dat_i[11]                           0.750000    0.840000   -0.090000 (VIOLATED)
wbs_dat_i[12]                           0.750000    0.840000   -0.090000 (VIOLATED)
wbs_dat_i[13]                           0.750000    0.840000   -0.090000 (VIOLATED)
wbs_dat_i[14]                           0.750000    0.840000   -0.090000 (VIOLATED)
wbs_dat_i[15]                           0.750000    0.840000   -0.090000 (VIOLATED)
wbs_dat_i[16]                           0.750000    0.840000   -0.090000 (VIOLATED)
wbs_dat_i[17]                           0.750000    0.840000   -0.090000 (VIOLATED)
wbs_dat_i[18]                           0.750000    0.840000   -0.090000 (VIOLATED)
wbs_dat_i[19]                           0.750000    0.840000   -0.090000 (VIOLATED)
wbs_dat_i[1]                            0.750000    0.840000   -0.090000 (VIOLATED)
wbs_dat_i[20]                           0.750000    0.840000   -0.090000 (VIOLATED)
wbs_dat_i[21]                           0.750000    0.840000   -0.090000 (VIOLATED)
wbs_dat_i[22]                           0.750000    0.840000   -0.090000 (VIOLATED)
wbs_dat_i[23]                           0.750000    0.840000   -0.090000 (VIOLATED)
wbs_dat_i[24]                           0.750000    0.840000   -0.090000 (VIOLATED)
wbs_dat_i[25]                           0.750000    0.840000   -0.090000 (VIOLATED)
wbs_dat_i[26]                           0.750000    0.840000   -0.090000 (VIOLATED)
wbs_dat_i[27]                           0.750000    0.840000   -0.090000 (VIOLATED)
wbs_dat_i[28]                           0.750000    0.840000   -0.090000 (VIOLATED)
wbs_dat_i[29]                           0.750000    0.840000   -0.090000 (VIOLATED)
wbs_dat_i[2]                            0.750000    0.840000   -0.090000 (VIOLATED)
wbs_dat_i[30]                           0.750000    0.840000   -0.090000 (VIOLATED)
wbs_dat_i[31]                           0.750000    0.840000   -0.090000 (VIOLATED)
wbs_dat_i[3]                            0.750000    0.840000   -0.090000 (VIOLATED)
wbs_dat_i[4]                            0.750000    0.840000   -0.090000 (VIOLATED)
wbs_dat_i[5]                            0.750000    0.840000   -0.090000 (VIOLATED)
wbs_dat_i[6]                            0.750000    0.840000   -0.090000 (VIOLATED)
wbs_dat_i[7]                            0.750000    0.840000   -0.090000 (VIOLATED)
wbs_dat_i[8]                            0.750000    0.840000   -0.090000 (VIOLATED)
wbs_dat_i[9]                            0.750000    0.840000   -0.090000 (VIOLATED)

max fanout

Pin                                   Limit Fanout  Slack
---------------------------------------------------------
clkbuf_leaf_58_wb_clk_i_regs/X           10     43    -33 (VIOLATED)
clkbuf_leaf_45_wb_clk_i_regs/X           10     39    -29 (VIOLATED)
clkbuf_leaf_18_wb_clk_i_regs/X           10     37    -27 (VIOLATED)
clkbuf_leaf_51_wb_clk_i_regs/X           10     37    -27 (VIOLATED)
clkbuf_leaf_7_wb_clk_i_regs/X            10     35    -25 (VIOLATED)
clkbuf_leaf_54_wb_clk_i_regs/X           10     31    -21 (VIOLATED)
clkbuf_leaf_35_wb_clk_i_regs/X           10     29    -19 (VIOLATED)
clkbuf_leaf_48_wb_clk_i_regs/X           10     29    -19 (VIOLATED)
clkbuf_leaf_8_wb_clk_i_regs/X            10     29    -19 (VIOLATED)
clkbuf_3_2_0_wb_clk_i_regs/X             10     27    -17 (VIOLATED)
clkbuf_3_0_0_wb_clk_i_regs/X             10     23    -13 (VIOLATED)
_3354_/Y                                 10     21    -11 (VIOLATED)
_4291_/Y                                 10     21    -11 (VIOLATED)
_4817_/Y                                 10     21    -11 (VIOLATED)
_6285_/Q                                 10     21    -11 (VIOLATED)
_6289_/Q                                 10     21    -11 (VIOLATED)
_6294_/Q                                 10     21    -11 (VIOLATED)
_6871_/Q                                 10     21    -11 (VIOLATED)
clkbuf_3_1_0_wb_clk_i_regs/X             10     21    -11 (VIOLATED)
clkbuf_3_5_0_wb_clk_i_regs/X             10     21    -11 (VIOLATED)
clkbuf_leaf_50_wb_clk_i_regs/X           10     21    -11 (VIOLATED)
clkbuf_leaf_60_wb_clk_i_regs/X           10     21    -11 (VIOLATED)
fanout111/X                              10     21    -11 (VIOLATED)
fanout112/X                              10     21    -11 (VIOLATED)
fanout113/X                              10     21    -11 (VIOLATED)
fanout115/X                              10     21    -11 (VIOLATED)
fanout117/X                              10     21    -11 (VIOLATED)
fanout118/X                              10     21    -11 (VIOLATED)
fanout120/X                              10     21    -11 (VIOLATED)
fanout122/X                              10     21    -11 (VIOLATED)
fanout124/X                              10     21    -11 (VIOLATED)
fanout126/X                              10     21    -11 (VIOLATED)
fanout128/X                              10     21    -11 (VIOLATED)
fanout130/X                              10     21    -11 (VIOLATED)
fanout132/X                              10     21    -11 (VIOLATED)
fanout134/X                              10     21    -11 (VIOLATED)
fanout135/X                              10     21    -11 (VIOLATED)
fanout137/X                              10     21    -11 (VIOLATED)
fanout139/X                              10     21    -11 (VIOLATED)
fanout141/X                              10     21    -11 (VIOLATED)
fanout144/X                              10     21    -11 (VIOLATED)
fanout149/X                              10     21    -11 (VIOLATED)
fanout153/X                              10     21    -11 (VIOLATED)
fanout162/X                              10     21    -11 (VIOLATED)
fanout163/X                              10     21    -11 (VIOLATED)
fanout164/X                              10     21    -11 (VIOLATED)
fanout166/X                              10     21    -11 (VIOLATED)
fanout168/X                              10     21    -11 (VIOLATED)
fanout169/X                              10     21    -11 (VIOLATED)
fanout170/X                              10     21    -11 (VIOLATED)
fanout172/X                              10     21    -11 (VIOLATED)
fanout174/X                              10     21    -11 (VIOLATED)
fanout176/X                              10     21    -11 (VIOLATED)
fanout178/X                              10     21    -11 (VIOLATED)
fanout180/X                              10     21    -11 (VIOLATED)
fanout181/X                              10     21    -11 (VIOLATED)
fanout182/X                              10     21    -11 (VIOLATED)
fanout183/X                              10     21    -11 (VIOLATED)
fanout185/X                              10     21    -11 (VIOLATED)
fanout187/X                              10     21    -11 (VIOLATED)
fanout188/X                              10     21    -11 (VIOLATED)
fanout191/X                              10     21    -11 (VIOLATED)
fanout192/X                              10     21    -11 (VIOLATED)
fanout193/X                              10     21    -11 (VIOLATED)
fanout195/X                              10     21    -11 (VIOLATED)
fanout197/X                              10     21    -11 (VIOLATED)
fanout198/X                              10     21    -11 (VIOLATED)
fanout199/X                              10     21    -11 (VIOLATED)
fanout200/X                              10     21    -11 (VIOLATED)
fanout201/X                              10     21    -11 (VIOLATED)
fanout202/X                              10     21    -11 (VIOLATED)
fanout205/X                              10     21    -11 (VIOLATED)
fanout207/X                              10     21    -11 (VIOLATED)
fanout209/X                              10     21    -11 (VIOLATED)
fanout211/X                              10     21    -11 (VIOLATED)
fanout213/X                              10     21    -11 (VIOLATED)
fanout215/X                              10     21    -11 (VIOLATED)
fanout217/X                              10     21    -11 (VIOLATED)
fanout218/X                              10     21    -11 (VIOLATED)
fanout219/X                              10     21    -11 (VIOLATED)
fanout220/X                              10     21    -11 (VIOLATED)
fanout222/X                              10     21    -11 (VIOLATED)
fanout224/X                              10     21    -11 (VIOLATED)
fanout226/X                              10     21    -11 (VIOLATED)
fanout229/X                              10     21    -11 (VIOLATED)
fanout235/X                              10     21    -11 (VIOLATED)
fanout242/X                              10     21    -11 (VIOLATED)
fanout244/X                              10     21    -11 (VIOLATED)
fanout246/X                              10     21    -11 (VIOLATED)
fanout248/X                              10     21    -11 (VIOLATED)
fanout249/X                              10     21    -11 (VIOLATED)
fanout252/X                              10     21    -11 (VIOLATED)
fanout254/X                              10     21    -11 (VIOLATED)
fanout255/X                              10     21    -11 (VIOLATED)
fanout256/X                              10     21    -11 (VIOLATED)
fanout258/X                              10     21    -11 (VIOLATED)
fanout260/X                              10     21    -11 (VIOLATED)
fanout262/X                              10     21    -11 (VIOLATED)
fanout264/X                              10     21    -11 (VIOLATED)
fanout266/X                              10     21    -11 (VIOLATED)
fanout272/X                              10     21    -11 (VIOLATED)
fanout273/X                              10     21    -11 (VIOLATED)
fanout274/X                              10     21    -11 (VIOLATED)
fanout275/X                              10     21    -11 (VIOLATED)
fanout277/X                              10     21    -11 (VIOLATED)
fanout278/X                              10     21    -11 (VIOLATED)
fanout279/X                              10     21    -11 (VIOLATED)
fanout281/X                              10     21    -11 (VIOLATED)
fanout284/X                              10     21    -11 (VIOLATED)
fanout285/X                              10     21    -11 (VIOLATED)
fanout287/X                              10     21    -11 (VIOLATED)
fanout288/X                              10     21    -11 (VIOLATED)
fanout290/X                              10     21    -11 (VIOLATED)
fanout292/X                              10     21    -11 (VIOLATED)
fanout294/X                              10     21    -11 (VIOLATED)
fanout295/X                              10     21    -11 (VIOLATED)
fanout296/X                              10     21    -11 (VIOLATED)
fanout297/X                              10     21    -11 (VIOLATED)
fanout299/X                              10     21    -11 (VIOLATED)
fanout300/X                              10     21    -11 (VIOLATED)
fanout302/X                              10     21    -11 (VIOLATED)
fanout303/X                              10     21    -11 (VIOLATED)
fanout304/X                              10     21    -11 (VIOLATED)
fanout305/X                              10     21    -11 (VIOLATED)
fanout307/X                              10     21    -11 (VIOLATED)
fanout308/X                              10     21    -11 (VIOLATED)
fanout309/X                              10     21    -11 (VIOLATED)
fanout310/X                              10     21    -11 (VIOLATED)
fanout311/X                              10     21    -11 (VIOLATED)
fanout312/X                              10     21    -11 (VIOLATED)
fanout313/X                              10     21    -11 (VIOLATED)
fanout316/X                              10     21    -11 (VIOLATED)
fanout317/X                              10     21    -11 (VIOLATED)
fanout320/X                              10     21    -11 (VIOLATED)
fanout321/X                              10     21    -11 (VIOLATED)
fanout322/X                              10     21    -11 (VIOLATED)
fanout323/X                              10     21    -11 (VIOLATED)
fanout324/X                              10     21    -11 (VIOLATED)
fanout325/X                              10     21    -11 (VIOLATED)
fanout326/X                              10     21    -11 (VIOLATED)
fanout328/X                              10     21    -11 (VIOLATED)
fanout333/X                              10     21    -11 (VIOLATED)
fanout334/X                              10     21    -11 (VIOLATED)
fanout335/X                              10     21    -11 (VIOLATED)
fanout336/X                              10     21    -11 (VIOLATED)
fanout338/X                              10     21    -11 (VIOLATED)
fanout340/X                              10     21    -11 (VIOLATED)
fanout342/X                              10     21    -11 (VIOLATED)
fanout344/X                              10     21    -11 (VIOLATED)
fanout346/X                              10     21    -11 (VIOLATED)
fanout348/X                              10     21    -11 (VIOLATED)
fanout350/X                              10     21    -11 (VIOLATED)
fanout352/X                              10     21    -11 (VIOLATED)
fanout355/X                              10     21    -11 (VIOLATED)
fanout357/X                              10     21    -11 (VIOLATED)
fanout360/X                              10     21    -11 (VIOLATED)
fanout362/X                              10     21    -11 (VIOLATED)
fanout365/X                              10     21    -11 (VIOLATED)
fanout367/X                              10     21    -11 (VIOLATED)
fanout368/X                              10     21    -11 (VIOLATED)
fanout369/X                              10     21    -11 (VIOLATED)
fanout371/X                              10     21    -11 (VIOLATED)
fanout372/X                              10     21    -11 (VIOLATED)
fanout374/X                              10     21    -11 (VIOLATED)
fanout376/X                              10     21    -11 (VIOLATED)
fanout377/X                              10     21    -11 (VIOLATED)
fanout383/X                              10     21    -11 (VIOLATED)
fanout385/X                              10     21    -11 (VIOLATED)
fanout390/X                              10     21    -11 (VIOLATED)
fanout418/X                              10     21    -11 (VIOLATED)
fanout425/X                              10     21    -11 (VIOLATED)
fanout431/X                              10     21    -11 (VIOLATED)
fanout434/X                              10     21    -11 (VIOLATED)
fanout435/X                              10     21    -11 (VIOLATED)
fanout437/X                              10     21    -11 (VIOLATED)
_3267_/Y                                 10     19     -9 (VIOLATED)
_3355_/Y                                 10     19     -9 (VIOLATED)
_3546_/Y                                 10     19     -9 (VIOLATED)
_4809_/Y                                 10     19     -9 (VIOLATED)
_5340_/Y                                 10     19     -9 (VIOLATED)
_5361_/Y                                 10     19     -9 (VIOLATED)
_5371_/Y                                 10     19     -9 (VIOLATED)
_5382_/Y                                 10     19     -9 (VIOLATED)
_5404_/Y                                 10     19     -9 (VIOLATED)
_5416_/X                                 10     19     -9 (VIOLATED)
_5426_/X                                 10     19     -9 (VIOLATED)
_5436_/X                                 10     19     -9 (VIOLATED)
_5448_/Y                                 10     19     -9 (VIOLATED)
_5459_/Y                                 10     19     -9 (VIOLATED)
_5469_/X                                 10     19     -9 (VIOLATED)
_5479_/X                                 10     19     -9 (VIOLATED)
_5490_/Y                                 10     19     -9 (VIOLATED)
_5500_/Y                                 10     19     -9 (VIOLATED)
_5520_/Y                                 10     19     -9 (VIOLATED)
_5530_/Y                                 10     19     -9 (VIOLATED)
_5540_/X                                 10     19     -9 (VIOLATED)
_5550_/Y                                 10     19     -9 (VIOLATED)
_5570_/Y                                 10     19     -9 (VIOLATED)
_5580_/Y                                 10     19     -9 (VIOLATED)
_5590_/Y                                 10     19     -9 (VIOLATED)
_5600_/X                                 10     19     -9 (VIOLATED)
_5620_/Y                                 10     19     -9 (VIOLATED)
_5630_/Y                                 10     19     -9 (VIOLATED)
_5640_/Y                                 10     19     -9 (VIOLATED)
_5652_/X                                 10     19     -9 (VIOLATED)
_5662_/Y                                 10     19     -9 (VIOLATED)
_6233_/Q                                 10     19     -9 (VIOLATED)
_6234_/Q                                 10     19     -9 (VIOLATED)
_6268_/Q                                 10     19     -9 (VIOLATED)
_6270_/Q                                 10     19     -9 (VIOLATED)
_6271_/Q                                 10     19     -9 (VIOLATED)
_6290_/Q                                 10     19     -9 (VIOLATED)
_6296_/Q                                 10     19     -9 (VIOLATED)
_6325_/Q                                 10     19     -9 (VIOLATED)
clkbuf_3_3_0_wb_clk_i_regs/X             10     19     -9 (VIOLATED)
clkbuf_3_4_0_wb_clk_i_regs/X             10     19     -9 (VIOLATED)
fanout131/X                              10     19     -9 (VIOLATED)
fanout138/X                              10     19     -9 (VIOLATED)
fanout140/X                              10     19     -9 (VIOLATED)
fanout214/X                              10     19     -9 (VIOLATED)
fanout230/X                              10     19     -9 (VIOLATED)
fanout234/X                              10     19     -9 (VIOLATED)
fanout253/X                              10     19     -9 (VIOLATED)
fanout257/X                              10     19     -9 (VIOLATED)
fanout259/X                              10     19     -9 (VIOLATED)
fanout263/X                              10     19     -9 (VIOLATED)
fanout265/X                              10     19     -9 (VIOLATED)
fanout267/X                              10     19     -9 (VIOLATED)
fanout345/X                              10     19     -9 (VIOLATED)
hold10/X                                 10     19     -9 (VIOLATED)
hold110/X                                10     19     -9 (VIOLATED)
clkbuf_leaf_20_wb_clk_i_regs/X           10     18     -8 (VIOLATED)
clkbuf_leaf_2_wb_clk_i_regs/X            10     18     -8 (VIOLATED)
clkbuf_leaf_3_wb_clk_i_regs/X            10     18     -8 (VIOLATED)
clkbuf_leaf_61_wb_clk_i_regs/X           10     18     -8 (VIOLATED)
clkbuf_leaf_68_wb_clk_i_regs/X           10     18     -8 (VIOLATED)
fanout370/X                              10     18     -8 (VIOLATED)
_3472_/X                                 10     17     -7 (VIOLATED)
_3476_/Y                                 10     17     -7 (VIOLATED)
_3861_/X                                 10     17     -7 (VIOLATED)
_3891_/X                                 10     17     -7 (VIOLATED)
_4282_/X                                 10     17     -7 (VIOLATED)
_4355_/X                                 10     17     -7 (VIOLATED)
_4405_/Y                                 10     17     -7 (VIOLATED)
_6237_/Q                                 10     17     -7 (VIOLATED)
_6238_/Q                                 10     17     -7 (VIOLATED)
_6252_/Q                                 10     17     -7 (VIOLATED)
_6253_/Q                                 10     17     -7 (VIOLATED)
_6255_/Q                                 10     17     -7 (VIOLATED)
_6257_/Q                                 10     17     -7 (VIOLATED)
_6286_/Q                                 10     17     -7 (VIOLATED)
_6874_/Q                                 10     17     -7 (VIOLATED)
_6876_/Q                                 10     17     -7 (VIOLATED)
clkbuf_0_wb_clk_i_regs/X                 10     17     -7 (VIOLATED)
clkbuf_3_6_0_wb_clk_i_regs/X             10     17     -7 (VIOLATED)
clkbuf_leaf_14_wb_clk_i_regs/X           10     17     -7 (VIOLATED)
clkbuf_leaf_15_wb_clk_i_regs/X           10     17     -7 (VIOLATED)
fanout127/X                              10     17     -7 (VIOLATED)
fanout129/X                              10     17     -7 (VIOLATED)
fanout133/X                              10     17     -7 (VIOLATED)
fanout136/X                              10     17     -7 (VIOLATED)
fanout142/X                              10     17     -7 (VIOLATED)
fanout150/X                              10     17     -7 (VIOLATED)
fanout161/X                              10     17     -7 (VIOLATED)
fanout167/X                              10     17     -7 (VIOLATED)
fanout177/X                              10     17     -7 (VIOLATED)
fanout206/X                              10     17     -7 (VIOLATED)
fanout261/X                              10     17     -7 (VIOLATED)
fanout381/X                              10     17     -7 (VIOLATED)
fanout386/X                              10     17     -7 (VIOLATED)
hold103/X                                10     17     -7 (VIOLATED)
hold95/X                                 10     17     -7 (VIOLATED)
clkbuf_leaf_11_wb_clk_i_regs/X           10     16     -6 (VIOLATED)
clkbuf_leaf_26_wb_clk_i_regs/X           10     16     -6 (VIOLATED)
clkbuf_leaf_66_wb_clk_i_regs/X           10     16     -6 (VIOLATED)
_3548_/X                                 10     15     -5 (VIOLATED)
_4128_/X                                 10     15     -5 (VIOLATED)
_4144_/X                                 10     15     -5 (VIOLATED)
_4145_/Y                                 10     15     -5 (VIOLATED)
_4808_/Y                                 10     15     -5 (VIOLATED)
_5016_/X                                 10     15     -5 (VIOLATED)
_6235_/Q                                 10     15     -5 (VIOLATED)
_6240_/Q                                 10     15     -5 (VIOLATED)
_6241_/Q                                 10     15     -5 (VIOLATED)
_6247_/Q                                 10     15     -5 (VIOLATED)
clkbuf_leaf_16_wb_clk_i_regs/X           10     15     -5 (VIOLATED)
clkbuf_leaf_62_wb_clk_i_regs/X           10     15     -5 (VIOLATED)
fanout125/X                              10     15     -5 (VIOLATED)
fanout173/X                              10     15     -5 (VIOLATED)
fanout190/X                              10     15     -5 (VIOLATED)
fanout210/X                              10     15     -5 (VIOLATED)
fanout236/X                              10     15     -5 (VIOLATED)
fanout237/X                              10     15     -5 (VIOLATED)
fanout301/X                              10     15     -5 (VIOLATED)
fanout363/X                              10     15     -5 (VIOLATED)
fanout364/X                              10     15     -5 (VIOLATED)
fanout396/X                              10     15     -5 (VIOLATED)
hold36/X                                 10     15     -5 (VIOLATED)
hold40/X                                 10     15     -5 (VIOLATED)
clkbuf_leaf_34_wb_clk_i_regs/X           10     14     -4 (VIOLATED)
clkbuf_leaf_49_wb_clk_i_regs/X           10     14     -4 (VIOLATED)
fanout351/X                              10     14     -4 (VIOLATED)
_3091_/Y                                 10     13     -3 (VIOLATED)
_3107_/Y                                 10     13     -3 (VIOLATED)
_3111_/Y                                 10     13     -3 (VIOLATED)
_3408_/Y                                 10     13     -3 (VIOLATED)
_3425_/X                                 10     13     -3 (VIOLATED)
_3609_/X                                 10     13     -3 (VIOLATED)
_4292_/X                                 10     13     -3 (VIOLATED)
_5121_/X                                 10     13     -3 (VIOLATED)
_6236_/Q                                 10     13     -3 (VIOLATED)
_6239_/Q                                 10     13     -3 (VIOLATED)
_6254_/Q                                 10     13     -3 (VIOLATED)
_6258_/Q                                 10     13     -3 (VIOLATED)
_6262_/Q                                 10     13     -3 (VIOLATED)
_6675_/Q                                 10     13     -3 (VIOLATED)
_6714_/Q                                 10     13     -3 (VIOLATED)
clkbuf_3_7_0_wb_clk_i_regs/X             10     13     -3 (VIOLATED)
clkbuf_leaf_10_wb_clk_i_regs/X           10     13     -3 (VIOLATED)
clkbuf_leaf_19_wb_clk_i_regs/X           10     13     -3 (VIOLATED)
clkbuf_leaf_46_wb_clk_i_regs/X           10     13     -3 (VIOLATED)
clkbuf_leaf_64_wb_clk_i_regs/X           10     13     -3 (VIOLATED)
fanout114/X                              10     13     -3 (VIOLATED)
fanout121/X                              10     13     -3 (VIOLATED)
fanout160/X                              10     13     -3 (VIOLATED)
fanout175/X                              10     13     -3 (VIOLATED)
fanout212/X                              10     13     -3 (VIOLATED)
fanout225/X                              10     13     -3 (VIOLATED)
fanout228/X                              10     13     -3 (VIOLATED)
fanout298/X                              10     13     -3 (VIOLATED)
fanout354/X                              10     13     -3 (VIOLATED)
fanout359/X                              10     13     -3 (VIOLATED)
fanout405/X                              10     13     -3 (VIOLATED)
fanout420/X                              10     13     -3 (VIOLATED)
input72/X                                10     13     -3 (VIOLATED)
clkbuf_leaf_0_wb_clk_i_regs/X            10     12     -2 (VIOLATED)
clkbuf_leaf_23_wb_clk_i_regs/X           10     12     -2 (VIOLATED)
clkbuf_leaf_28_wb_clk_i_regs/X           10     12     -2 (VIOLATED)
clkbuf_leaf_33_wb_clk_i_regs/X           10     12     -2 (VIOLATED)
clkbuf_leaf_59_wb_clk_i_regs/X           10     12     -2 (VIOLATED)
input35/X                                10     12     -2 (VIOLATED)
input73/X                                10     12     -2 (VIOLATED)
_3099_/Y                                 10     11        (VIOLATED)
_3102_/Y                                 10     11        (VIOLATED)
_3115_/Y                                 10     11        (VIOLATED)
_3298_/X                                 10     11        (VIOLATED)
_3299_/Y                                 10     11        (VIOLATED)
_3314_/Y                                 10     11        (VIOLATED)
_4433_/Y                                 10     11        (VIOLATED)
_4814_/X                                 10     11        (VIOLATED)
_6690_/Q                                 10     11        (VIOLATED)
_6873_/Q                                 10     11        (VIOLATED)
_6888_/Q                                 10     11        (VIOLATED)
clkbuf_leaf_13_wb_clk_i_regs/X           10     11        (VIOLATED)
clkbuf_leaf_17_wb_clk_i_regs/X           10     11        (VIOLATED)
clkbuf_leaf_1_wb_clk_i_regs/X            10     11        (VIOLATED)
clkbuf_leaf_25_wb_clk_i_regs/X           10     11        (VIOLATED)
clkbuf_leaf_4_wb_clk_i_regs/X            10     11        (VIOLATED)
clkbuf_leaf_55_wb_clk_i_regs/X           10     11        (VIOLATED)
clkbuf_leaf_56_wb_clk_i_regs/X           10     11        (VIOLATED)
clkbuf_leaf_57_wb_clk_i_regs/X           10     11        (VIOLATED)
clkbuf_leaf_9_wb_clk_i_regs/X            10     11        (VIOLATED)
fanout179/X                              10     11        (VIOLATED)
fanout184/X                              10     11        (VIOLATED)
fanout204/X                              10     11        (VIOLATED)
fanout221/X                              10     11        (VIOLATED)
fanout223/X                              10     11        (VIOLATED)
fanout233/X                              10     11        (VIOLATED)
fanout241/X                              10     11        (VIOLATED)
fanout243/X                              10     11        (VIOLATED)
fanout269/X                              10     11        (VIOLATED)
fanout271/X                              10     11        (VIOLATED)
fanout282/X                              10     11        (VIOLATED)
fanout293/X                              10     11        (VIOLATED)
fanout306/X                              10     11        (VIOLATED)
fanout327/X                              10     11        (VIOLATED)
fanout353/X                              10     11        (VIOLATED)
fanout378/X                              10     11        (VIOLATED)
fanout406/X                              10     11        (VIOLATED)
fanout421/X                              10     11        (VIOLATED)
fanout438/X                              10     11        (VIOLATED)
input13/X                                10     11        (VIOLATED)
max_cap148/X                             10     11        (VIOLATED)



===========================================================================
report_parasitic_annotation -report_unannotated
============================================================================
Found 68 unannotated drivers.
 clkload0/Y
 clkload1/Y
 clkload10/X
 clkload11/Y
 clkload12/Y
 clkload13/Y
 clkload14/Y
 clkload15/Y
 clkload16/Y
 clkload17/Y
 clkload18/X
 clkload19/Y
 clkload2/Y
 clkload20/Y
 clkload21/Y
 clkload22/Y
 clkload23/Y
 clkload24/Y
 clkload25/Y
 clkload26/Y
 clkload27/Y
 clkload28/Y
 clkload29/Y
 clkload3/Y
 clkload30/Y
 clkload31/X
 clkload32/Y
 clkload33/Y
 clkload34/Y
 clkload35/Y
 clkload36/Y
 clkload37/X
 clkload38/Y
 clkload39/Y
 clkload4/Y
 clkload40/Y
 clkload41/Y
 clkload42/Y
 clkload43/Y
 clkload44/Y
 clkload45/Y
 clkload46/Y
 clkload47/Y
 clkload48/Y
 clkload49/Y
 clkload5/Y
 clkload50/Y
 clkload51/Y
 clkload52/Y
 clkload53/Y
 clkload54/Y
 clkload55/Y
 clkload56/Y
 clkload57/Y
 clkload58/Y
 clkload59/Y
 clkload6/Y
 clkload60/Y
 clkload61/X
 clkload62/Y
 clkload63/X
 clkload64/Y
 clkload65/Y
 clkload66/Y
 clkload7/Y
 clkload8/Y
 clkload9/X
 user_project_439/HI
Found 0 partially unannotated drivers.

===========================================================================
max slew violation count 192
max fanout violation count 383
max cap violation count 0
============================================================================

===========================================================================
check_setup -verbose -unconstrained_endpoints -multiple_clock -no_clock -no_input_delay -loops -generated_clocks
===========================================================================
Warning: There is 1 input port missing set_input_delay.
  uart_rx
Warning: There are 4 unconstrained endpoints.
  pwm_out
  uart_tx
  user_irq[2]
  _6837_/D
