Clock: clk
Sources: wb_clk_i 
Generated: no
Virtual: yes
Propagated: no
Period: 25.000000

===========================================================================
report_clock_properties
============================================================================
Clock                   Period          Waveform
----------------------------------------------------
clk                  25.000000    0.000000 12.500000

===========================================================================
report_clock_latency
============================================================================
Clock clk
rise -> rise
    min     max
4.650000 5.570000 source latency
5.546781         network latency mprj/_6645_/CLK
        6.572814 network latency mprj/_6185_/CLK
---------------
10.196780 12.142814 latency
        1.946033 skew

fall -> fall
    min     max
4.650000 5.570000 source latency
5.622025         network latency mprj/_6645_/CLK
        6.612339 network latency mprj/_6185_/CLK
---------------
10.272025 12.182339 latency
        1.910314 skew



===========================================================================
report_clock_min_period
============================================================================
clk period_min = 7.95 fmax = 125.78
