
===========================================================================
 report_power
============================================================================
======================= min_tt_025C_1v80 Corner ===================================

Group                    Internal    Switching      Leakage        Total
                            Power        Power        Power        Power (Watts)
------------------------------------------------------------------------
Sequential           1.213918e-03 1.305198e-07 8.461151e-09 1.214057e-03  51.2%
Combinational        4.957971e-05 1.477580e-04 1.961036e-08 1.973574e-04   8.3%
Clock                3.566835e-04 6.032674e-04 2.325332e-08 9.599742e-04  40.5%
Macro                0.000000e+00 0.000000e+00 0.000000e+00 0.000000e+00   0.0%
Pad                  0.000000e+00 0.000000e+00 0.000000e+00 0.000000e+00   0.0%
------------------------------------------------------------------------
Total                1.620180e-03 7.511560e-04 5.132555e-08 2.371387e-03 100.0%
                            68.3%        31.7%         0.0%

