
===========================================================================
report_checks -unconstrained
===========================================================================
======================= max_ss_100C_1v60 Corner ===================================

Startpoint: wb_rst_i (input port clocked by clk)
Endpoint: _6332_ (recovery check against rising-edge clock clk)
Path Group: asynchronous
Path Type: max

Fanout         Cap        Slew       Delay        Time   Description
---------------------------------------------------------------------------------------------
                                  0.000000    0.000000   clock clk (rise edge)
                                  5.570000    5.570000   clock network delay (propagated)
                                 12.500000   18.070000 v input external delay
     2    0.004188    0.000000    0.000000   18.070000 v wb_rst_i (in)
                                                         wb_rst_i (net)
                      0.000203    0.000101   18.070101 v input2/A (sky130_fd_sc_hd__buf_4)
     9    0.144748    0.325113    0.422830   18.492929 v input2/X (sky130_fd_sc_hd__buf_4)
                                                         net2 (net)
                      0.327630    0.023764   18.516695 v fanout403/A (sky130_fd_sc_hd__buf_2)
    11    0.052327    0.238975    0.523656   19.040350 v fanout403/X (sky130_fd_sc_hd__buf_2)
                                                         net403 (net)
                      0.239091    0.004842   19.045193 v fanout402/A (sky130_fd_sc_hd__buf_2)
    11    0.064887    0.284233    0.518426   19.563620 v fanout402/X (sky130_fd_sc_hd__buf_2)
                                                         net402 (net)
                      0.284859    0.010004   19.573624 v fanout391/A (sky130_fd_sc_hd__buf_2)
    11    0.062010    0.274421    0.529237   20.102859 v fanout391/X (sky130_fd_sc_hd__buf_2)
                                                         net391 (net)
                      0.274476    0.004023   20.106884 v fanout388/A (sky130_fd_sc_hd__buf_2)
     5    0.034093    0.165577    0.440370   20.547253 v fanout388/X (sky130_fd_sc_hd__buf_2)
                                                         net388 (net)
                      0.165578    0.000894   20.548147 v fanout387/A (sky130_fd_sc_hd__buf_4)
     9    0.059004    0.153196    0.387862   20.936008 v fanout387/X (sky130_fd_sc_hd__buf_4)
                                                         net387 (net)
                      0.153230    0.002466   20.938475 v fanout386/A (sky130_fd_sc_hd__buf_4)
    10    0.059271    0.152398    0.384508   21.322983 v fanout386/X (sky130_fd_sc_hd__buf_4)
                                                         net386 (net)
                      0.152553    0.004412   21.327396 v _5805_/A (sky130_fd_sc_hd__inv_2)
     1    0.004193    0.059011    0.105810   21.433207 ^ _5805_/Y (sky130_fd_sc_hd__inv_2)
                                                         _0181_ (net)
                      0.059011    0.000226   21.433432 ^ _6332_/RESET_B (sky130_fd_sc_hd__dfrtp_1)
                                             21.433432   data arrival time

                                 25.000000   25.000000   clock clk (rise edge)
                                  4.650000   29.650000   clock source latency
     4    0.082959    0.610000    0.000000   29.650000 ^ wb_clk_i (in)
                                                         wb_clk_i (net)
                      0.620676    0.005338   29.655336 ^ clkbuf_regs_0_clk/A (sky130_fd_sc_hd__clkbuf_16)
     1    0.009010    0.061982    0.436849   30.092186 ^ clkbuf_regs_0_clk/X (sky130_fd_sc_hd__clkbuf_16)
                                                         wb_clk_i_regs (net)
                      0.061984    0.000693   30.092878 ^ clkbuf_0_wb_clk_i_regs/A (sky130_fd_sc_hd__clkbuf_16)
    17    0.146907    0.243854    0.357158   30.450037 ^ clkbuf_0_wb_clk_i_regs/X (sky130_fd_sc_hd__clkbuf_16)
                                                         clknet_0_wb_clk_i_regs (net)
                      0.245103    0.014122   30.464159 ^ clkbuf_3_4_0_wb_clk_i_regs/A (sky130_fd_sc_hd__clkbuf_8)
    21    0.112347    0.307074    0.486885   30.951044 ^ clkbuf_3_4_0_wb_clk_i_regs/X (sky130_fd_sc_hd__clkbuf_8)
                                                         clknet_3_4_0_wb_clk_i_regs (net)
                      0.307820    0.011461   30.962505 ^ clkbuf_leaf_52_wb_clk_i_regs/A (sky130_fd_sc_hd__clkbuf_8)
    18    0.056852    0.171549    0.413991   31.376495 ^ clkbuf_leaf_52_wb_clk_i_regs/X (sky130_fd_sc_hd__clkbuf_8)
                                                         clknet_leaf_52_wb_clk_i_regs (net)
                      0.171578    0.002260   31.378756 ^ _6332_/CLK (sky130_fd_sc_hd__dfrtp_1)
                                 -0.250000   31.128754   clock uncertainty
                                  0.000000   31.128754   clock reconvergence pessimism
                                  0.500447   31.629200   library recovery time
                                             31.629200   data required time
---------------------------------------------------------------------------------------------
                                             31.629200   data required time
                                            -21.433432   data arrival time
---------------------------------------------------------------------------------------------
                                             10.195768   slack (MET)


Startpoint: wbs_adr_i[0] (input port clocked by clk)
Endpoint: wbs_dat_o[1] (output port clocked by clk)
Path Group: clk
Path Type: max

Fanout         Cap        Slew       Delay        Time   Description
---------------------------------------------------------------------------------------------
                                  0.000000    0.000000   clock clk (rise edge)
                                  5.570000    5.570000   clock network delay (propagated)
                                  3.890000    9.460000 v input external delay
     2    0.003720    0.920000    0.000000    9.460000 v wbs_adr_i[0] (in)
                                                         wbs_adr_i[0] (net)
                      0.920167    0.000083    9.460084 v hold243/A (sky130_fd_sc_hd__dlygate4sd3_1)
     1    0.001945    0.099235    1.491904   10.951987 v hold243/X (sky130_fd_sc_hd__dlygate4sd3_1)
                                                         net718 (net)
                      0.099235    0.000088   10.952075 v hold45/A (sky130_fd_sc_hd__dlygate4sd3_1)
     1    0.002848    0.105956    1.137837   12.089912 v hold45/X (sky130_fd_sc_hd__dlygate4sd3_1)
                                                         net520 (net)
                      0.105956    0.000197   12.090110 v input3/A (sky130_fd_sc_hd__buf_4)
     9    0.098897    0.230428    0.411153   12.501263 v input3/X (sky130_fd_sc_hd__buf_4)
                                                         net3 (net)
                      0.234891    0.025572   12.526834 v hold46/A (sky130_fd_sc_hd__dlygate4sd3_1)
     7    0.045801    0.457620    1.572888   14.099723 v hold46/X (sky130_fd_sc_hd__dlygate4sd3_1)
                                                         net521 (net)
                      0.457870    0.009899   14.109621 v _3949_/B (sky130_fd_sc_hd__or4b_4)
     3    0.021735    0.212500    1.264042   15.373664 v _3949_/X (sky130_fd_sc_hd__or4b_4)
                                                         _1951_ (net)
                      0.212505    0.001362   15.375026 v hold47/A (sky130_fd_sc_hd__dlygate4sd3_1)
     9    0.043612    0.440239    1.550413   16.925440 v hold47/X (sky130_fd_sc_hd__dlygate4sd3_1)
                                                         net522 (net)
                      0.440247    0.002657   16.928097 v _4263_/A (sky130_fd_sc_hd__or2_2)
    11    0.035276    0.256433    1.009598   17.937695 v _4263_/X (sky130_fd_sc_hd__or2_2)
                                                         _2127_ (net)
                      0.256433    0.000913   17.938608 v hold48/A (sky130_fd_sc_hd__dlygate4sd3_1)
     1    0.003426    0.112324    1.224278   19.162886 v hold48/X (sky130_fd_sc_hd__dlygate4sd3_1)
                                                         net523 (net)
                      0.112324    0.000236   19.163122 v fanout180/A (sky130_fd_sc_hd__clkbuf_4)
    21    0.073151    0.262727    0.439405   19.602526 v fanout180/X (sky130_fd_sc_hd__clkbuf_4)
                                                         net180 (net)
                      0.262885    0.005926   19.608452 v _4886_/A2 (sky130_fd_sc_hd__o221a_1)
     1    0.003366    0.097601    0.529459   20.137911 v _4886_/X (sky130_fd_sc_hd__o221a_1)
                                                         _2617_ (net)
                      0.097601    0.000218   20.138130 v _4887_/C1 (sky130_fd_sc_hd__o221a_1)
     1    0.003821    0.102965    0.239204   20.377335 v _4887_/X (sky130_fd_sc_hd__o221a_1)
                                                         _2618_ (net)
                      0.102965    0.000163   20.377497 v _4888_/C1 (sky130_fd_sc_hd__a221o_1)
     1    0.019984    0.239514    0.668672   21.046169 v _4888_/X (sky130_fd_sc_hd__a221o_1)
                                                         _2619_ (net)
                      0.239540    0.002620   21.048790 v _4890_/B1 (sky130_fd_sc_hd__a221o_1)
     1    0.011236    0.174243    0.697701   21.746492 v _4890_/X (sky130_fd_sc_hd__a221o_1)
                                                         _2621_ (net)
                      0.174245    0.000814   21.747305 v _4891_/B2 (sky130_fd_sc_hd__a221o_1)
     1    0.002766    0.091175    0.626377   22.373682 v _4891_/X (sky130_fd_sc_hd__a221o_1)
                                                         _2622_ (net)
                      0.091178    0.000197   22.373878 v _4892_/B1 (sky130_fd_sc_hd__o211a_1)
     1    0.008680    0.122496    0.286530   22.660410 v _4892_/X (sky130_fd_sc_hd__o211a_1)
                                                         _2623_ (net)
                      0.122498    0.000737   22.661146 v _4893_/B1 (sky130_fd_sc_hd__a211o_1)
     1    0.004500    0.102714    0.538650   23.199797 v _4893_/X (sky130_fd_sc_hd__a211o_1)
                                                         _2624_ (net)
                      0.102714    0.000270   23.200066 v _4894_/C1 (sky130_fd_sc_hd__o211a_1)
     1    0.006385    0.102683    0.245242   23.445309 v _4894_/X (sky130_fd_sc_hd__o211a_1)
                                                         _2625_ (net)
                      0.102683    0.000483   23.445791 v _4895_/D1 (sky130_fd_sc_hd__a2111o_4)
     3    0.048852    0.230098    0.836566   24.282358 v _4895_/X (sky130_fd_sc_hd__a2111o_4)
                                                         net90 (net)
                      0.230228    0.005034   24.287392 v output90/A (sky130_fd_sc_hd__buf_12)
     1    0.191155    0.176259    0.414760   24.702152 v output90/X (sky130_fd_sc_hd__buf_12)
                                                         wbs_dat_o[1] (net)
                      0.176887    0.009070   24.711222 v wbs_dat_o[1] (out)
                                             24.711222   data arrival time

                                 25.000000   25.000000   clock clk (rise edge)
                                  4.650000   29.650000   clock network delay (propagated)
                                 -0.250000   29.400000   clock uncertainty
                                  0.000000   29.400000   clock reconvergence pessimism
                                 -3.620000   25.779999   output external delay
                                             25.779999   data required time
---------------------------------------------------------------------------------------------
                                             25.779999   data required time
                                            -24.711222   data arrival time
---------------------------------------------------------------------------------------------
                                              1.068777   slack (MET)




===========================================================================
report_checks --slack_max -0.01
============================================================================
======================= max_ss_100C_1v60 Corner ===================================

No paths found.


===========================================================================
 report_check_types -max_slew -max_cap -max_fanout -violators
============================================================================
======================= max_ss_100C_1v60 Corner ===================================

max slew

Pin                                        Limit        Slew       Slack
------------------------------------------------------------------------
_3955_/A0                               0.750000    1.344574   -0.594574 (VIOLATED)
ANTENNA__3955__A0/DIODE                 0.750000    1.344573   -0.594573 (VIOLATED)
_4740_/A0                               0.750000    1.344498   -0.594498 (VIOLATED)
ANTENNA__4740__A0/DIODE                 0.750000    1.344496   -0.594496 (VIOLATED)
_4265_/A1                               0.750000    1.344487   -0.594487 (VIOLATED)
ANTENNA__4294__A1/DIODE                 0.750000    1.344486   -0.594486 (VIOLATED)
_4294_/A1                               0.750000    1.344486   -0.594486 (VIOLATED)
ANTENNA__4265__A1/DIODE                 0.750000    1.344483   -0.594483 (VIOLATED)
ANTENNA__4163__A0/DIODE                 0.750000    1.344477   -0.594477 (VIOLATED)
_4163_/A0                               0.750000    1.344478   -0.594478 (VIOLATED)
ANTENNA__4200__A0/DIODE                 0.750000    1.344463   -0.594463 (VIOLATED)
ANTENNA__4246__A0/DIODE                 0.750000    1.344463   -0.594463 (VIOLATED)
ANTENNA_hold76_X/DIODE                  0.750000    1.344463   -0.594463 (VIOLATED)
_4200_/A0                               0.750000    1.344463   -0.594463 (VIOLATED)
_4246_/A0                               0.750000    1.344463   -0.594463 (VIOLATED)
hold76/X                                0.750000    1.344463   -0.594463 (VIOLATED)
ANTENNA__3956__A0/DIODE                 0.750000    1.250600   -0.500600 (VIOLATED)
_3956_/A0                               0.750000    1.250600   -0.500600 (VIOLATED)
_4295_/A1                               0.750000    1.250567   -0.500567 (VIOLATED)
ANTENNA__4295__A1/DIODE                 0.750000    1.250566   -0.500566 (VIOLATED)
_4266_/A1                               0.750000    1.250564   -0.500564 (VIOLATED)
ANTENNA__4266__A1/DIODE                 0.750000    1.250563   -0.500563 (VIOLATED)
ANTENNA__4741__A0/DIODE                 0.750000    1.250498   -0.500498 (VIOLATED)
_4741_/A0                               0.750000    1.250498   -0.500498 (VIOLATED)
_4164_/A0                               0.750000    1.250498   -0.500498 (VIOLATED)
ANTENNA__4164__A0/DIODE                 0.750000    1.250497   -0.500497 (VIOLATED)
ANTENNA__4201__A0/DIODE                 0.750000    1.250496   -0.500496 (VIOLATED)
ANTENNA__4247__A0/DIODE                 0.750000    1.250496   -0.500496 (VIOLATED)
ANTENNA_hold58_X/DIODE                  0.750000    1.250496   -0.500496 (VIOLATED)
_4201_/A0                               0.750000    1.250496   -0.500496 (VIOLATED)
_4247_/A0                               0.750000    1.250496   -0.500496 (VIOLATED)
hold58/X                                0.750000    1.250496   -0.500496 (VIOLATED)
fanout355/A                             0.750000    1.149559   -0.399559 (VIOLATED)
ANTENNA_fanout355_A/DIODE               0.750000    1.149559   -0.399559 (VIOLATED)
fanout357/A                             0.750000    1.149515   -0.399515 (VIOLATED)
ANTENNA_fanout357_A/DIODE               0.750000    1.149514   -0.399514 (VIOLATED)
ANTENNA_hold158_X/DIODE                 0.750000    1.149482   -0.399482 (VIOLATED)
hold158/X                               0.750000    1.149478   -0.399478 (VIOLATED)
_5197_/A2                               0.750000    1.104471   -0.354471 (VIOLATED)
ANTENNA__5197__A2/DIODE                 0.750000    1.104471   -0.354471 (VIOLATED)
_5181_/A2                               0.750000    1.104470   -0.354470 (VIOLATED)
ANTENNA__5181__A2/DIODE                 0.750000    1.104469   -0.354469 (VIOLATED)
fanout269/A                             0.750000    1.104458   -0.354458 (VIOLATED)
ANTENNA_fanout269_A/DIODE               0.750000    1.104457   -0.354457 (VIOLATED)
_4996_/B2                               0.750000    1.104452   -0.354452 (VIOLATED)
ANTENNA__4996__B2/DIODE                 0.750000    1.104451   -0.354451 (VIOLATED)
ANTENNA__3125__Y/DIODE                  0.750000    1.104448   -0.354448 (VIOLATED)
_3125_/Y                                0.750000    1.104438   -0.354438 (VIOLATED)
_4976_/C1                               0.750000    1.061378   -0.311378 (VIOLATED)
ANTENNA__4976__C1/DIODE                 0.750000    1.061377   -0.311377 (VIOLATED)
_5108_/C1                               0.750000    1.061368   -0.311368 (VIOLATED)
ANTENNA__5108__C1/DIODE                 0.750000    1.061365   -0.311365 (VIOLATED)
ANTENNA__3351__Y/DIODE                  0.750000    1.061358   -0.311359 (VIOLATED)
ANTENNA__5121__A_N/DIODE                0.750000    1.061358   -0.311358 (VIOLATED)
_5121_/A_N                              0.750000    1.061358   -0.311358 (VIOLATED)
_3351_/Y                                0.750000    1.061354   -0.311354 (VIOLATED)
_4140_/Y                                0.750000    0.970096   -0.220096 (VIOLATED)
_4141_/A1                               0.750000    0.970096   -0.220096 (VIOLATED)
_4433_/A                                0.750000    0.970096   -0.220096 (VIOLATED)
_4434_/A                                0.750000    0.970096   -0.220096 (VIOLATED)
max_cap148/A                            0.750000    0.970096   -0.220096 (VIOLATED)
_4038_/A                                0.750000    0.934483   -0.184483 (VIOLATED)
ANTENNA__4038__A/DIODE                  0.750000    0.934481   -0.184481 (VIOLATED)
_4023_/A2                               0.750000    0.934452   -0.184452 (VIOLATED)
ANTENNA__4023__A2/DIODE                 0.750000    0.934451   -0.184451 (VIOLATED)
_3984_/C1                               0.750000    0.934436   -0.184436 (VIOLATED)
_3986_/A                                0.750000    0.934436   -0.184436 (VIOLATED)
ANTENNA__3986__A/DIODE                  0.750000    0.934430   -0.184430 (VIOLATED)
ANTENNA__3984__C1/DIODE                 0.750000    0.934429   -0.184429 (VIOLATED)
_3972_/A1                               0.750000    0.934423   -0.184423 (VIOLATED)
ANTENNA__3972__A1/DIODE                 0.750000    0.934414   -0.184414 (VIOLATED)
_4027_/A2                               0.750000    0.934404   -0.184404 (VIOLATED)
ANTENNA__4027__A2/DIODE                 0.750000    0.934396   -0.184396 (VIOLATED)
_4025_/A2                               0.750000    0.934376   -0.184376 (VIOLATED)
ANTENNA__4025__A2/DIODE                 0.750000    0.934371   -0.184371 (VIOLATED)
ANTENNA__3547__B/DIODE                  0.750000    0.934176   -0.184176 (VIOLATED)
_3547_/B                                0.750000    0.934177   -0.184177 (VIOLATED)
ANTENNA__3546__Y/DIODE                  0.750000    0.934148   -0.184148 (VIOLATED)
_4794_/B1_N                             0.750000    0.934137   -0.184137 (VIOLATED)
ANTENNA__4794__B1_N/DIODE               0.750000    0.934137   -0.184137 (VIOLATED)
_3546_/Y                                0.750000    0.934128   -0.184128 (VIOLATED)
input23/A                               0.750000    0.920438   -0.170438 (VIOLATED)
ANTENNA_input27_A/DIODE                 0.750000    0.920376   -0.170376 (VIOLATED)
ANTENNA_hold152_A/DIODE                 0.750000    0.920368   -0.170368 (VIOLATED)
ANTENNA_hold131_A/DIODE                 0.750000    0.920355   -0.170355 (VIOLATED)
hold124/A                               0.750000    0.920338   -0.170338 (VIOLATED)
input27/A                               0.750000    0.920331   -0.170331 (VIOLATED)
ANTENNA_input24_A/DIODE                 0.750000    0.920323   -0.170323 (VIOLATED)
ANTENNA_hold149_A/DIODE                 0.750000    0.920321   -0.170321 (VIOLATED)
ANTENNA_input23_A/DIODE                 0.750000    0.920289   -0.170289 (VIOLATED)
input15/A                               0.750000    0.920289   -0.170289 (VIOLATED)
hold152/A                               0.750000    0.920282   -0.170282 (VIOLATED)
input24/A                               0.750000    0.920276   -0.170276 (VIOLATED)
input19/A                               0.750000    0.920271   -0.170271 (VIOLATED)
ANTENNA_input15_A/DIODE                 0.750000    0.920257   -0.170257 (VIOLATED)
ANTENNA_hold11_A/DIODE                  0.750000    0.920256   -0.170256 (VIOLATED)
ANTENNA_hold154_A/DIODE                 0.750000    0.920252   -0.170252 (VIOLATED)
hold149/A                               0.750000    0.920242   -0.170242 (VIOLATED)
hold154/A                               0.750000    0.920241   -0.170241 (VIOLATED)
hold131/A                               0.750000    0.920229   -0.170229 (VIOLATED)
input7/A                                0.750000    0.920225   -0.170225 (VIOLATED)
input22/A                               0.750000    0.920225   -0.170225 (VIOLATED)
ANTENNA_input19_A/DIODE                 0.750000    0.920220   -0.170221 (VIOLATED)
input30/A                               0.750000    0.920218   -0.170218 (VIOLATED)
ANTENNA_hold124_A/DIODE                 0.750000    0.920218   -0.170218 (VIOLATED)
hold11/A                                0.750000    0.920209   -0.170210 (VIOLATED)
input20/A                               0.750000    0.920208   -0.170208 (VIOLATED)
ANTENNA_input7_A/DIODE                  0.750000    0.920207   -0.170207 (VIOLATED)
hold292/A                               0.750000    0.920205   -0.170205 (VIOLATED)
input8/A                                0.750000    0.920204   -0.170204 (VIOLATED)
ANTENNA_input26_A/DIODE                 0.750000    0.920196   -0.170196 (VIOLATED)
input26/A                               0.750000    0.920195   -0.170195 (VIOLATED)
input17/A                               0.750000    0.920194   -0.170194 (VIOLATED)
ANTENNA_input18_A/DIODE                 0.750000    0.920191   -0.170191 (VIOLATED)
input18/A                               0.750000    0.920191   -0.170191 (VIOLATED)
ANTENNA_input22_A/DIODE                 0.750000    0.920190   -0.170190 (VIOLATED)
input16/A                               0.750000    0.920188   -0.170188 (VIOLATED)
ANTENNA_input21_A/DIODE                 0.750000    0.920188   -0.170188 (VIOLATED)
input21/A                               0.750000    0.920187   -0.170187 (VIOLATED)
hold69/A                                0.750000    0.920181   -0.170181 (VIOLATED)
hold243/A                               0.750000    0.920177   -0.170177 (VIOLATED)
hold29/A                                0.750000    0.920174   -0.170174 (VIOLATED)
ANTENNA_hold291_A/DIODE                 0.750000    0.920172   -0.170172 (VIOLATED)
ANTENNA_input20_A/DIODE                 0.750000    0.920167   -0.170167 (VIOLATED)
ANTENNA_input30_A/DIODE                 0.750000    0.920163   -0.170163 (VIOLATED)
hold51/A                                0.750000    0.920162   -0.170162 (VIOLATED)
hold84/A                                0.750000    0.920162   -0.170162 (VIOLATED)
hold59/A                                0.750000    0.920162   -0.170162 (VIOLATED)
ANTENNA_input8_A/DIODE                  0.750000    0.920156   -0.170156 (VIOLATED)
ANTENNA_hold69_A/DIODE                  0.750000    0.920155   -0.170155 (VIOLATED)
ANTENNA_hold243_A/DIODE                 0.750000    0.920152   -0.170152 (VIOLATED)
ANTENNA_input17_A/DIODE                 0.750000    0.920152   -0.170152 (VIOLATED)
hold291/A                               0.750000    0.920145   -0.170145 (VIOLATED)
ANTENNA_hold29_A/DIODE                  0.750000    0.920144   -0.170144 (VIOLATED)
ANTENNA_hold51_A/DIODE                  0.750000    0.920136   -0.170136 (VIOLATED)
ANTENNA_hold59_A/DIODE                  0.750000    0.920136   -0.170136 (VIOLATED)
ANTENNA_hold84_A/DIODE                  0.750000    0.920136   -0.170136 (VIOLATED)
hold119/A                               0.750000    0.920134   -0.170134 (VIOLATED)
ANTENNA_input16_A/DIODE                 0.750000    0.920134   -0.170134 (VIOLATED)
hold81/A                                0.750000    0.920131   -0.170131 (VIOLATED)
hold77/A                                0.750000    0.920130   -0.170130 (VIOLATED)
ANTENNA_hold77_A/DIODE                  0.750000    0.920126   -0.170126 (VIOLATED)
ANTENNA_hold292_A/DIODE                 0.750000    0.920124   -0.170124 (VIOLATED)
ANTENNA_hold81_A/DIODE                  0.750000    0.920112   -0.170112 (VIOLATED)
ANTENNA_hold119_A/DIODE                 0.750000    0.920107   -0.170107 (VIOLATED)
wbs_adr_i[0]                            0.750000    0.920000   -0.170000 (VIOLATED)
wbs_adr_i[10]                           0.750000    0.920000   -0.170000 (VIOLATED)
wbs_adr_i[11]                           0.750000    0.920000   -0.170000 (VIOLATED)
wbs_adr_i[12]                           0.750000    0.920000   -0.170000 (VIOLATED)
wbs_adr_i[13]                           0.750000    0.920000   -0.170000 (VIOLATED)
wbs_adr_i[14]                           0.750000    0.920000   -0.170000 (VIOLATED)
wbs_adr_i[15]                           0.750000    0.920000   -0.170000 (VIOLATED)
wbs_adr_i[16]                           0.750000    0.920000   -0.170000 (VIOLATED)
wbs_adr_i[17]                           0.750000    0.920000   -0.170000 (VIOLATED)
wbs_adr_i[18]                           0.750000    0.920000   -0.170000 (VIOLATED)
wbs_adr_i[19]                           0.750000    0.920000   -0.170000 (VIOLATED)
wbs_adr_i[1]                            0.750000    0.920000   -0.170000 (VIOLATED)
wbs_adr_i[20]                           0.750000    0.920000   -0.170000 (VIOLATED)
wbs_adr_i[21]                           0.750000    0.920000   -0.170000 (VIOLATED)
wbs_adr_i[22]                           0.750000    0.920000   -0.170000 (VIOLATED)
wbs_adr_i[23]                           0.750000    0.920000   -0.170000 (VIOLATED)
wbs_adr_i[24]                           0.750000    0.920000   -0.170000 (VIOLATED)
wbs_adr_i[25]                           0.750000    0.920000   -0.170000 (VIOLATED)
wbs_adr_i[26]                           0.750000    0.920000   -0.170000 (VIOLATED)
wbs_adr_i[27]                           0.750000    0.920000   -0.170000 (VIOLATED)
wbs_adr_i[28]                           0.750000    0.920000   -0.170000 (VIOLATED)
wbs_adr_i[29]                           0.750000    0.920000   -0.170000 (VIOLATED)
wbs_adr_i[2]                            0.750000    0.920000   -0.170000 (VIOLATED)
wbs_adr_i[30]                           0.750000    0.920000   -0.170000 (VIOLATED)
wbs_adr_i[31]                           0.750000    0.920000   -0.170000 (VIOLATED)
wbs_adr_i[3]                            0.750000    0.920000   -0.170000 (VIOLATED)
wbs_adr_i[4]                            0.750000    0.920000   -0.170000 (VIOLATED)
wbs_adr_i[5]                            0.750000    0.920000   -0.170000 (VIOLATED)
wbs_adr_i[6]                            0.750000    0.920000   -0.170000 (VIOLATED)
wbs_adr_i[7]                            0.750000    0.920000   -0.170000 (VIOLATED)
wbs_adr_i[8]                            0.750000    0.920000   -0.170000 (VIOLATED)
wbs_adr_i[9]                            0.750000    0.920000   -0.170000 (VIOLATED)
ANTENNA__5150__C1/DIODE                 0.750000    0.905034   -0.155034 (VIOLATED)
_5150_/C1                               0.750000    0.905034   -0.155034 (VIOLATED)
_5009_/A2                               0.750000    0.905029   -0.155029 (VIOLATED)
ANTENNA__5009__A2/DIODE                 0.750000    0.905028   -0.155028 (VIOLATED)
_4962_/A2                               0.750000    0.905027   -0.155027 (VIOLATED)
_5001_/A2                               0.750000    0.905027   -0.155027 (VIOLATED)
ANTENNA__5001__A2/DIODE                 0.750000    0.905026   -0.155026 (VIOLATED)
ANTENNA__4962__A2/DIODE                 0.750000    0.905024   -0.155024 (VIOLATED)
fanout197/A                             0.750000    0.905003   -0.155004 (VIOLATED)
ANTENNA_fanout197_A/DIODE               0.750000    0.905003   -0.155003 (VIOLATED)
ANTENNA__3314__Y/DIODE                  0.750000    0.905002   -0.155002 (VIOLATED)
_3314_/Y                                0.750000    0.905000   -0.155000 (VIOLATED)
fanout332/A                             0.750000    0.896613   -0.146613 (VIOLATED)
ANTENNA_fanout332_A/DIODE               0.750000    0.896612   -0.146612 (VIOLATED)
_4746_/A0                               0.750000    0.896582   -0.146582 (VIOLATED)
ANTENNA__4746__A0/DIODE                 0.750000    0.896582   -0.146582 (VIOLATED)
ANTENNA_hold114_X/DIODE                 0.750000    0.896575   -0.146575 (VIOLATED)
hold114/X                               0.750000    0.896575   -0.146575 (VIOLATED)
fanout362/A                             0.750000    0.889877   -0.139877 (VIOLATED)
ANTENNA_fanout362_A/DIODE               0.750000    0.889876   -0.139876 (VIOLATED)
fanout361/A                             0.750000    0.889863   -0.139863 (VIOLATED)
ANTENNA_fanout361_A/DIODE               0.750000    0.889862   -0.139862 (VIOLATED)
fanout360/A                             0.750000    0.889858   -0.139858 (VIOLATED)
ANTENNA_fanout360_A/DIODE               0.750000    0.889858   -0.139858 (VIOLATED)
ANTENNA_hold148_X/DIODE                 0.750000    0.889856   -0.139856 (VIOLATED)
hold148/X                               0.750000    0.889855   -0.139855 (VIOLATED)
_4777_/S                                0.750000    0.875725   -0.125725 (VIOLATED)
_4394_/A                                0.750000    0.875723   -0.125723 (VIOLATED)
ANTENNA__4394__A/DIODE                  0.750000    0.875720   -0.125720 (VIOLATED)
ANTENNA__4777__S/DIODE                  0.750000    0.875719   -0.125719 (VIOLATED)
_4775_/S                                0.750000    0.875716   -0.125716 (VIOLATED)
ANTENNA__4775__S/DIODE                  0.750000    0.875705   -0.125705 (VIOLATED)
_4772_/S                                0.750000    0.875657   -0.125657 (VIOLATED)
ANTENNA__4772__S/DIODE                  0.750000    0.875650   -0.125650 (VIOLATED)
_4768_/S                                0.750000    0.875644   -0.125644 (VIOLATED)
ANTENNA__4768__S/DIODE                  0.750000    0.875558   -0.125558 (VIOLATED)
_4764_/A1                               0.750000    0.875452   -0.125452 (VIOLATED)
ANTENNA__4764__A1/DIODE                 0.750000    0.875437   -0.125437 (VIOLATED)
_4362_/B1                               0.750000    0.875102   -0.125102 (VIOLATED)
ANTENNA__4362__B1/DIODE                 0.750000    0.875002   -0.125002 (VIOLATED)
_4442_/C                                0.750000    0.874842   -0.124842 (VIOLATED)
_4404_/A1                               0.750000    0.874807   -0.124807 (VIOLATED)
ANTENNA__4404__A1/DIODE                 0.750000    0.874803   -0.124803 (VIOLATED)
ANTENNA__4442__C/DIODE                  0.750000    0.874799   -0.124799 (VIOLATED)
ANTENNA__3267__Y/DIODE                  0.750000    0.874617   -0.124617 (VIOLATED)
_3267_/Y                                0.750000    0.874610   -0.124610 (VIOLATED)
wire147/A                               0.750000    0.873735   -0.123735 (VIOLATED)
_4352_/Y                                0.750000    0.873733   -0.123733 (VIOLATED)
_5345_/S                                0.750000    0.870657   -0.120657 (VIOLATED)
_5341_/S                                0.750000    0.870655   -0.120655 (VIOLATED)
ANTENNA__5345__S/DIODE                  0.750000    0.870650   -0.120650 (VIOLATED)
ANTENNA__5341__S/DIODE                  0.750000    0.870648   -0.120648 (VIOLATED)
ANTENNA__5349__S/DIODE                  0.750000    0.870604   -0.120604 (VIOLATED)
_5349_/S                                0.750000    0.870579   -0.120579 (VIOLATED)
_5343_/S                                0.750000    0.870529   -0.120529 (VIOLATED)
ANTENNA__5343__S/DIODE                  0.750000    0.870523   -0.120523 (VIOLATED)
_5344_/S                                0.750000    0.870450   -0.120450 (VIOLATED)
_5346_/S                                0.750000    0.870446   -0.120446 (VIOLATED)
ANTENNA__5344__S/DIODE                  0.750000    0.870433   -0.120433 (VIOLATED)
ANTENNA__5346__S/DIODE                  0.750000    0.870358   -0.120358 (VIOLATED)
_5348_/S                                0.750000    0.870101   -0.120101 (VIOLATED)
ANTENNA__5348__S/DIODE                  0.750000    0.870084   -0.120084 (VIOLATED)
_5342_/S                                0.750000    0.869962   -0.119962 (VIOLATED)
ANTENNA__5342__S/DIODE                  0.750000    0.869958   -0.119958 (VIOLATED)
ANTENNA__5347__S/DIODE                  0.750000    0.869879   -0.119879 (VIOLATED)
_5347_/S                                0.750000    0.869847   -0.119847 (VIOLATED)
ANTENNA__5340__Y/DIODE                  0.750000    0.869778   -0.119778 (VIOLATED)
_5340_/Y                                0.750000    0.869758   -0.119758 (VIOLATED)
_5387_/S                                0.750000    0.849464   -0.099464 (VIOLATED)
ANTENNA__5387__S/DIODE                  0.750000    0.849457   -0.099457 (VIOLATED)
_5386_/S                                0.750000    0.849450   -0.099450 (VIOLATED)
_5391_/S                                0.750000    0.849449   -0.099449 (VIOLATED)
_5388_/S                                0.750000    0.849446   -0.099447 (VIOLATED)
ANTENNA__5386__S/DIODE                  0.750000    0.849444   -0.099444 (VIOLATED)
ANTENNA__5391__S/DIODE                  0.750000    0.849434   -0.099434 (VIOLATED)
ANTENNA__5388__S/DIODE                  0.750000    0.849418   -0.099418 (VIOLATED)
_5385_/S                                0.750000    0.849416   -0.099416 (VIOLATED)
ANTENNA__5385__S/DIODE                  0.750000    0.849409   -0.099409 (VIOLATED)
_5390_/S                                0.750000    0.849265   -0.099265 (VIOLATED)
_5383_/S                                0.750000    0.849233   -0.099233 (VIOLATED)
ANTENNA__5383__S/DIODE                  0.750000    0.849228   -0.099228 (VIOLATED)
ANTENNA__5390__S/DIODE                  0.750000    0.849213   -0.099213 (VIOLATED)
_5384_/S                                0.750000    0.849084   -0.099084 (VIOLATED)
ANTENNA__5384__S/DIODE                  0.750000    0.849064   -0.099064 (VIOLATED)
_5389_/S                                0.750000    0.848863   -0.098863 (VIOLATED)
ANTENNA__5389__S/DIODE                  0.750000    0.848861   -0.098861 (VIOLATED)
ANTENNA__5382__Y/DIODE                  0.750000    0.848651   -0.098651 (VIOLATED)
_5382_/Y                                0.750000    0.848613   -0.098613 (VIOLATED)
ANTENNA_hold6_A/DIODE                   0.750000    0.840871   -0.090871 (VIOLATED)
hold6/A                                 0.750000    0.840733   -0.090733 (VIOLATED)
ANTENNA_hold27_A/DIODE                  0.750000    0.840656   -0.090656 (VIOLATED)
ANTENNA_hold4_A/DIODE                   0.750000    0.840616   -0.090616 (VIOLATED)
hold4/A                                 0.750000    0.840543   -0.090543 (VIOLATED)
hold27/A                                0.750000    0.840529   -0.090529 (VIOLATED)
ANTENNA_hold25_A/DIODE                  0.750000    0.840499   -0.090499 (VIOLATED)
ANTENNA_hold15_A/DIODE                  0.750000    0.840454   -0.090454 (VIOLATED)
ANTENNA_hold127_A/DIODE                 0.750000    0.840426   -0.090426 (VIOLATED)
ANTENNA_hold39_A/DIODE                  0.750000    0.840415   -0.090415 (VIOLATED)
ANTENNA_hold111_A/DIODE                 0.750000    0.840394   -0.090394 (VIOLATED)
ANTENNA_hold35_A/DIODE                  0.750000    0.840386   -0.090386 (VIOLATED)
ANTENNA_hold17_A/DIODE                  0.750000    0.840376   -0.090376 (VIOLATED)
ANTENNA_hold42_A/DIODE                  0.750000    0.840375   -0.090375 (VIOLATED)
ANTENNA_hold140_A/DIODE                 0.750000    0.840366   -0.090366 (VIOLATED)
hold17/A                                0.750000    0.840363   -0.090363 (VIOLATED)
hold15/A                                0.750000    0.840343   -0.090343 (VIOLATED)
ANTENNA_hold19_A/DIODE                  0.750000    0.840335   -0.090335 (VIOLATED)
hold35/A                                0.750000    0.840314   -0.090314 (VIOLATED)
hold42/A                                0.750000    0.840312   -0.090312 (VIOLATED)
hold25/A                                0.750000    0.840312   -0.090312 (VIOLATED)
ANTENNA_hold113_A/DIODE                 0.750000    0.840309   -0.090309 (VIOLATED)
hold39/A                                0.750000    0.840296   -0.090296 (VIOLATED)
ANTENNA_hold63_A/DIODE                  0.750000    0.840294   -0.090294 (VIOLATED)
ANTENNA_hold136_A/DIODE                 0.750000    0.840284   -0.090284 (VIOLATED)
ANTENNA_hold57_A/DIODE                  0.750000    0.840281   -0.090281 (VIOLATED)
hold127/A                               0.750000    0.840279   -0.090279 (VIOLATED)
ANTENNA_hold204_A/DIODE                 0.750000    0.840274   -0.090274 (VIOLATED)
hold113/A                               0.750000    0.840267   -0.090267 (VIOLATED)
hold63/A                                0.750000    0.840254   -0.090254 (VIOLATED)
ANTENNA_hold147_A/DIODE                 0.750000    0.840253   -0.090253 (VIOLATED)
hold111/A                               0.750000    0.840246   -0.090246 (VIOLATED)
hold57/A                                0.750000    0.840232   -0.090232 (VIOLATED)
ANTENNA_hold93_A/DIODE                  0.750000    0.840227   -0.090227 (VIOLATED)
hold204/A                               0.750000    0.840226   -0.090226 (VIOLATED)
hold140/A                               0.750000    0.840225   -0.090225 (VIOLATED)
hold19/A                                0.750000    0.840224   -0.090224 (VIOLATED)
ANTENNA_hold138_A/DIODE                 0.750000    0.840221   -0.090221 (VIOLATED)
hold98/A                                0.750000    0.840220   -0.090220 (VIOLATED)
hold136/A                               0.750000    0.840216   -0.090216 (VIOLATED)
ANTENNA_hold117_A/DIODE                 0.750000    0.840205   -0.090205 (VIOLATED)
ANTENNA_hold67_A/DIODE                  0.750000    0.840203   -0.090203 (VIOLATED)
ANTENNA_hold73_A/DIODE                  0.750000    0.840197   -0.090197 (VIOLATED)
hold67/A                                0.750000    0.840191   -0.090191 (VIOLATED)
ANTENNA_hold23_A/DIODE                  0.750000    0.840187   -0.090187 (VIOLATED)
hold73/A                                0.750000    0.840186   -0.090186 (VIOLATED)
ANTENNA_hold129_A/DIODE                 0.750000    0.840183   -0.090183 (VIOLATED)
ANTENNA_hold37_A/DIODE                  0.750000    0.840183   -0.090183 (VIOLATED)
hold1/A                                 0.750000    0.840181   -0.090181 (VIOLATED)
ANTENNA_hold1_A/DIODE                   0.750000    0.840180   -0.090180 (VIOLATED)
hold37/A                                0.750000    0.840179   -0.090179 (VIOLATED)
hold117/A                               0.750000    0.840167   -0.090167 (VIOLATED)
hold21/A                                0.750000    0.840163   -0.090163 (VIOLATED)
hold93/A                                0.750000    0.840160   -0.090160 (VIOLATED)
hold138/A                               0.750000    0.840158   -0.090158 (VIOLATED)
hold23/A                                0.750000    0.840154   -0.090154 (VIOLATED)
hold147/A                               0.750000    0.840153   -0.090153 (VIOLATED)
hold129/A                               0.750000    0.840146   -0.090146 (VIOLATED)
hold65/A                                0.750000    0.840145   -0.090145 (VIOLATED)
ANTENNA_hold98_A/DIODE                  0.750000    0.840137   -0.090137 (VIOLATED)
ANTENNA_hold21_A/DIODE                  0.750000    0.840136   -0.090136 (VIOLATED)
hold75/A                                0.750000    0.840132   -0.090132 (VIOLATED)
ANTENNA_hold65_A/DIODE                  0.750000    0.840123   -0.090123 (VIOLATED)
ANTENNA_hold75_A/DIODE                  0.750000    0.840119   -0.090119 (VIOLATED)
wbs_dat_i[0]                            0.750000    0.840000   -0.090000 (VIOLATED)
wbs_dat_i[10]                           0.750000    0.840000   -0.090000 (VIOLATED)
wbs_dat_i[11]                           0.750000    0.840000   -0.090000 (VIOLATED)
wbs_dat_i[12]                           0.750000    0.840000   -0.090000 (VIOLATED)
wbs_dat_i[13]                           0.750000    0.840000   -0.090000 (VIOLATED)
wbs_dat_i[14]                           0.750000    0.840000   -0.090000 (VIOLATED)
wbs_dat_i[15]                           0.750000    0.840000   -0.090000 (VIOLATED)
wbs_dat_i[16]                           0.750000    0.840000   -0.090000 (VIOLATED)
wbs_dat_i[17]                           0.750000    0.840000   -0.090000 (VIOLATED)
wbs_dat_i[18]                           0.750000    0.840000   -0.090000 (VIOLATED)
wbs_dat_i[19]                           0.750000    0.840000   -0.090000 (VIOLATED)
wbs_dat_i[1]                            0.750000    0.840000   -0.090000 (VIOLATED)
wbs_dat_i[20]                           0.750000    0.840000   -0.090000 (VIOLATED)
wbs_dat_i[21]                           0.750000    0.840000   -0.090000 (VIOLATED)
wbs_dat_i[22]                           0.750000    0.840000   -0.090000 (VIOLATED)
wbs_dat_i[23]                           0.750000    0.840000   -0.090000 (VIOLATED)
wbs_dat_i[24]                           0.750000    0.840000   -0.090000 (VIOLATED)
wbs_dat_i[25]                           0.750000    0.840000   -0.090000 (VIOLATED)
wbs_dat_i[26]                           0.750000    0.840000   -0.090000 (VIOLATED)
wbs_dat_i[27]                           0.750000    0.840000   -0.090000 (VIOLATED)
wbs_dat_i[28]                           0.750000    0.840000   -0.090000 (VIOLATED)
wbs_dat_i[29]                           0.750000    0.840000   -0.090000 (VIOLATED)
wbs_dat_i[2]                            0.750000    0.840000   -0.090000 (VIOLATED)
wbs_dat_i[30]                           0.750000    0.840000   -0.090000 (VIOLATED)
wbs_dat_i[31]                           0.750000    0.840000   -0.090000 (VIOLATED)
wbs_dat_i[3]                            0.750000    0.840000   -0.090000 (VIOLATED)
wbs_dat_i[4]                            0.750000    0.840000   -0.090000 (VIOLATED)
wbs_dat_i[5]                            0.750000    0.840000   -0.090000 (VIOLATED)
wbs_dat_i[6]                            0.750000    0.840000   -0.090000 (VIOLATED)
wbs_dat_i[7]                            0.750000    0.840000   -0.090000 (VIOLATED)
wbs_dat_i[8]                            0.750000    0.840000   -0.090000 (VIOLATED)
wbs_dat_i[9]                            0.750000    0.840000   -0.090000 (VIOLATED)
_3288_/D_N                              0.750000    0.838244   -0.088244 (VIOLATED)
ANTENNA__3288__D_N/DIODE                0.750000    0.838243   -0.088243 (VIOLATED)
_4403_/A1                               0.750000    0.838241   -0.088241 (VIOLATED)
ANTENNA__4403__A1/DIODE                 0.750000    0.838240   -0.088240 (VIOLATED)
ANTENNA__3257__Y/DIODE                  0.750000    0.838218   -0.088218 (VIOLATED)
_3257_/Y                                0.750000    0.838218   -0.088218 (VIOLATED)
_4971_/C1                               0.750000    0.817236   -0.067236 (VIOLATED)
ANTENNA__4971__C1/DIODE                 0.750000    0.817234   -0.067234 (VIOLATED)
_5203_/B1                               0.750000    0.817224   -0.067224 (VIOLATED)
fanout169/A                             0.750000    0.817224   -0.067224 (VIOLATED)
ANTENNA_fanout169_A/DIODE               0.750000    0.817224   -0.067224 (VIOLATED)
ANTENNA__5203__B1/DIODE                 0.750000    0.817223   -0.067223 (VIOLATED)
ANTENNA__4963__Y/DIODE                  0.750000    0.817220   -0.067220 (VIOLATED)
_4963_/Y                                0.750000    0.817212   -0.067212 (VIOLATED)
_3891_/D                                0.750000    0.811127   -0.061127 (VIOLATED)
ANTENNA__3891__D/DIODE                  0.750000    0.811122   -0.061122 (VIOLATED)
ANTENNA__3890__B/DIODE                  0.750000    0.811056   -0.061056 (VIOLATED)
_3890_/B                                0.750000    0.811056   -0.061056 (VIOLATED)
_3879_/A2_N                             0.750000    0.811031   -0.061031 (VIOLATED)
ANTENNA__3879__A2_N/DIODE               0.750000    0.811030   -0.061030 (VIOLATED)
ANTENNA__3878__Y/DIODE                  0.750000    0.811003   -0.061003 (VIOLATED)
_3878_/Y                                0.750000    0.811001   -0.061001 (VIOLATED)
_5591_/S                                0.750000    0.809430   -0.059430 (VIOLATED)
ANTENNA__5591__S/DIODE                  0.750000    0.809428   -0.059428 (VIOLATED)
_5595_/S                                0.750000    0.809412   -0.059412 (VIOLATED)
ANTENNA__5595__S/DIODE                  0.750000    0.809405   -0.059405 (VIOLATED)
_5599_/S                                0.750000    0.809393   -0.059393 (VIOLATED)
ANTENNA__5599__S/DIODE                  0.750000    0.809385   -0.059385 (VIOLATED)
_5593_/S                                0.750000    0.809340   -0.059340 (VIOLATED)
ANTENNA__5593__S/DIODE                  0.750000    0.809338   -0.059338 (VIOLATED)
_5598_/S                                0.750000    0.809291   -0.059291 (VIOLATED)
ANTENNA__5598__S/DIODE                  0.750000    0.809284   -0.059284 (VIOLATED)
_5594_/S                                0.750000    0.809232   -0.059232 (VIOLATED)
ANTENNA__5594__S/DIODE                  0.750000    0.809218   -0.059218 (VIOLATED)
_5596_/S                                0.750000    0.809112   -0.059112 (VIOLATED)
ANTENNA__5596__S/DIODE                  0.750000    0.809079   -0.059079 (VIOLATED)
_5592_/S                                0.750000    0.808799   -0.058799 (VIOLATED)
ANTENNA__5592__S/DIODE                  0.750000    0.808788   -0.058788 (VIOLATED)
_5597_/S                                0.750000    0.808710   -0.058710 (VIOLATED)
ANTENNA__5597__S/DIODE                  0.750000    0.808708   -0.058708 (VIOLATED)
ANTENNA__5590__Y/DIODE                  0.750000    0.808644   -0.058644 (VIOLATED)
_5590_/Y                                0.750000    0.808625   -0.058625 (VIOLATED)
_3364_/S                                0.750000    0.804729   -0.054729 (VIOLATED)
_3365_/S                                0.750000    0.804721   -0.054721 (VIOLATED)
ANTENNA__3364__S/DIODE                  0.750000    0.804719   -0.054719 (VIOLATED)
ANTENNA__3365__S/DIODE                  0.750000    0.804711   -0.054711 (VIOLATED)
_3363_/S                                0.750000    0.804709   -0.054709 (VIOLATED)
ANTENNA__3363__S/DIODE                  0.750000    0.804704   -0.054704 (VIOLATED)
ANTENNA__3358__S/DIODE                  0.750000    0.804698   -0.054698 (VIOLATED)
_3358_/S                                0.750000    0.804697   -0.054697 (VIOLATED)
_3361_/S                                0.750000    0.804682   -0.054682 (VIOLATED)
ANTENNA__3361__S/DIODE                  0.750000    0.804678   -0.054678 (VIOLATED)
_3362_/S                                0.750000    0.804645   -0.054645 (VIOLATED)
ANTENNA__3362__S/DIODE                  0.750000    0.804642   -0.054642 (VIOLATED)
_3359_/S                                0.750000    0.804603   -0.054603 (VIOLATED)
ANTENNA__3359__S/DIODE                  0.750000    0.804570   -0.054570 (VIOLATED)
_3357_/S                                0.750000    0.804504   -0.054504 (VIOLATED)
ANTENNA__3357__S/DIODE                  0.750000    0.804499   -0.054499 (VIOLATED)
_3356_/S                                0.750000    0.804459   -0.054459 (VIOLATED)
ANTENNA__3356__S/DIODE                  0.750000    0.804429   -0.054429 (VIOLATED)
_3360_/S                                0.750000    0.804403   -0.054403 (VIOLATED)
ANTENNA__3360__S/DIODE                  0.750000    0.804401   -0.054401 (VIOLATED)
ANTENNA__3354__Y/DIODE                  0.750000    0.804399   -0.054399 (VIOLATED)
_3354_/Y                                0.750000    0.804389   -0.054389 (VIOLATED)
_5364_/S                                0.750000    0.797821   -0.047821 (VIOLATED)
ANTENNA__5364__S/DIODE                  0.750000    0.797817   -0.047817 (VIOLATED)
_5365_/S                                0.750000    0.797799   -0.047799 (VIOLATED)
ANTENNA__5365__S/DIODE                  0.750000    0.797786   -0.047786 (VIOLATED)
_5367_/S                                0.750000    0.797772   -0.047772 (VIOLATED)
ANTENNA__5367__S/DIODE                  0.750000    0.797766   -0.047766 (VIOLATED)
_5363_/S                                0.750000    0.797706   -0.047706 (VIOLATED)
ANTENNA__5363__S/DIODE                  0.750000    0.797704   -0.047704 (VIOLATED)
_5362_/S                                0.750000    0.797677   -0.047677 (VIOLATED)
ANTENNA__5368__S/DIODE                  0.750000    0.797673   -0.047673 (VIOLATED)
ANTENNA__5362__S/DIODE                  0.750000    0.797671   -0.047671 (VIOLATED)
_5366_/S                                0.750000    0.797671   -0.047671 (VIOLATED)
ANTENNA__5366__S/DIODE                  0.750000    0.797665   -0.047665 (VIOLATED)
_5370_/S                                0.750000    0.797657   -0.047657 (VIOLATED)
_5368_/S                                0.750000    0.797654   -0.047654 (VIOLATED)
ANTENNA__5370__S/DIODE                  0.750000    0.797651   -0.047651 (VIOLATED)
_5369_/S                                0.750000    0.797634   -0.047634 (VIOLATED)
ANTENNA__5369__S/DIODE                  0.750000    0.797620   -0.047620 (VIOLATED)
ANTENNA__5361__Y/DIODE                  0.750000    0.797567   -0.047567 (VIOLATED)
_5361_/Y                                0.750000    0.797558   -0.047558 (VIOLATED)
_4729_/A0                               0.750000    0.789798   -0.039798 (VIOLATED)
ANTENNA__4729__A0/DIODE                 0.750000    0.789797   -0.039797 (VIOLATED)
_4235_/A0                               0.750000    0.789721   -0.039721 (VIOLATED)
ANTENNA__4235__A0/DIODE                 0.750000    0.789708   -0.039708 (VIOLATED)
ANTENNA__4189__A0/DIODE                 0.750000    0.789686   -0.039686 (VIOLATED)
ANTENNA_hold20_X/DIODE                  0.750000    0.789686   -0.039686 (VIOLATED)
_4189_/A0                               0.750000    0.789686   -0.039686 (VIOLATED)
hold20/X                                0.750000    0.789686   -0.039686 (VIOLATED)
ANTENNA__5588__S/DIODE                  0.750000    0.785473   -0.035473 (VIOLATED)
_5588_/S                                0.750000    0.785472   -0.035472 (VIOLATED)
_5586_/S                                0.750000    0.785470   -0.035470 (VIOLATED)
_5584_/S                                0.750000    0.785470   -0.035470 (VIOLATED)
ANTENNA__5586__S/DIODE                  0.750000    0.785468   -0.035468 (VIOLATED)
ANTENNA__5584__S/DIODE                  0.750000    0.785466   -0.035466 (VIOLATED)
_5583_/S                                0.750000    0.785463   -0.035463 (VIOLATED)
ANTENNA__5583__S/DIODE                  0.750000    0.785457   -0.035457 (VIOLATED)
_5589_/S                                0.750000    0.785455   -0.035455 (VIOLATED)
ANTENNA__5589__S/DIODE                  0.750000    0.785447   -0.035447 (VIOLATED)
_5585_/S                                0.750000    0.785431   -0.035431 (VIOLATED)
ANTENNA__5585__S/DIODE                  0.750000    0.785399   -0.035399 (VIOLATED)
_5581_/S                                0.750000    0.785341   -0.035341 (VIOLATED)
ANTENNA__5581__S/DIODE                  0.750000    0.785336   -0.035336 (VIOLATED)
_5587_/S                                0.750000    0.785279   -0.035280 (VIOLATED)
ANTENNA__5587__S/DIODE                  0.750000    0.785278   -0.035278 (VIOLATED)
_5582_/S                                0.750000    0.785278   -0.035278 (VIOLATED)
ANTENNA__5582__S/DIODE                  0.750000    0.785278   -0.035278 (VIOLATED)
ANTENNA__5580__Y/DIODE                  0.750000    0.785248   -0.035248 (VIOLATED)
_5580_/Y                                0.750000    0.785243   -0.035243 (VIOLATED)
_4453_/B2                               0.750000    0.783245   -0.033245 (VIOLATED)
_4482_/A2                               0.750000    0.783244   -0.033244 (VIOLATED)
ANTENNA__4482__A2/DIODE                 0.750000    0.783243   -0.033243 (VIOLATED)
ANTENNA__4453__B2/DIODE                 0.750000    0.783243   -0.033243 (VIOLATED)
ANTENNA__4436__A2/DIODE                 0.750000    0.783237   -0.033237 (VIOLATED)
_4436_/A2                               0.750000    0.783235   -0.033235 (VIOLATED)
fanout134/A                             0.750000    0.783235   -0.033235 (VIOLATED)
ANTENNA_fanout134_A/DIODE               0.750000    0.783234   -0.033234 (VIOLATED)
_4461_/B                                0.750000    0.783234   -0.033234 (VIOLATED)
ANTENNA__4461__B/DIODE                  0.750000    0.783234   -0.033234 (VIOLATED)
ANTENNA__4433__Y/DIODE                  0.750000    0.783228   -0.033228 (VIOLATED)
_4433_/Y                                0.750000    0.783226   -0.033227 (VIOLATED)
_3413_/C                                0.750000    0.770732   -0.020732 (VIOLATED)
_3414_/B                                0.750000    0.770732   -0.020732 (VIOLATED)
_3412_/Y                                0.750000    0.770729   -0.020729 (VIOLATED)
_3494_/A2                               0.750000    0.770729   -0.020729 (VIOLATED)
_4739_/A0                               0.750000    0.770194   -0.020194 (VIOLATED)
ANTENNA__4739__A0/DIODE                 0.750000    0.770193   -0.020193 (VIOLATED)
_4199_/A0                               0.750000    0.770141   -0.020141 (VIOLATED)
ANTENNA__4199__A0/DIODE                 0.750000    0.770138   -0.020138 (VIOLATED)
ANTENNA__4245__A0/DIODE                 0.750000    0.770110   -0.020110 (VIOLATED)
_4245_/A0                               0.750000    0.770088   -0.020088 (VIOLATED)
ANTENNA_hold66_X/DIODE                  0.750000    0.770061   -0.020061 (VIOLATED)
hold66/X                                0.750000    0.770061   -0.020061 (VIOLATED)
_5376_/S                                0.750000    0.765182   -0.015182 (VIOLATED)
_5372_/S                                0.750000    0.765180   -0.015180 (VIOLATED)
ANTENNA__5376__S/DIODE                  0.750000    0.765179   -0.015179 (VIOLATED)
ANTENNA__5372__S/DIODE                  0.750000    0.765176   -0.015176 (VIOLATED)
_5374_/S                                0.750000    0.765154   -0.015154 (VIOLATED)
_5375_/S                                0.750000    0.765137   -0.015137 (VIOLATED)
ANTENNA__5375__S/DIODE                  0.750000    0.765134   -0.015134 (VIOLATED)
ANTENNA__5374__S/DIODE                  0.750000    0.765122   -0.015122 (VIOLATED)
_5380_/S                                0.750000    0.765104   -0.015104 (VIOLATED)
ANTENNA__5380__S/DIODE                  0.750000    0.765076   -0.015076 (VIOLATED)
_5377_/S                                0.750000    0.765028   -0.015028 (VIOLATED)
ANTENNA__5377__S/DIODE                  0.750000    0.765023   -0.015023 (VIOLATED)
_5378_/S                                0.750000    0.764992   -0.014992 (VIOLATED)
_5373_/S                                0.750000    0.764979   -0.014979 (VIOLATED)
ANTENNA__5373__S/DIODE                  0.750000    0.764978   -0.014978 (VIOLATED)
ANTENNA__5378__S/DIODE                  0.750000    0.764975   -0.014975 (VIOLATED)
_5379_/S                                0.750000    0.764946   -0.014946 (VIOLATED)
ANTENNA__5379__S/DIODE                  0.750000    0.764945   -0.014945 (VIOLATED)
ANTENNA__5371__Y/DIODE                  0.750000    0.764943   -0.014943 (VIOLATED)
_5371_/Y                                0.750000    0.764938   -0.014938 (VIOLATED)
_5465_/S                                0.750000    0.760876   -0.010876 (VIOLATED)
ANTENNA__5465__S/DIODE                  0.750000    0.760875   -0.010875 (VIOLATED)
ANTENNA__5461__S/DIODE                  0.750000    0.760862   -0.010862 (VIOLATED)
_5461_/S                                0.750000    0.760860   -0.010860 (VIOLATED)
_5463_/S                                0.750000    0.760860   -0.010860 (VIOLATED)
ANTENNA__5463__S/DIODE                  0.750000    0.760857   -0.010857 (VIOLATED)
_5467_/S                                0.750000    0.760814   -0.010814 (VIOLATED)
ANTENNA__5467__S/DIODE                  0.750000    0.760795   -0.010795 (VIOLATED)
_5466_/S                                0.750000    0.760765   -0.010766 (VIOLATED)
_5464_/S                                0.750000    0.760748   -0.010748 (VIOLATED)
ANTENNA__5464__S/DIODE                  0.750000    0.760746   -0.010747 (VIOLATED)
_5460_/S                                0.750000    0.760744   -0.010744 (VIOLATED)
ANTENNA__5460__S/DIODE                  0.750000    0.760742   -0.010742 (VIOLATED)
ANTENNA__5468__S/DIODE                  0.750000    0.760734   -0.010735 (VIOLATED)
ANTENNA__5466__S/DIODE                  0.750000    0.760729   -0.010729 (VIOLATED)
_5468_/S                                0.750000    0.760728   -0.010728 (VIOLATED)
ANTENNA__5462__S/DIODE                  0.750000    0.760705   -0.010705 (VIOLATED)
_5462_/S                                0.750000    0.760704   -0.010704 (VIOLATED)
ANTENNA__5459__Y/DIODE                  0.750000    0.760672   -0.010672 (VIOLATED)
_5459_/Y                                0.750000    0.760666   -0.010666 (VIOLATED)
_5538_/S                                0.750000    0.757028   -0.007028 (VIOLATED)
ANTENNA__5538__S/DIODE                  0.750000    0.757026   -0.007026 (VIOLATED)
_5537_/S                                0.750000    0.757019   -0.007019 (VIOLATED)
ANTENNA__5537__S/DIODE                  0.750000    0.757018   -0.007018 (VIOLATED)
_5532_/S                                0.750000    0.757015   -0.007015 (VIOLATED)
ANTENNA__5532__S/DIODE                  0.750000    0.757012   -0.007012 (VIOLATED)
_5533_/S                                0.750000    0.757012   -0.007012 (VIOLATED)
ANTENNA__5533__S/DIODE                  0.750000    0.757012   -0.007012 (VIOLATED)
ANTENNA__5534__S/DIODE                  0.750000    0.756992   -0.006992 (VIOLATED)
_5534_/S                                0.750000    0.756992   -0.006992 (VIOLATED)
_5539_/S                                0.750000    0.756967   -0.006967 (VIOLATED)
ANTENNA__5539__S/DIODE                  0.750000    0.756943   -0.006943 (VIOLATED)
_5536_/S                                0.750000    0.756917   -0.006917 (VIOLATED)
ANTENNA__5536__S/DIODE                  0.750000    0.756913   -0.006913 (VIOLATED)
_5531_/S                                0.750000    0.756886   -0.006886 (VIOLATED)
ANTENNA__5531__S/DIODE                  0.750000    0.756881   -0.006881 (VIOLATED)
_5535_/S                                0.750000    0.756871   -0.006871 (VIOLATED)
ANTENNA__5535__S/DIODE                  0.750000    0.756856   -0.006856 (VIOLATED)
ANTENNA__5530__Y/DIODE                  0.750000    0.756793   -0.006793 (VIOLATED)
_5530_/Y                                0.750000    0.756787   -0.006787 (VIOLATED)
_5556_/S                                0.750000    0.755823   -0.005823 (VIOLATED)
_5554_/S                                0.750000    0.755818   -0.005818 (VIOLATED)
ANTENNA__5556__S/DIODE                  0.750000    0.755818   -0.005818 (VIOLATED)
ANTENNA__5554__S/DIODE                  0.750000    0.755814   -0.005815 (VIOLATED)
_5552_/S                                0.750000    0.755793   -0.005793 (VIOLATED)
ANTENNA__5552__S/DIODE                  0.750000    0.755789   -0.005789 (VIOLATED)
_5551_/S                                0.750000    0.755770   -0.005770 (VIOLATED)
ANTENNA__5551__S/DIODE                  0.750000    0.755763   -0.005763 (VIOLATED)
_5555_/S                                0.750000    0.755710   -0.005710 (VIOLATED)
ANTENNA__5555__S/DIODE                  0.750000    0.755707   -0.005707 (VIOLATED)
_5558_/S                                0.750000    0.755673   -0.005673 (VIOLATED)
ANTENNA__5558__S/DIODE                  0.750000    0.755670   -0.005670 (VIOLATED)
_5559_/S                                0.750000    0.755616   -0.005616 (VIOLATED)
_5557_/S                                0.750000    0.755614   -0.005614 (VIOLATED)
ANTENNA__5559__S/DIODE                  0.750000    0.755612   -0.005612 (VIOLATED)
ANTENNA__5557__S/DIODE                  0.750000    0.755601   -0.005601 (VIOLATED)
ANTENNA__5553__S/DIODE                  0.750000    0.755597   -0.005597 (VIOLATED)
_5553_/S                                0.750000    0.755596   -0.005596 (VIOLATED)
ANTENNA__5550__Y/DIODE                  0.750000    0.755529   -0.005529 (VIOLATED)
_5550_/Y                                0.750000    0.755513   -0.005513 (VIOLATED)
_3121_/A                                0.750000    0.754536   -0.004536 (VIOLATED)
ANTENNA__3121__A/DIODE                  0.750000    0.754534   -0.004534 (VIOLATED)
_4143_/A                                0.750000    0.754525   -0.004525 (VIOLATED)
ANTENNA__4143__A/DIODE                  0.750000    0.754518   -0.004518 (VIOLATED)
ANTENNA_hold12_X/DIODE                  0.750000    0.754489   -0.004489 (VIOLATED)
hold12/X                                0.750000    0.754489   -0.004489 (VIOLATED)
_5562_/S                                0.750000    0.752586   -0.002586 (VIOLATED)
ANTENNA__5562__S/DIODE                  0.750000    0.752583   -0.002583 (VIOLATED)
_5567_/S                                0.750000    0.752583   -0.002583 (VIOLATED)
ANTENNA__5567__S/DIODE                  0.750000    0.752577   -0.002577 (VIOLATED)
ANTENNA__5569__S/DIODE                  0.750000    0.752546   -0.002546 (VIOLATED)
_5569_/S                                0.750000    0.752544   -0.002544 (VIOLATED)
_5564_/S                                0.750000    0.752513   -0.002513 (VIOLATED)
_5566_/S                                0.750000    0.752506   -0.002506 (VIOLATED)
ANTENNA__5566__S/DIODE                  0.750000    0.752484   -0.002484 (VIOLATED)
ANTENNA__5564__S/DIODE                  0.750000    0.752475   -0.002475 (VIOLATED)
ANTENNA__5563__S/DIODE                  0.750000    0.752452   -0.002452 (VIOLATED)
_5563_/S                                0.750000    0.752435   -0.002435 (VIOLATED)
ANTENNA__5561__S/DIODE                  0.750000    0.752339   -0.002339 (VIOLATED)
_5561_/S                                0.750000    0.752304   -0.002304 (VIOLATED)
_5565_/S                                0.750000    0.752196   -0.002197 (VIOLATED)
ANTENNA__5565__S/DIODE                  0.750000    0.752190   -0.002190 (VIOLATED)
_5568_/S                                0.750000    0.752121   -0.002121 (VIOLATED)
ANTENNA__5568__S/DIODE                  0.750000    0.752111   -0.002111 (VIOLATED)
ANTENNA__5560__Y/DIODE                  0.750000    0.752064   -0.002064 (VIOLATED)
_5560_/Y                                0.750000    0.752058   -0.002058 (VIOLATED)
_5185_/B1                               0.750000    0.751686   -0.001686 (VIOLATED)
ANTENNA__5185__B1/DIODE                 0.750000    0.751686   -0.001686 (VIOLATED)
ANTENNA__5068__A1/DIODE                 0.750000    0.751642   -0.001642 (VIOLATED)
_5068_/A1                               0.750000    0.751636   -0.001636 (VIOLATED)
_5355_/S                                0.750000    0.751615   -0.001615 (VIOLATED)
ANTENNA__5355__S/DIODE                  0.750000    0.751610   -0.001610 (VIOLATED)
ANTENNA__4824__A1/DIODE                 0.750000    0.751608   -0.001608 (VIOLATED)
_4824_/A1                               0.750000    0.751606   -0.001606 (VIOLATED)
_5357_/S                                0.750000    0.751584   -0.001584 (VIOLATED)
ANTENNA__5357__S/DIODE                  0.750000    0.751576   -0.001576 (VIOLATED)
_5352_/S                                0.750000    0.751566   -0.001566 (VIOLATED)
ANTENNA__5352__S/DIODE                  0.750000    0.751561   -0.001561 (VIOLATED)
_5354_/S                                0.750000    0.751550   -0.001550 (VIOLATED)
_5356_/S                                0.750000    0.751544   -0.001544 (VIOLATED)
ANTENNA__5354__S/DIODE                  0.750000    0.751530   -0.001530 (VIOLATED)
_5359_/S                                0.750000    0.751530   -0.001530 (VIOLATED)
ANTENNA__5356__S/DIODE                  0.750000    0.751526   -0.001526 (VIOLATED)
ANTENNA__5359__S/DIODE                  0.750000    0.751523   -0.001523 (VIOLATED)
_5360_/S                                0.750000    0.751481   -0.001481 (VIOLATED)
_5017_/B1                               0.750000    0.751469   -0.001469 (VIOLATED)
ANTENNA__5017__B1/DIODE                 0.750000    0.751465   -0.001465 (VIOLATED)
ANTENNA__4808__Y/DIODE                  0.750000    0.751452   -0.001452 (VIOLATED)
_5075_/B1                               0.750000    0.751448   -0.001448 (VIOLATED)
ANTENNA__5075__B1/DIODE                 0.750000    0.751447   -0.001447 (VIOLATED)
_5142_/A                                0.750000    0.751447   -0.001447 (VIOLATED)
ANTENNA__5142__A/DIODE                  0.750000    0.751447   -0.001447 (VIOLATED)
_5130_/A1                               0.750000    0.751447   -0.001447 (VIOLATED)
ANTENNA__5130__A1/DIODE                 0.750000    0.751446   -0.001446 (VIOLATED)
_4808_/Y                                0.750000    0.751438   -0.001438 (VIOLATED)
ANTENNA__5360__S/DIODE                  0.750000    0.751374   -0.001374 (VIOLATED)
ANTENNA__5353__S/DIODE                  0.750000    0.751256   -0.001256 (VIOLATED)
_5353_/S                                0.750000    0.751225   -0.001225 (VIOLATED)
ANTENNA__5358__S/DIODE                  0.750000    0.751100   -0.001100 (VIOLATED)
_5358_/S                                0.750000    0.751081   -0.001081 (VIOLATED)
ANTENNA__5351__Y/DIODE                  0.750000    0.751067   -0.001067 (VIOLATED)
_5351_/Y                                0.750000    0.751051   -0.001051 (VIOLATED)

max fanout

Pin                                   Limit Fanout  Slack
---------------------------------------------------------
clkbuf_leaf_0_wb_clk_i_regs/X            10     51    -41 (VIOLATED)
clkbuf_leaf_9_wb_clk_i_regs/X            10     51    -41 (VIOLATED)
clkbuf_leaf_56_wb_clk_i_regs/X           10     43    -33 (VIOLATED)
clkbuf_leaf_51_wb_clk_i_regs/X           10     41    -31 (VIOLATED)
clkbuf_leaf_53_wb_clk_i_regs/X           10     41    -31 (VIOLATED)
clkbuf_leaf_11_wb_clk_i_regs/X           10     39    -29 (VIOLATED)
clkbuf_leaf_18_wb_clk_i_regs/X           10     39    -29 (VIOLATED)
clkbuf_leaf_1_wb_clk_i_regs/X            10     39    -29 (VIOLATED)
clkbuf_leaf_30_wb_clk_i_regs/X           10     39    -29 (VIOLATED)
clkbuf_leaf_13_wb_clk_i_regs/X           10     35    -25 (VIOLATED)
clkbuf_leaf_15_wb_clk_i_regs/X           10     35    -25 (VIOLATED)
clkbuf_leaf_23_wb_clk_i_regs/X           10     33    -23 (VIOLATED)
clkbuf_leaf_49_wb_clk_i_regs/X           10     33    -23 (VIOLATED)
clkbuf_leaf_34_wb_clk_i_regs/X           10     27    -17 (VIOLATED)
clkbuf_leaf_46_wb_clk_i_regs/X           10     27    -17 (VIOLATED)
clkbuf_leaf_6_wb_clk_i_regs/X            10     27    -17 (VIOLATED)
_3354_/Y                                 10     21    -11 (VIOLATED)
_4817_/Y                                 10     21    -11 (VIOLATED)
_6285_/Q                                 10     21    -11 (VIOLATED)
_6289_/Q                                 10     21    -11 (VIOLATED)
_6294_/Q                                 10     21    -11 (VIOLATED)
_6871_/Q                                 10     21    -11 (VIOLATED)
clkbuf_3_0_0_wb_clk_i_regs/X             10     21    -11 (VIOLATED)
clkbuf_3_2_0_wb_clk_i_regs/X             10     21    -11 (VIOLATED)
clkbuf_3_4_0_wb_clk_i_regs/X             10     21    -11 (VIOLATED)
fanout111/X                              10     21    -11 (VIOLATED)
fanout113/X                              10     21    -11 (VIOLATED)
fanout117/X                              10     21    -11 (VIOLATED)
fanout118/X                              10     21    -11 (VIOLATED)
fanout120/X                              10     21    -11 (VIOLATED)
fanout122/X                              10     21    -11 (VIOLATED)
fanout124/X                              10     21    -11 (VIOLATED)
fanout126/X                              10     21    -11 (VIOLATED)
fanout128/X                              10     21    -11 (VIOLATED)
fanout130/X                              10     21    -11 (VIOLATED)
fanout132/X                              10     21    -11 (VIOLATED)
fanout134/X                              10     21    -11 (VIOLATED)
fanout135/X                              10     21    -11 (VIOLATED)
fanout137/X                              10     21    -11 (VIOLATED)
fanout139/X                              10     21    -11 (VIOLATED)
fanout141/X                              10     21    -11 (VIOLATED)
fanout144/X                              10     21    -11 (VIOLATED)
fanout149/X                              10     21    -11 (VIOLATED)
fanout153/X                              10     21    -11 (VIOLATED)
fanout155/X                              10     21    -11 (VIOLATED)
fanout157/X                              10     21    -11 (VIOLATED)
fanout159/X                              10     21    -11 (VIOLATED)
fanout163/X                              10     21    -11 (VIOLATED)
fanout164/X                              10     21    -11 (VIOLATED)
fanout166/X                              10     21    -11 (VIOLATED)
fanout168/X                              10     21    -11 (VIOLATED)
fanout170/X                              10     21    -11 (VIOLATED)
fanout172/X                              10     21    -11 (VIOLATED)
fanout174/X                              10     21    -11 (VIOLATED)
fanout176/X                              10     21    -11 (VIOLATED)
fanout178/X                              10     21    -11 (VIOLATED)
fanout180/X                              10     21    -11 (VIOLATED)
fanout181/X                              10     21    -11 (VIOLATED)
fanout183/X                              10     21    -11 (VIOLATED)
fanout185/X                              10     21    -11 (VIOLATED)
fanout187/X                              10     21    -11 (VIOLATED)
fanout192/X                              10     21    -11 (VIOLATED)
fanout194/X                              10     21    -11 (VIOLATED)
fanout195/X                              10     21    -11 (VIOLATED)
fanout197/X                              10     21    -11 (VIOLATED)
fanout198/X                              10     21    -11 (VIOLATED)
fanout199/X                              10     21    -11 (VIOLATED)
fanout200/X                              10     21    -11 (VIOLATED)
fanout201/X                              10     21    -11 (VIOLATED)
fanout202/X                              10     21    -11 (VIOLATED)
fanout205/X                              10     21    -11 (VIOLATED)
fanout207/X                              10     21    -11 (VIOLATED)
fanout209/X                              10     21    -11 (VIOLATED)
fanout211/X                              10     21    -11 (VIOLATED)
fanout213/X                              10     21    -11 (VIOLATED)
fanout215/X                              10     21    -11 (VIOLATED)
fanout217/X                              10     21    -11 (VIOLATED)
fanout218/X                              10     21    -11 (VIOLATED)
fanout219/X                              10     21    -11 (VIOLATED)
fanout220/X                              10     21    -11 (VIOLATED)
fanout222/X                              10     21    -11 (VIOLATED)
fanout224/X                              10     21    -11 (VIOLATED)
fanout229/X                              10     21    -11 (VIOLATED)
fanout239/X                              10     21    -11 (VIOLATED)
fanout241/X                              10     21    -11 (VIOLATED)
fanout242/X                              10     21    -11 (VIOLATED)
fanout245/X                              10     21    -11 (VIOLATED)
fanout248/X                              10     21    -11 (VIOLATED)
fanout250/X                              10     21    -11 (VIOLATED)
fanout251/X                              10     21    -11 (VIOLATED)
fanout252/X                              10     21    -11 (VIOLATED)
fanout253/X                              10     21    -11 (VIOLATED)
fanout254/X                              10     21    -11 (VIOLATED)
fanout256/X                              10     21    -11 (VIOLATED)
fanout258/X                              10     21    -11 (VIOLATED)
fanout260/X                              10     21    -11 (VIOLATED)
fanout264/X                              10     21    -11 (VIOLATED)
fanout267/X                              10     21    -11 (VIOLATED)
fanout269/X                              10     21    -11 (VIOLATED)
fanout270/X                              10     21    -11 (VIOLATED)
fanout271/X                              10     21    -11 (VIOLATED)
fanout272/X                              10     21    -11 (VIOLATED)
fanout274/X                              10     21    -11 (VIOLATED)
fanout282/X                              10     21    -11 (VIOLATED)
fanout284/X                              10     21    -11 (VIOLATED)
fanout285/X                              10     21    -11 (VIOLATED)
fanout286/X                              10     21    -11 (VIOLATED)
fanout287/X                              10     21    -11 (VIOLATED)
fanout288/X                              10     21    -11 (VIOLATED)
fanout291/X                              10     21    -11 (VIOLATED)
fanout292/X                              10     21    -11 (VIOLATED)
fanout294/X                              10     21    -11 (VIOLATED)
fanout296/X                              10     21    -11 (VIOLATED)
fanout297/X                              10     21    -11 (VIOLATED)
fanout299/X                              10     21    -11 (VIOLATED)
fanout300/X                              10     21    -11 (VIOLATED)
fanout301/X                              10     21    -11 (VIOLATED)
fanout302/X                              10     21    -11 (VIOLATED)
fanout304/X                              10     21    -11 (VIOLATED)
fanout305/X                              10     21    -11 (VIOLATED)
fanout306/X                              10     21    -11 (VIOLATED)
fanout307/X                              10     21    -11 (VIOLATED)
fanout308/X                              10     21    -11 (VIOLATED)
fanout309/X                              10     21    -11 (VIOLATED)
fanout310/X                              10     21    -11 (VIOLATED)
fanout312/X                              10     21    -11 (VIOLATED)
fanout313/X                              10     21    -11 (VIOLATED)
fanout314/X                              10     21    -11 (VIOLATED)
fanout316/X                              10     21    -11 (VIOLATED)
fanout317/X                              10     21    -11 (VIOLATED)
fanout318/X                              10     21    -11 (VIOLATED)
fanout319/X                              10     21    -11 (VIOLATED)
fanout320/X                              10     21    -11 (VIOLATED)
fanout321/X                              10     21    -11 (VIOLATED)
fanout322/X                              10     21    -11 (VIOLATED)
fanout323/X                              10     21    -11 (VIOLATED)
fanout330/X                              10     21    -11 (VIOLATED)
fanout331/X                              10     21    -11 (VIOLATED)
fanout332/X                              10     21    -11 (VIOLATED)
fanout333/X                              10     21    -11 (VIOLATED)
fanout335/X                              10     21    -11 (VIOLATED)
fanout337/X                              10     21    -11 (VIOLATED)
fanout339/X                              10     21    -11 (VIOLATED)
fanout341/X                              10     21    -11 (VIOLATED)
fanout343/X                              10     21    -11 (VIOLATED)
fanout345/X                              10     21    -11 (VIOLATED)
fanout347/X                              10     21    -11 (VIOLATED)
fanout349/X                              10     21    -11 (VIOLATED)
fanout352/X                              10     21    -11 (VIOLATED)
fanout354/X                              10     21    -11 (VIOLATED)
fanout356/X                              10     21    -11 (VIOLATED)
fanout358/X                              10     21    -11 (VIOLATED)
fanout361/X                              10     21    -11 (VIOLATED)
fanout363/X                              10     21    -11 (VIOLATED)
fanout366/X                              10     21    -11 (VIOLATED)
fanout368/X                              10     21    -11 (VIOLATED)
fanout369/X                              10     21    -11 (VIOLATED)
fanout370/X                              10     21    -11 (VIOLATED)
fanout373/X                              10     21    -11 (VIOLATED)
fanout374/X                              10     21    -11 (VIOLATED)
fanout376/X                              10     21    -11 (VIOLATED)
fanout382/X                              10     21    -11 (VIOLATED)
fanout385/X                              10     21    -11 (VIOLATED)
fanout390/X                              10     21    -11 (VIOLATED)
fanout400/X                              10     21    -11 (VIOLATED)
fanout417/X                              10     21    -11 (VIOLATED)
fanout429/X                              10     21    -11 (VIOLATED)
fanout431/X                              10     21    -11 (VIOLATED)
fanout432/X                              10     21    -11 (VIOLATED)
clkbuf_leaf_36_wb_clk_i_regs/X           10     20    -10 (VIOLATED)
clkbuf_leaf_5_wb_clk_i_regs/X            10     20    -10 (VIOLATED)
_3267_/Y                                 10     19     -9 (VIOLATED)
_3355_/Y                                 10     19     -9 (VIOLATED)
_3546_/Y                                 10     19     -9 (VIOLATED)
_4809_/Y                                 10     19     -9 (VIOLATED)
_5340_/Y                                 10     19     -9 (VIOLATED)
_5351_/Y                                 10     19     -9 (VIOLATED)
_5361_/Y                                 10     19     -9 (VIOLATED)
_5371_/Y                                 10     19     -9 (VIOLATED)
_5382_/Y                                 10     19     -9 (VIOLATED)
_5404_/Y                                 10     19     -9 (VIOLATED)
_5416_/X                                 10     19     -9 (VIOLATED)
_5426_/X                                 10     19     -9 (VIOLATED)
_5448_/Y                                 10     19     -9 (VIOLATED)
_5459_/Y                                 10     19     -9 (VIOLATED)
_5490_/Y                                 10     19     -9 (VIOLATED)
_5500_/Y                                 10     19     -9 (VIOLATED)
_5510_/Y                                 10     19     -9 (VIOLATED)
_5520_/Y                                 10     19     -9 (VIOLATED)
_5530_/Y                                 10     19     -9 (VIOLATED)
_5540_/X                                 10     19     -9 (VIOLATED)
_5550_/Y                                 10     19     -9 (VIOLATED)
_5560_/Y                                 10     19     -9 (VIOLATED)
_5570_/Y                                 10     19     -9 (VIOLATED)
_5580_/Y                                 10     19     -9 (VIOLATED)
_5590_/Y                                 10     19     -9 (VIOLATED)
_5600_/X                                 10     19     -9 (VIOLATED)
_5620_/Y                                 10     19     -9 (VIOLATED)
_5630_/Y                                 10     19     -9 (VIOLATED)
_5640_/Y                                 10     19     -9 (VIOLATED)
_5652_/X                                 10     19     -9 (VIOLATED)
_5662_/Y                                 10     19     -9 (VIOLATED)
_6234_/Q                                 10     19     -9 (VIOLATED)
_6246_/Q                                 10     19     -9 (VIOLATED)
_6259_/Q                                 10     19     -9 (VIOLATED)
_6268_/Q                                 10     19     -9 (VIOLATED)
_6270_/Q                                 10     19     -9 (VIOLATED)
_6271_/Q                                 10     19     -9 (VIOLATED)
_6296_/Q                                 10     19     -9 (VIOLATED)
_6325_/Q                                 10     19     -9 (VIOLATED)
clkbuf_3_1_0_wb_clk_i_regs/X             10     19     -9 (VIOLATED)
clkbuf_leaf_10_wb_clk_i_regs/X           10     19     -9 (VIOLATED)
fanout114/X                              10     19     -9 (VIOLATED)
fanout129/X                              10     19     -9 (VIOLATED)
fanout131/X                              10     19     -9 (VIOLATED)
fanout138/X                              10     19     -9 (VIOLATED)
fanout161/X                              10     19     -9 (VIOLATED)
fanout167/X                              10     19     -9 (VIOLATED)
fanout191/X                              10     19     -9 (VIOLATED)
fanout230/X                              10     19     -9 (VIOLATED)
fanout234/X                              10     19     -9 (VIOLATED)
fanout237/X                              10     19     -9 (VIOLATED)
fanout240/X                              10     19     -9 (VIOLATED)
fanout255/X                              10     19     -9 (VIOLATED)
fanout261/X                              10     19     -9 (VIOLATED)
fanout263/X                              10     19     -9 (VIOLATED)
fanout268/X                              10     19     -9 (VIOLATED)
fanout281/X                              10     19     -9 (VIOLATED)
fanout289/X                              10     19     -9 (VIOLATED)
fanout295/X                              10     19     -9 (VIOLATED)
hold106/X                                10     19     -9 (VIOLATED)
hold9/X                                  10     19     -9 (VIOLATED)
clkbuf_leaf_52_wb_clk_i_regs/X           10     18     -8 (VIOLATED)
fanout367/X                              10     18     -8 (VIOLATED)
_3294_/X                                 10     17     -7 (VIOLATED)
_3472_/X                                 10     17     -7 (VIOLATED)
_3861_/X                                 10     17     -7 (VIOLATED)
_3891_/X                                 10     17     -7 (VIOLATED)
_4282_/X                                 10     17     -7 (VIOLATED)
_4355_/X                                 10     17     -7 (VIOLATED)
_4405_/Y                                 10     17     -7 (VIOLATED)
_6237_/Q                                 10     17     -7 (VIOLATED)
_6238_/Q                                 10     17     -7 (VIOLATED)
_6243_/Q                                 10     17     -7 (VIOLATED)
_6249_/Q                                 10     17     -7 (VIOLATED)
_6252_/Q                                 10     17     -7 (VIOLATED)
_6253_/Q                                 10     17     -7 (VIOLATED)
_6255_/Q                                 10     17     -7 (VIOLATED)
_6256_/Q                                 10     17     -7 (VIOLATED)
_6257_/Q                                 10     17     -7 (VIOLATED)
_6260_/Q                                 10     17     -7 (VIOLATED)
_6261_/Q                                 10     17     -7 (VIOLATED)
_6874_/Q                                 10     17     -7 (VIOLATED)
_6876_/Q                                 10     17     -7 (VIOLATED)
clkbuf_0_wb_clk_i_regs/X                 10     17     -7 (VIOLATED)
clkbuf_3_3_0_wb_clk_i_regs/X             10     17     -7 (VIOLATED)
clkbuf_leaf_40_wb_clk_i_regs/X           10     17     -7 (VIOLATED)
fanout112/X                              10     17     -7 (VIOLATED)
fanout136/X                              10     17     -7 (VIOLATED)
fanout140/X                              10     17     -7 (VIOLATED)
fanout142/X                              10     17     -7 (VIOLATED)
fanout150/X                              10     17     -7 (VIOLATED)
fanout342/X                              10     17     -7 (VIOLATED)
hold91/X                                 10     17     -7 (VIOLATED)
hold95/X                                 10     17     -7 (VIOLATED)
clkbuf_leaf_12_wb_clk_i_regs/X           10     16     -6 (VIOLATED)
clkbuf_leaf_2_wb_clk_i_regs/X            10     16     -6 (VIOLATED)
clkbuf_leaf_3_wb_clk_i_regs/X            10     16     -6 (VIOLATED)
clkbuf_leaf_50_wb_clk_i_regs/X           10     16     -6 (VIOLATED)
clkbuf_leaf_54_wb_clk_i_regs/X           10     16     -6 (VIOLATED)
_3548_/X                                 10     15     -5 (VIOLATED)
_4128_/X                                 10     15     -5 (VIOLATED)
_4144_/X                                 10     15     -5 (VIOLATED)
_4145_/Y                                 10     15     -5 (VIOLATED)
_4808_/Y                                 10     15     -5 (VIOLATED)
_5016_/X                                 10     15     -5 (VIOLATED)
_6240_/Q                                 10     15     -5 (VIOLATED)
_6241_/Q                                 10     15     -5 (VIOLATED)
_6250_/Q                                 10     15     -5 (VIOLATED)
clkbuf_3_5_0_wb_clk_i_regs/X             10     15     -5 (VIOLATED)
clkbuf_3_6_0_wb_clk_i_regs/X             10     15     -5 (VIOLATED)
clkbuf_leaf_14_wb_clk_i_regs/X           10     15     -5 (VIOLATED)
clkbuf_leaf_19_wb_clk_i_regs/X           10     15     -5 (VIOLATED)
clkbuf_leaf_27_wb_clk_i_regs/X           10     15     -5 (VIOLATED)
clkbuf_leaf_29_wb_clk_i_regs/X           10     15     -5 (VIOLATED)
clkbuf_leaf_57_wb_clk_i_regs/X           10     15     -5 (VIOLATED)
fanout173/X                              10     15     -5 (VIOLATED)
fanout179/X                              10     15     -5 (VIOLATED)
fanout190/X                              10     15     -5 (VIOLATED)
fanout206/X                              10     15     -5 (VIOLATED)
fanout212/X                              10     15     -5 (VIOLATED)
fanout214/X                              10     15     -5 (VIOLATED)
fanout216/X                              10     15     -5 (VIOLATED)
fanout244/X                              10     15     -5 (VIOLATED)
fanout298/X                              10     15     -5 (VIOLATED)
fanout355/X                              10     15     -5 (VIOLATED)
fanout359/X                              10     15     -5 (VIOLATED)
fanout360/X                              10     15     -5 (VIOLATED)
fanout372/X                              10     15     -5 (VIOLATED)
fanout377/X                              10     15     -5 (VIOLATED)
fanout395/X                              10     15     -5 (VIOLATED)
fanout412/X                              10     15     -5 (VIOLATED)
fanout423/X                              10     15     -5 (VIOLATED)
hold58/X                                 10     15     -5 (VIOLATED)
hold76/X                                 10     15     -5 (VIOLATED)
clkbuf_leaf_20_wb_clk_i_regs/X           10     14     -4 (VIOLATED)
clkbuf_leaf_37_wb_clk_i_regs/X           10     14     -4 (VIOLATED)
clkbuf_leaf_41_wb_clk_i_regs/X           10     14     -4 (VIOLATED)
clkbuf_leaf_47_wb_clk_i_regs/X           10     14     -4 (VIOLATED)
clkbuf_leaf_8_wb_clk_i_regs/X            10     14     -4 (VIOLATED)
fanout357/X                              10     14     -4 (VIOLATED)
_3091_/Y                                 10     13     -3 (VIOLATED)
_3111_/Y                                 10     13     -3 (VIOLATED)
_3408_/Y                                 10     13     -3 (VIOLATED)
_3425_/X                                 10     13     -3 (VIOLATED)
_3609_/X                                 10     13     -3 (VIOLATED)
_4123_/X                                 10     13     -3 (VIOLATED)
_4417_/X                                 10     13     -3 (VIOLATED)
_5121_/X                                 10     13     -3 (VIOLATED)
_6236_/Q                                 10     13     -3 (VIOLATED)
_6239_/Q                                 10     13     -3 (VIOLATED)
_6242_/Q                                 10     13     -3 (VIOLATED)
_6262_/Q                                 10     13     -3 (VIOLATED)
_6263_/Q                                 10     13     -3 (VIOLATED)
_6675_/Q                                 10     13     -3 (VIOLATED)
_6714_/Q                                 10     13     -3 (VIOLATED)
clkbuf_3_7_0_wb_clk_i_regs/X             10     13     -3 (VIOLATED)
clkbuf_leaf_16_wb_clk_i_regs/X           10     13     -3 (VIOLATED)
clkbuf_leaf_17_wb_clk_i_regs/X           10     13     -3 (VIOLATED)
clkbuf_leaf_42_wb_clk_i_regs/X           10     13     -3 (VIOLATED)
fanout119/X                              10     13     -3 (VIOLATED)
fanout121/X                              10     13     -3 (VIOLATED)
fanout162/X                              10     13     -3 (VIOLATED)
fanout171/X                              10     13     -3 (VIOLATED)
fanout177/X                              10     13     -3 (VIOLATED)
fanout204/X                              10     13     -3 (VIOLATED)
fanout210/X                              10     13     -3 (VIOLATED)
fanout228/X                              10     13     -3 (VIOLATED)
fanout290/X                              10     13     -3 (VIOLATED)
fanout293/X                              10     13     -3 (VIOLATED)
fanout351/X                              10     13     -3 (VIOLATED)
fanout365/X                              10     13     -3 (VIOLATED)
fanout401/X                              10     13     -3 (VIOLATED)
fanout419/X                              10     13     -3 (VIOLATED)
fanout433/X                              10     13     -3 (VIOLATED)
fanout436/X                              10     13     -3 (VIOLATED)
input72/X                                10     13     -3 (VIOLATED)
clkbuf_leaf_38_wb_clk_i_regs/X           10     12     -2 (VIOLATED)
fanout336/X                              10     12     -2 (VIOLATED)
fanout340/X                              10     12     -2 (VIOLATED)
fanout344/X                              10     12     -2 (VIOLATED)
fanout371/X                              10     12     -2 (VIOLATED)
fanout424/X                              10     12     -2 (VIOLATED)
input14/X                                10     12     -2 (VIOLATED)
input35/X                                10     12     -2 (VIOLATED)
input73/X                                10     12     -2 (VIOLATED)
_3099_/Y                                 10     11        (VIOLATED)
_3102_/Y                                 10     11        (VIOLATED)
_3115_/Y                                 10     11        (VIOLATED)
_3298_/X                                 10     11        (VIOLATED)
_3314_/Y                                 10     11        (VIOLATED)
_4263_/X                                 10     11        (VIOLATED)
_4433_/Y                                 10     11        (VIOLATED)
_4814_/X                                 10     11        (VIOLATED)
_6264_/Q                                 10     11        (VIOLATED)
_6326_/Q                                 10     11        (VIOLATED)
_6690_/Q                                 10     11        (VIOLATED)
_6873_/Q                                 10     11        (VIOLATED)
_6888_/Q                                 10     11        (VIOLATED)
clkbuf_leaf_25_wb_clk_i_regs/X           10     11        (VIOLATED)
clkbuf_leaf_26_wb_clk_i_regs/X           10     11        (VIOLATED)
clkbuf_leaf_28_wb_clk_i_regs/X           10     11        (VIOLATED)
clkbuf_leaf_7_wb_clk_i_regs/X            10     11        (VIOLATED)
fanout184/X                              10     11        (VIOLATED)
fanout221/X                              10     11        (VIOLATED)
fanout223/X                              10     11        (VIOLATED)
fanout233/X                              10     11        (VIOLATED)
fanout279/X                              10     11        (VIOLATED)
fanout324/X                              10     11        (VIOLATED)
fanout350/X                              10     11        (VIOLATED)
fanout364/X                              10     11        (VIOLATED)
fanout383/X                              10     11        (VIOLATED)
fanout391/X                              10     11        (VIOLATED)
fanout402/X                              10     11        (VIOLATED)
fanout403/X                              10     11        (VIOLATED)
input12/X                                10     11        (VIOLATED)
input13/X                                10     11        (VIOLATED)



===========================================================================
report_parasitic_annotation -report_unannotated
============================================================================
Found 98 unannotated drivers.
 clkload0/Y
 clkload1/X
 clkload10/Y
 clkload11/Y
 clkload12/Y
 clkload13/Y
 clkload14/Y
 clkload15/Y
 clkload16/Y
 clkload17/Y
 clkload18/Y
 clkload19/Y
 clkload2/Y
 clkload20/X
 clkload21/Y
 clkload22/Y
 clkload23/Y
 clkload24/Y
 clkload25/Y
 clkload26/Y
 clkload27/Y
 clkload28/Y
 clkload29/X
 clkload3/X
 clkload30/Y
 clkload31/Y
 clkload32/Y
 clkload33/Y
 clkload34/Y
 clkload35/Y
 clkload36/Y
 clkload37/Y
 clkload38/X
 clkload39/Y
 clkload4/Y
 clkload40/Y
 clkload41/Y
 clkload42/Y
 clkload43/Y
 clkload44/Y
 clkload45/Y
 clkload46/Y
 clkload47/Y
 clkload48/Y
 clkload49/Y
 clkload5/Y
 clkload50/Y
 clkload51/Y
 clkload52/Y
 clkload53/Y
 clkload54/Y
 clkload55/X
 clkload56/Y
 clkload57/Y
 clkload58/Y
 clkload6/Y
 clkload7/Y
 clkload8/Y
 clkload9/Y
 user_project_437/HI
 user_project_438/HI
 user_project_439/HI
 user_project_440/LO
 user_project_441/LO
 user_project_442/LO
 user_project_443/LO
 user_project_444/LO
 user_project_445/LO
 user_project_446/LO
 user_project_447/LO
 user_project_448/LO
 user_project_449/LO
 user_project_450/LO
 user_project_451/LO
 user_project_452/LO
 user_project_453/LO
 user_project_454/LO
 user_project_455/LO
 user_project_456/LO
 user_project_457/LO
 user_project_458/LO
 user_project_459/LO
 user_project_460/LO
 user_project_461/LO
 user_project_462/LO
 user_project_463/LO
 user_project_464/LO
 user_project_465/LO
 user_project_466/LO
 user_project_467/LO
 user_project_468/LO
 user_project_469/LO
 user_project_470/LO
 user_project_471/LO
 user_project_472/LO
 user_project_473/LO
 user_project_474/LO
 user_project_475/LO
Found 0 partially unannotated drivers.

===========================================================================
max slew violation count 639
max fanout violation count 387
max cap violation count 0
============================================================================

===========================================================================
check_setup -verbose -unconstrained_endpoints -multiple_clock -no_clock -no_input_delay -loops -generated_clocks
===========================================================================
Warning: There is 1 input port missing set_input_delay.
  uart_rx
Warning: There are 42 unconstrained endpoints.
  io_oeb[0]
  io_oeb[10]
  io_oeb[11]
  io_oeb[12]
  io_oeb[13]
  io_oeb[14]
  io_oeb[15]
  io_oeb[16]
  io_oeb[17]
  io_oeb[18]
  io_oeb[19]
  io_oeb[1]
  io_oeb[20]
  io_oeb[21]
  io_oeb[22]
  io_oeb[23]
  io_oeb[24]
  io_oeb[25]
  io_oeb[26]
  io_oeb[27]
  io_oeb[28]
  io_oeb[29]
  io_oeb[2]
  io_oeb[30]
  io_oeb[31]
  io_oeb[32]
  io_oeb[33]
  io_oeb[34]
  io_oeb[35]
  io_oeb[36]
  io_oeb[37]
  io_oeb[3]
  io_oeb[4]
  io_oeb[5]
  io_oeb[6]
  io_oeb[7]
  io_oeb[8]
  io_oeb[9]
  pwm_out
  uart_tx
  user_irq[2]
  _6837_/D
