
===========================================================================
 report_power
============================================================================
======================= max_ff_n40C_1v95 Corner ===================================

Group                    Internal    Switching      Leakage        Total
                            Power        Power        Power        Power (Watts)
------------------------------------------------------------------------
Sequential           1.411475e-03 1.540313e-07 1.330394e-08 1.411642e-03  47.9%
Combinational        5.839784e-05 1.883088e-04 4.246325e-08 2.467491e-04   8.4%
Clock                5.115361e-04 7.794229e-04 3.112360e-08 1.290990e-03  43.8%
Macro                0.000000e+00 0.000000e+00 0.000000e+00 0.000000e+00   0.0%
Pad                  0.000000e+00 0.000000e+00 0.000000e+00 0.000000e+00   0.0%
------------------------------------------------------------------------
Total                1.981406e-03 9.678854e-04 8.689143e-08 2.949379e-03 100.0%
                            67.2%        32.8%         0.0%

