Clock: clk
Sources: wb_clk_i 
Generated: no
Virtual: yes
Propagated: no
Period: 25.000000

===========================================================================
report_clock_properties
============================================================================
Clock                   Period          Waveform
----------------------------------------------------
clk                  25.000000    0.000000 12.500000

===========================================================================
report_clock_latency
============================================================================
Clock clk
rise -> rise
    min     max
4.650000 5.570000 source latency
5.418103         network latency _6288_/CLK
        6.418740 network latency _6669_/CLK
---------------
10.068103 11.988741 latency
        1.920638 skew

fall -> fall
    min     max
4.650000 5.570000 source latency
5.483928         network latency _6268_/CLK
        6.460972 network latency _6669_/CLK
---------------
10.133927 12.030972 latency
        1.897044 skew



===========================================================================
report_clock_min_period
============================================================================
clk period_min = 7.76 fmax = 128.86
