
===========================================================================
 report_power
============================================================================
======================= nom_tt_025C_1v80 Corner ===================================

Group                    Internal    Switching      Leakage        Total
                            Power        Power        Power        Power (Watts)
------------------------------------------------------------------------
Sequential           1.213262e-03 9.914454e-08 8.470850e-09 1.213369e-03  52.0%
Combinational        4.550758e-05 1.169234e-04 1.931618e-08 1.624503e-04   7.0%
Clock                4.177174e-04 5.420476e-04 3.829917e-09 9.597688e-04  41.1%
Macro                0.000000e+00 0.000000e+00 0.000000e+00 0.000000e+00   0.0%
Pad                  0.000000e+00 0.000000e+00 0.000000e+00 0.000000e+00   0.0%
------------------------------------------------------------------------
Total                1.676486e-03 6.590701e-04 3.162037e-08 2.335587e-03 100.0%
                            71.8%        28.2%         0.0%
Writing metric power__internal__total: 0.0016764855245128274
Writing metric power__switching__total: 0.0006590700941160321
Writing metric power__leakage__total: 3.162036676940261e-8
Writing metric power__total: 0.0023355872835963964

