
===========================================================================
 report_power
============================================================================
======================= nom_ff_n40C_1v95 Corner ===================================

Group                    Internal    Switching      Leakage        Total
                            Power        Power        Power        Power (Watts)
------------------------------------------------------------------------
Sequential           1.574930e-03 6.544289e-08 1.643655e-08 1.575012e-03  95.7%
Combinational        1.654406e-05 5.502831e-05 2.780206e-08 7.160017e-05   4.3%
Clock                0.000000e+00 0.000000e+00 0.000000e+00 0.000000e+00   0.0%
Macro                0.000000e+00 0.000000e+00 0.000000e+00 0.000000e+00   0.0%
Pad                  0.000000e+00 0.000000e+00 0.000000e+00 0.000000e+00   0.0%
------------------------------------------------------------------------
Total                1.591475e-03 5.509368e-05 4.423941e-08 1.646612e-03 100.0%
                            96.7%         3.3%         0.0%

