
===========================================================================
 report_power
============================================================================
======================= max_tt_025C_1v80 Corner ===================================

Group                    Internal    Switching      Leakage        Total
                            Power        Power        Power        Power (Watts)
------------------------------------------------------------------------
Sequential           1.214191e-03 1.472154e-07 8.461151e-09 1.214347e-03  49.7%
Combinational        4.908710e-05 1.625367e-04 1.962175e-08 2.116434e-04   8.7%
Clock                3.569504e-04 6.579863e-04 2.325314e-08 1.014960e-03  41.6%
Macro                0.000000e+00 0.000000e+00 0.000000e+00 0.000000e+00   0.0%
Pad                  0.000000e+00 0.000000e+00 0.000000e+00 0.000000e+00   0.0%
------------------------------------------------------------------------
Total                1.620225e-03 8.206703e-04 5.133681e-08 2.440947e-03 100.0%
                            66.4%        33.6%         0.0%

