┏━━━━━━━━━━━━━━━━━━━━━━┳━━━━━━━━━━┳━━━━━━━━━━┳━━━━━━━━━━┳━━━━━━━━━━┳━━━━━━━━━━━┳━━━━━━━━━━┳━━━━━━━━━━━┳━━━━━━━━━━┳━━━━━━━━━━━┳━━━━━━━━━━┳━━━━━━━━━━━┳━━━━━━━━━━┓
┃                      ┃ Hold     ┃ Reg to   ┃          ┃          ┃ of which  ┃ Setup    ┃           ┃          ┃           ┃ of which ┃           ┃          ┃
┃                      ┃ Worst    ┃ Reg      ┃          ┃ Hold Vio ┃ reg to    ┃ Worst    ┃ Reg to    ┃ Setup    ┃ Setup Vio ┃ reg to   ┃ Max Cap   ┃ Max Slew ┃
┃ Corner/Group         ┃ Slack    ┃ Paths    ┃ Hold TNS ┃ Count    ┃ reg       ┃ Slack    ┃ Reg Paths ┃ TNS      ┃ Count     ┃ reg      ┃ Violatio… ┃ Violati… ┃
┡━━━━━━━━━━━━━━━━━━━━━━╇━━━━━━━━━━╇━━━━━━━━━━╇━━━━━━━━━━╇━━━━━━━━━━╇━━━━━━━━━━━╇━━━━━━━━━━╇━━━━━━━━━━━╇━━━━━━━━━━╇━━━━━━━━━━━╇━━━━━━━━━━╇━━━━━━━━━━━╇━━━━━━━━━━┩
│ Overall              │ -0.4635  │ -0.0183  │ -17.9504 │ 806      │ 1         │ 6.4804   │ 6.4804    │ 0.0000   │ 0         │ 0        │ 14        │ 1205     │
│ nom_tt_025C_1v80     │ -0.0494  │ 0.1093   │ -17.9504 │ 400      │ 0         │ 10.9537  │ 16.9430   │ 0.0000   │ 0         │ 0        │ 1         │ 940      │
│ nom_ss_100C_1v60     │ 0.0602   │ 0.5139   │ 0.0000   │ 0        │ 0         │ 6.4804   │ 6.4804    │ 0.0000   │ 0         │ 0        │ 14        │ 1205     │
│ nom_ff_n40C_1v95     │ -0.4635  │ -0.0183  │ -17.9016 │ 406      │ 1         │ 11.0667  │ 20.2839   │ 0.0000   │ 0         │ 0        │ 1         │ 716      │
└──────────────────────┴──────────┴──────────┴──────────┴──────────┴───────────┴──────────┴───────────┴──────────┴───────────┴──────────┴───────────┴──────────┘
