
===========================================================================
 report_power
============================================================================
======================= nom_ss_100C_1v60 Corner ===================================

Group                    Internal    Switching      Leakage        Total
                            Power        Power        Power        Power (Watts)
------------------------------------------------------------------------
Sequential           9.281920e-04 4.010971e-08 1.314110e-05 9.413732e-04  93.5%
Combinational        1.256043e-05 3.645037e-05 1.675611e-05 6.576692e-05   6.5%
Clock                0.000000e+00 0.000000e+00 0.000000e+00 0.000000e+00   0.0%
Macro                0.000000e+00 0.000000e+00 0.000000e+00 0.000000e+00   0.0%
Pad                  0.000000e+00 0.000000e+00 0.000000e+00 0.000000e+00   0.0%
------------------------------------------------------------------------
Total                9.407526e-04 3.649044e-05 2.989722e-05 1.007140e-03 100.0%
                            93.4%         3.6%         3.0%

