┏━━━━━━━┳━━━━━━━━━┳━━━━━━━━━━┳━━━━━━━━━━━━━━━━━━━━━━━━━━━━━━━━━━━━━━━━━━━━━━━━┳━━━━━━━━━━━━━━━━━━━━━━━━━┳━━━━━━━┓
┃ P / R ┃ Partial ┃ Required ┃ Net                                            ┃ Pin                     ┃ Layer ┃
┡━━━━━━━╇━━━━━━━━━╇━━━━━━━━━━╇━━━━━━━━━━━━━━━━━━━━━━━━━━━━━━━━━━━━━━━━━━━━━━━━╇━━━━━━━━━━━━━━━━━━━━━━━━━╇━━━━━━━┩
│ 7.25  │ 2900.38 │ 400.00   │ net34                                          │ sram_inst/wbs_adr_i[9]  │ met3  │
│ 7.03  │ 2812.76 │ 400.00   │ net31                                          │ sram_inst/wbs_adr_i[6]  │ met3  │
│ 5.49  │ 2196.89 │ 400.00   │ uart_inst.IRQ                                  │ _6929_/A                │ met3  │
│ 5.06  │ 2024.19 │ 400.00   │ net5                                           │ sram_inst/wbs_adr_i[11] │ met3  │
│ 4.84  │ 1936.57 │ 400.00   │ net4                                           │ sram_inst/wbs_adr_i[10] │ met3  │
│ 4.40  │ 1761.33 │ 400.00   │ net32                                          │ sram_inst/wbs_adr_i[7]  │ met3  │
│ 4.40  │ 1761.33 │ 400.00   │ net33                                          │ sram_inst/wbs_adr_i[8]  │ met3  │
│ 4.18  │ 1673.71 │ 400.00   │ net69                                          │ sram_inst/wbs_sel_i[1]  │ met3  │
│ 3.75  │ 1498.48 │ 400.00   │ net70                                          │ sram_inst/wbs_sel_i[2]  │ met3  │
│ 2.87  │ 1148.00 │ 400.00   │ net560                                         │ _3134_/A                │ met3  │
│ 2.66  │ 1065.22 │ 400.00   │ net633                                         │ fanout355/A             │ met3  │
│ 2.66  │ 1065.22 │ 400.00   │ net633                                         │ fanout357/A             │ met3  │
│ 2.45  │ 979.00  │ 400.00   │ net353                                         │ _4751_/A0               │ met1  │
│ 2.43  │ 972.76  │ 400.00   │ net55                                          │ sram_inst/wbs_dat_i[27] │ met3  │
│ 2.28  │ 912.37  │ 400.00   │ net364                                         │ _3346_/A0               │ met1  │
│ 2.21  │ 885.14  │ 400.00   │ net56                                          │ sram_inst/wbs_dat_i[28] │ met3  │
│ 2.21  │ 885.14  │ 400.00   │ net57                                          │ sram_inst/wbs_dat_i[29] │ met3  │
│ 2.21  │ 885.14  │ 400.00   │ net59                                          │ sram_inst/wbs_dat_i[30] │ met3  │
│ 2.13  │ 853.22  │ 400.00   │ net365                                         │ _3339_/A1               │ met1  │
│ 2.05  │ 820.68  │ 400.00   │ net336                                         │ _5330_/A                │ met1  │
│ 1.99  │ 797.52  │ 400.00   │ net51                                          │ sram_inst/wbs_dat_i[23] │ met3  │
│ 1.86  │ 742.94  │ 400.00   │ net350                                         │ _3309_/A0               │ met1  │
│ 1.79  │ 717.76  │ 400.00   │ net2                                           │ fanout424/A             │ met1  │
│ 1.77  │ 709.90  │ 400.00   │ net53                                          │ sram_inst/wbs_dat_i[25] │ met3  │
│ 1.77  │ 709.90  │ 400.00   │ net607                                         │ _3328_/B                │ met3  │
│ 1.65  │ 658.79  │ 400.00   │ net344                                         │ _5328_/A                │ met1  │
│ 1.56  │ 622.29  │ 400.00   │ net30                                          │ sram_inst/wbs_adr_i[5]  │ met3  │
│ 1.56  │ 622.29  │ 400.00   │ net54                                          │ sram_inst/wbs_dat_i[26] │ met3  │
│ 1.56  │ 622.29  │ 400.00   │ net551                                         │ _3955_/A0               │ met3  │
│ 1.53  │ 612.83  │ 400.00   │ uart_inst.CFG_REG[7\]                          │ _3306_/A1               │ met1  │
│ 1.50  │ 4444.09 │ 2956.40  │ uart_inst.IRQ                                  │ _6929_/A                │ met4  │
│ 1.50  │ 598.50  │ 400.00   │ net366                                         │ _4177_/A0               │ met1  │
│ 1.49  │ 597.42  │ 400.00   │ net521                                         │ _3134_/B                │ met1  │
│ 1.47  │ 4358.99 │ 2969.60  │ pwm_inst.IRQ                                   │ _6928_/A                │ met4  │
│ 1.42  │ 567.39  │ 400.00   │ net6                                           │ _3129_/A                │ met2  │
│ 1.35  │ 539.83  │ 400.00   │ _2073_                                         │ _4104_/A2               │ met3  │
│ 1.34  │ 534.67  │ 400.00   │ net25                                          │ sram_inst/wbs_adr_i[2]  │ met3  │
│ 1.34  │ 534.67  │ 400.00   │ net37                                          │ sram_inst/wbs_dat_i[10] │ met3  │
│ 1.34  │ 534.67  │ 400.00   │ net38                                          │ sram_inst/wbs_dat_i[11] │ met3  │
│ 1.34  │ 534.67  │ 400.00   │ net39                                          │ sram_inst/wbs_dat_i[12] │ met3  │
│ 1.34  │ 534.67  │ 400.00   │ net40                                          │ sram_inst/wbs_dat_i[13] │ met3  │
│ 1.34  │ 534.67  │ 400.00   │ net49                                          │ sram_inst/wbs_dat_i[21] │ met3  │
│ 1.34  │ 534.67  │ 400.00   │ net50                                          │ sram_inst/wbs_dat_i[22] │ met3  │
│ 1.34  │ 534.67  │ 400.00   │ net52                                          │ sram_inst/wbs_dat_i[24] │ met3  │
│ 1.34  │ 534.67  │ 400.00   │ net589                                         │ _4746_/A0               │ met3  │
│ 1.31  │ 525.69  │ 400.00   │ net7                                           │ _3129_/B                │ met2  │
│ 1.24  │ 494.95  │ 400.00   │ _2509_                                         │ fanout175/A             │ met2  │
│ 1.20  │ 479.09  │ 400.00   │ net535                                         │ _3328_/A                │ met1  │
│ 1.17  │ 467.57  │ 400.00   │ net623                                         │ fanout360/A             │ met1  │
│ 1.16  │ 462.67  │ 400.00   │ _2912_                                         │ fanout117/A             │ met1  │
│ 1.12  │ 449.28  │ 400.00   │ uart_inst.instance_to_wrap.uart_rx.f_error_reg │ hold591/A               │ met1  │
│ 1.12  │ 447.05  │ 400.00   │ net42                                          │ sram_inst/wbs_dat_i[15] │ met3  │
│ 1.12  │ 447.05  │ 400.00   │ net45                                          │ sram_inst/wbs_dat_i[18] │ met3  │
│ 1.11  │ 445.76  │ 400.00   │ net352                                         │ _4257_/A0               │ met1  │
│ 1.10  │ 439.78  │ 400.00   │ net367                                         │ _3969_/A0               │ met1  │
│ 1.10  │ 438.83  │ 400.00   │ net557                                         │ _3134_/C_N              │ met1  │
│ 1.07  │ 426.25  │ 400.00   │ net339                                         │ _4273_/A1               │ met1  │
│ 1.03  │ 411.96  │ 400.00   │ net14                                          │ _3293_/A                │ met1  │
│ 1.01  │ 405.07  │ 400.00   │ net477                                         │ fanout345/A             │ met1  │
└───────┴─────────┴──────────┴────────────────────────────────────────────────┴─────────────────────────┴───────┘
