
===========================================================================
 report_power
============================================================================
======================= max_ss_100C_1v60 Corner ===================================

Group                    Internal    Switching      Leakage        Total
                            Power        Power        Power        Power (Watts)
------------------------------------------------------------------------
Sequential           9.305863e-04 1.149230e-07 1.261214e-05 9.433134e-04  48.5%
Combinational        3.976384e-05 1.409278e-04 2.235976e-05 2.030514e-04  10.4%
Clock                2.901752e-04 5.088642e-04 1.370541e-06 8.004099e-04  41.1%
Macro                0.000000e+00 0.000000e+00 0.000000e+00 0.000000e+00   0.0%
Pad                  0.000000e+00 0.000000e+00 0.000000e+00 0.000000e+00   0.0%
------------------------------------------------------------------------
Total                1.260524e-03 6.499064e-04 3.634351e-05 1.946773e-03 100.0%
                            64.7%        33.4%         1.9%

