
===========================================================================
 report_power
============================================================================
======================= nom_tt_025C_1v80 Corner ===================================

Group                    Internal    Switching      Leakage        Total
                            Power        Power        Power        Power (Watts)
------------------------------------------------------------------------
Sequential           1.240236e-03 8.538506e-08 8.092657e-09 1.240329e-03  94.8%
Combinational        1.549680e-05 5.257489e-05 1.364649e-08 6.808534e-05   5.2%
Clock                0.000000e+00 0.000000e+00 2.825332e-09 2.825332e-09   0.0%
Macro                0.000000e+00 0.000000e+00 0.000000e+00 0.000000e+00   0.0%
Pad                  0.000000e+00 0.000000e+00 0.000000e+00 0.000000e+00   0.0%
------------------------------------------------------------------------
Total                1.255732e-03 5.266019e-05 2.456472e-08 1.308417e-03 100.0%
                            96.0%         4.0%         0.0%
Writing metric power__internal__total: 0.0012557324953377247
Writing metric power__switching__total: 5.2660194342024624e-5
Writing metric power__leakage__total: 2.456471825951212e-8
Writing metric power__total: 0.0013084172969684005

