
===========================================================================
Violator List
============================================================================
[hold in-reg] wbs_dat_i[25] -> _6258_/D : -0.153249
[hold in-reg] wbs_dat_i[16] -> _6249_/D : -0.153055
[hold in-reg] wbs_dat_i[31] -> _6379_/D : -0.152992
[hold in-reg] wbs_dat_i[28] -> _6439_/D : -0.152694
[hold in-reg] wbs_dat_i[31] -> _6442_/D : -0.152477
[hold in-reg] wbs_dat_i[23] -> _6256_/D : -0.151755
[hold in-reg] wbs_dat_i[27] -> _6375_/D : -0.151706
[hold in-reg] wbs_dat_i[17] -> _6250_/D : -0.151608
[hold in-reg] wbs_dat_i[30] -> _6378_/D : -0.151466
[hold in-reg] wbs_dat_i[13] -> _6246_/D : -0.151370
[hold in-reg] wbs_dat_i[18] -> _6251_/D : -0.151329
[hold in-reg] wbs_dat_i[11] -> _6359_/D : -0.151243
[hold in-reg] wbs_dat_i[19] -> _6252_/D : -0.151115
[hold in-reg] wbs_dat_i[10] -> _6421_/D : -0.150629
[hold in-reg] wbs_dat_i[30] -> _6441_/D : -0.150358
[hold in-reg] wbs_dat_i[12] -> _6245_/D : -0.150355
[hold in-reg] wbs_dat_i[7] -> _6355_/D : -0.149701
[hold in-reg] wbs_dat_i[9] -> _6242_/D : -0.148803
[hold in-reg] wbs_dat_i[4] -> _6415_/D : -0.148714
[hold in-reg] wbs_dat_i[14] -> _6655_/D : -0.148080
[hold in-reg] wbs_dat_i[15] -> _6248_/D : -0.148077
[hold in-reg] wbs_dat_i[11] -> _6652_/D : -0.147807
[hold in-reg] wbs_dat_i[10] -> _6651_/D : -0.147437
[hold in-reg] wbs_dat_i[4] -> _6352_/D : -0.147367
[hold in-reg] wbs_dat_i[11] -> _6244_/D : -0.147316
[hold in-reg] wbs_dat_i[13] -> _6654_/D : -0.146986
[hold in-reg] wbs_dat_i[10] -> _6243_/D : -0.146622
[hold in-reg] wbs_dat_i[9] -> _6390_/D : -0.146243
[hold in-reg] wbs_dat_i[2] -> _6350_/D : -0.146080
[hold in-reg] wbs_dat_i[2] -> _6413_/D : -0.146071
[hold in-reg] wbs_dat_i[15] -> _6656_/D : -0.145703
[hold in-reg] wbs_dat_i[7] -> _6388_/D : -0.145160
[hold in-reg] wbs_dat_i[6] -> _6354_/D : -0.144667
[hold in-reg] wbs_dat_i[10] -> _6391_/D : -0.144535
[hold in-reg] wbs_dat_i[3] -> _6351_/D : -0.144420
[hold in-reg] wbs_dat_i[11] -> _6392_/D : -0.144298
[hold in-reg] wbs_dat_i[6] -> _6647_/D : -0.144133
[hold in-reg] wbs_dat_i[6] -> _6239_/D : -0.143840
[hold in-reg] wbs_dat_i[3] -> _6414_/D : -0.143708
[hold in-reg] wbs_dat_i[7] -> _6418_/D : -0.143572
[hold in-reg] wbs_dat_i[3] -> _6644_/D : -0.143193
[hold in-reg] wbs_dat_i[0] -> _6411_/D : -0.143148
[hold in-reg] wbs_dat_i[8] -> _6419_/D : -0.142857
[hold in-reg] wbs_dat_i[6] -> _6387_/D : -0.142653
[hold in-reg] wbs_dat_i[3] -> _6384_/D : -0.142383
[hold in-reg] wbs_dat_i[7] -> _6313_/D : -0.142198
[hold in-reg] wbs_dat_i[6] -> _6417_/D : -0.141887
[hold in-reg] wbs_dat_i[5] -> _6416_/D : -0.141727
[hold in-reg] wbs_dat_i[5] -> _6353_/D : -0.141475
[hold in-reg] wbs_dat_i[26] -> _6259_/D : -0.141453
[hold in-reg] wbs_dat_i[0] -> _6348_/D : -0.141129
[hold in-reg] wbs_dat_i[7] -> _6648_/D : -0.141126
[hold in-reg] wbs_dat_i[6] -> _6331_/D : -0.140760
[hold in-reg] wbs_dat_i[4] -> _6385_/D : -0.140433
[hold in-reg] wbs_dat_i[2] -> _6235_/D : -0.140395
[hold in-reg] wbs_dat_i[3] -> _6328_/D : -0.140353
[hold in-reg] wbs_dat_i[29] -> _6262_/D : -0.140341
[hold in-reg] wbs_dat_i[3] -> _6465_/D : -0.140328
[hold in-reg] wbs_dat_i[27] -> _6260_/D : -0.140255
[hold in-reg] wbs_dat_i[5] -> _6386_/D : -0.140041
[hold in-reg] wbs_dat_i[8] -> _6389_/D : -0.140041
[hold in-reg] wbs_dat_i[6] -> _6468_/D : -0.140022
[hold in-reg] wbs_dat_i[4] -> _6329_/D : -0.140014
[hold in-reg] wbs_dat_i[28] -> _6261_/D : -0.139938
[hold in-reg] wbs_dat_i[8] -> _6314_/D : -0.139855
[hold in-reg] wbs_dat_i[5] -> _6646_/D : -0.139792
[hold in-reg] wbs_dat_i[8] -> _6340_/D : -0.139512
[hold in-reg] wbs_dat_i[2] -> _6643_/D : -0.139452
[hold in-reg] wbs_dat_i[0] -> _6233_/D : -0.139350
[hold in-reg] wbs_dat_i[30] -> _6263_/D : -0.139117
[hold in-reg] wbs_dat_i[7] -> _6469_/D : -0.139023
[hold in-reg] wbs_dat_i[4] -> _6310_/D : -0.138777
[hold in-reg] wbs_dat_i[6] -> _6338_/D : -0.138769
[hold in-reg] wbs_dat_i[31] -> _6264_/D : -0.138754
[hold in-reg] wbs_dat_i[5] -> _6330_/D : -0.138737
[hold in-reg] wbs_dat_i[5] -> _6467_/D : -0.138676
[hold in-reg] wbs_dat_i[3] -> _6335_/D : -0.138593
[hold in-reg] wbs_dat_i[4] -> _6336_/D : -0.138383
[hold in-reg] wbs_dat_i[1] -> _6412_/D : -0.138338
[hold in-reg] wbs_dat_i[4] -> _6466_/D : -0.138318
[hold in-reg] wbs_dat_i[5] -> _6311_/D : -0.138096
[hold in-reg] wbs_dat_i[2] -> _6304_/D : -0.138063
[hold in-reg] wbs_dat_i[3] -> _6309_/D : -0.138016
[hold in-reg] wbs_dat_i[6] -> _6312_/D : -0.137845
[hold in-reg] wbs_dat_i[2] -> _6327_/D : -0.137357
[hold in-reg] wbs_dat_i[0] -> _6302_/D : -0.137212
[hold in-reg] wbs_dat_i[29] -> _6440_/D : -0.136995
[hold in-reg] wbs_dat_i[1] -> _6326_/D : -0.136879
[hold in-reg] wbs_dat_i[26] -> _6437_/D : -0.136864
[hold in-reg] wbs_dat_i[7] -> _6240_/D : -0.136831
[hold in-reg] wbs_dat_i[22] -> _6433_/D : -0.136818
[hold in-reg] wbs_dat_i[4] -> _6237_/D : -0.136649
[hold in-reg] wbs_dat_i[25] -> _6436_/D : -0.136539
[hold in-reg] wbs_dat_i[20] -> _6431_/D : -0.136513
[hold in-reg] wbs_dat_i[29] -> _6377_/D : -0.136504
[hold in-reg] wbs_dat_i[0] -> _6462_/D : -0.136489
[hold in-reg] wbs_dat_i[23] -> _6434_/D : -0.136441
[hold in-reg] wbs_dat_i[24] -> _6435_/D : -0.136407
[hold in-reg] wbs_dat_i[0] -> _6381_/D : -0.136401
[hold in-reg] wbs_dat_i[22] -> _6370_/D : -0.136370
[hold in-reg] wbs_dat_i[17] -> _6428_/D : -0.136368
[hold in-reg] wbs_dat_i[23] -> _6371_/D : -0.136255
[hold in-reg] wbs_dat_i[1] -> _6303_/D : -0.136221
[hold in-reg] wbs_dat_i[2] -> _6383_/D : -0.136167
[hold in-reg] wbs_dat_i[27] -> _6438_/D : -0.136131
[hold in-reg] wbs_dat_i[18] -> _6429_/D : -0.136095
[hold in-reg] wbs_dat_i[9] -> _6650_/D : -0.136056
[hold in-reg] wbs_dat_i[26] -> _6374_/D : -0.136041
[hold in-reg] wbs_dat_i[21] -> _6432_/D : -0.136035
[hold in-reg] wbs_dat_i[0] -> _6325_/D : -0.136001
[hold in-reg] wbs_dat_i[24] -> _6372_/D : -0.135996
[hold in-reg] wbs_dat_i[18] -> _6366_/D : -0.135976
[hold in-reg] wbs_dat_i[25] -> _6373_/D : -0.135932
[hold in-reg] wbs_dat_i[20] -> _6368_/D : -0.135844
[hold in-reg] wbs_dat_i[19] -> _6367_/D : -0.135612
[hold in-reg] wbs_dat_i[1] -> _6382_/D : -0.135556
[hold in-reg] wbs_dat_i[1] -> _6307_/D : -0.135508
[hold in-reg] wbs_dat_i[19] -> _6430_/D : -0.135496
[hold in-reg] wbs_dat_i[15] -> _6426_/D : -0.135436
[hold in-reg] wbs_dat_i[15] -> _6363_/D : -0.135305
[hold in-reg] wbs_dat_i[28] -> _6376_/D : -0.135302
[hold in-reg] wbs_dat_i[12] -> _6653_/D : -0.135276
[hold in-reg] wbs_dat_i[1] -> _6444_/D : -0.135236
[hold in-reg] wbs_dat_i[2] -> _6308_/D : -0.135177
[hold in-reg] wbs_dat_i[1] -> _6323_/D : -0.135132
[hold in-reg] wbs_dat_i[1] -> _6463_/D : -0.135121
[hold in-reg] wbs_dat_i[17] -> _6365_/D : -0.135115
[hold in-reg] wbs_dat_i[14] -> _6362_/D : -0.135056
[hold in-reg] wbs_dat_i[9] -> _6420_/D : -0.135034
[hold in-reg] wbs_dat_i[16] -> _6427_/D : -0.134967
[hold in-reg] wbs_dat_i[5] -> _6238_/D : -0.134944
[hold in-reg] wbs_dat_i[21] -> _6369_/D : -0.134922
[hold in-reg] wbs_dat_i[9] -> _6357_/D : -0.134921
[hold in-reg] wbs_dat_i[0] -> _6306_/D : -0.134879
[hold in-reg] wbs_dat_i[16] -> _6364_/D : -0.134851
[hold in-reg] wbs_dat_i[22] -> _6255_/D : -0.134748
[hold in-reg] wbs_dat_i[14] -> _6425_/D : -0.134742
[hold in-reg] wbs_dat_i[3] -> _6236_/D : -0.134575
[hold in-reg] wbs_dat_i[2] -> _6334_/D : -0.134496
[hold in-reg] wbs_dat_i[24] -> _6257_/D : -0.134490
[hold in-reg] wbs_dat_i[0] -> _6322_/D : -0.134349
[hold in-reg] wbs_dat_i[10] -> _6456_/D : -0.134347
[hold in-reg] wbs_dat_i[0] -> _6443_/D : -0.134313
[hold in-reg] wbs_dat_i[21] -> _6254_/D : -0.134298
[hold in-reg] wbs_dat_i[11] -> _6457_/D : -0.134166
[hold in-reg] wbs_dat_i[14] -> _6460_/D : -0.134166
[hold in-reg] wbs_dat_i[0] -> _6332_/D : -0.133968
[hold in-reg] wbs_dat_i[9] -> _6818_/D : -0.133916
[hold in-reg] wbs_dat_i[2] -> _6324_/D : -0.133739
[hold in-reg] wbs_dat_i[20] -> _6253_/D : -0.133638
[hold in-reg] wbs_dat_i[13] -> _6424_/D : -0.133634
[hold in-reg] wbs_dat_i[2] -> _6464_/D : -0.133531
[hold in-reg] wbs_dat_i[15] -> _6461_/D : -0.133411
[hold in-reg] wbs_dat_i[13] -> _6459_/D : -0.133376
[hold in-reg] wbs_dat_i[13] -> _6361_/D : -0.133253
[hold in-reg] wbs_dat_i[14] -> _6247_/D : -0.133157
[hold in-reg] wbs_dat_i[12] -> _6360_/D : -0.133113
[hold in-reg] wbs_dat_i[12] -> _6458_/D : -0.133063
[hold in-reg] wbs_dat_i[9] -> _6455_/D : -0.132911
[hold in-reg] wbs_dat_i[1] -> _6333_/D : -0.132894
[hold in-reg] wbs_dat_i[8] -> _6241_/D : -0.132865
[hold in-reg] wbs_dat_i[4] -> _6450_/D : -0.132727
[hold in-reg] wbs_dat_i[12] -> _6423_/D : -0.132657
[hold in-reg] wbs_dat_i[10] -> _6358_/D : -0.132625
[hold in-reg] wbs_dat_i[2] -> _6445_/D : -0.132125
[hold in-reg] wbs_dat_i[5] -> _6864_/D : -0.130701
[hold in-reg] wbs_dat_i[4] -> _6863_/D : -0.130539
[hold in-reg] wbs_dat_i[11] -> _6422_/D : -0.130389
[hold in-reg] wbs_dat_i[9] -> _6848_/D : -0.130135
[hold in-reg] wbs_dat_i[7] -> _6453_/D : -0.130113
[hold in-reg] wbs_dat_i[1] -> _6234_/D : -0.130071
[hold in-reg] wbs_dat_i[11] -> _6880_/D : -0.130061
[hold in-reg] wbs_dat_i[8] -> _6867_/D : -0.129908
[hold in-reg] wbs_dat_i[6] -> _6865_/D : -0.129516
[hold in-reg] wbs_dat_i[7] -> _6866_/D : -0.129214
[hold in-reg] wbs_dat_i[8] -> _6454_/D : -0.129118
[hold in-reg] wbs_dat_i[1] -> _6860_/D : -0.129108
[hold in-reg] wbs_dat_i[6] -> _6452_/D : -0.129011
[hold in-reg] wbs_dat_i[10] -> _6879_/D : -0.128710
[hold in-reg] wbs_dat_i[2] -> _6861_/D : -0.128627
[hold in-reg] wbs_dat_i[1] -> _6642_/D : -0.128611
[hold in-reg] wbs_dat_i[5] -> _6451_/D : -0.128555
[hold in-reg] wbs_dat_i[0] -> _6641_/D : -0.128523
[hold in-reg] wbs_dat_i[8] -> _6356_/D : -0.127867
[hold in-reg] wbs_dat_i[0] -> _6884_/D : -0.127844
[hold in-reg] wbs_dat_i[3] -> _6862_/D : -0.127844
[hold in-reg] wbs_dat_i[8] -> _6649_/D : -0.127723
[hold in-reg] wbs_dat_i[11] -> _6317_/D : -0.127620
[hold in-reg] wbs_dat_i[14] -> _6346_/D : -0.127592
[hold in-reg] wbs_dat_i[2] -> _6448_/D : -0.127089
[hold in-reg] wbs_dat_i[10] -> _6316_/D : -0.127040
[hold in-reg] wbs_dat_i[12] -> _6881_/D : -0.126745
[hold in-reg] wbs_dat_i[13] -> _6882_/D : -0.126718
[hold in-reg] wbs_dat_i[9] -> _6878_/D : -0.126609
[hold in-reg] wbs_dat_i[14] -> _6320_/D : -0.126493
[hold in-reg] wbs_dat_i[8] -> _6817_/D : -0.126491
[hold in-reg] wbs_dat_i[13] -> _6345_/D : -0.126480
[hold in-reg] wbs_dat_i[3] -> _6449_/D : -0.126396
[hold in-reg] wbs_dat_i[15] -> _6321_/D : -0.126382
[hold in-reg] wbs_dat_i[15] -> _6347_/D : -0.126313
[hold in-reg] wbs_dat_i[0] -> _6859_/D : -0.126184
[hold in-reg] wbs_dat_i[13] -> _6319_/D : -0.126177
[hold in-reg] wbs_dat_i[9] -> _6341_/D : -0.125965
[hold in-reg] wbs_dat_i[11] -> _6343_/D : -0.125931
[hold in-reg] wbs_dat_i[7] -> _6339_/D : -0.125700
[hold in-reg] wbs_dat_i[4] -> _6888_/D : -0.125471
[hold in-reg] wbs_dat_i[10] -> _6342_/D : -0.125470
[hold in-reg] wbs_dat_i[1] -> _6349_/D : -0.125058
[hold in-reg] wbs_dat_i[5] -> _6337_/D : -0.124771
[hold in-reg] wbs_dat_i[5] -> _6814_/D : -0.124738
[hold in-reg] wbs_dat_i[4] -> _6645_/D : -0.124486
[hold in-reg] wbs_dat_i[5] -> _6844_/D : -0.124423
[hold in-reg] wbs_dat_i[9] -> _6315_/D : -0.124205
[hold in-reg] wbs_dat_i[12] -> _6344_/D : -0.124162
[hold in-reg] wbs_dat_i[1] -> _6447_/D : -0.123823
[hold in-reg] wbs_dat_i[0] -> _6446_/D : -0.122667
[hold in-reg] wbs_dat_i[12] -> _6318_/D : -0.122087
[hold in-reg] wbs_dat_i[3] -> _6812_/D : -0.122074
[hold in-reg] wbs_dat_i[8] -> _6847_/D : -0.121842
[hold in-reg] wbs_dat_i[6] -> _6815_/D : -0.120640
[hold in-reg] wbs_dat_i[7] -> _6816_/D : -0.120209
[hold in-reg] wbs_dat_i[6] -> _6845_/D : -0.119340
[hold in-reg] wbs_dat_i[8] -> _6877_/D : -0.118968
[hold in-reg] wbs_dat_i[2] -> _6853_/D : -0.117951
[hold in-reg] wbs_dat_i[0] -> _6851_/D : -0.117036
[hold in-reg] wbs_dat_i[3] -> _6854_/D : -0.116881
[hold in-reg] wbs_dat_i[1] -> _6852_/D : -0.116701
[hold in-reg] wbs_dat_i[0] -> _6855_/D : -0.116449
[hold in-reg] wbs_dat_i[3] -> _6887_/D : -0.114709
[hold in-reg] wbs_dat_i[3] -> _6842_/D : -0.114502
[hold in-reg] wbs_dat_i[2] -> _6857_/D : -0.114354
[hold in-reg] wbs_dat_i[0] -> _6869_/D : -0.114286
[hold in-reg] wbs_dat_i[1] -> _6885_/D : -0.114195
[hold in-reg] wbs_dat_i[1] -> _6856_/D : -0.112561
[hold in-reg] wbs_dat_i[3] -> _6858_/D : -0.112066
[hold in-reg] wbs_dat_i[0] -> _6809_/D : -0.111590
[hold in-reg] wbs_dat_i[2] -> _6871_/D : -0.111525
[hold in-reg] wbs_dat_i[7] -> _6876_/D : -0.110962
[hold in-reg] wbs_dat_i[5] -> _6874_/D : -0.110509
[hold in-reg] wbs_dat_i[8] -> _6410_/D : -0.110052
[hold in-reg] wbs_dat_i[8] -> _6401_/D : -0.109881
[hold in-reg] wbs_dat_i[1] -> _6870_/D : -0.109691
[hold in-reg] wbs_dat_i[0] -> _6849_/D : -0.109680
[hold in-reg] wbs_dat_i[6] -> _6875_/D : -0.109159
[hold in-reg] wbs_dat_i[4] -> _6813_/D : -0.108966
[hold in-reg] wbs_dat_i[2] -> _6886_/D : -0.108763
[hold in-reg] wbs_dat_i[4] -> _6873_/D : -0.108298
[hold in-reg] wbs_dat_i[8] -> _6665_/D : -0.108208
[hold in-reg] wbs_dat_i[8] -> _6634_/D : -0.108193
[hold in-reg] wbs_dat_i[8] -> _6208_/D : -0.108061
[hold in-reg] wbs_dat_i[8] -> _6579_/D : -0.107832
[hold in-reg] wbs_dat_i[2] -> _6811_/D : -0.107574
[hold in-reg] wbs_dat_i[7] -> _6846_/D : -0.105887
[hold in-reg] wbs_dat_i[8] -> _6788_/D : -0.105101
[hold in-reg] wbs_dat_i[2] -> _6395_/D : -0.105039
[hold in-reg] wbs_dat_i[8] -> _6806_/D : -0.105024
[hold in-reg] wbs_dat_i[4] -> _6843_/D : -0.104807
[hold in-reg] wbs_dat_i[1] -> _6810_/D : -0.104377
[hold in-reg] wbs_dat_i[2] -> _6841_/D : -0.104105
[hold in-reg] wbs_dat_i[0] -> _6839_/D : -0.103793
[hold in-reg] wbs_dat_i[2] -> _6628_/D : -0.103778
[hold in-reg] wbs_dat_i[1] -> _6840_/D : -0.103487
[hold in-reg] wbs_dat_i[3] -> _6872_/D : -0.102328
[hold in-reg] wbs_dat_i[8] -> _6827_/D : -0.101668
[hold in-reg] wbs_dat_i[6] -> _6408_/D : -0.101150
[hold in-reg] wbs_dat_i[6] -> _6399_/D : -0.100551
[hold in-reg] wbs_dat_i[6] -> _6825_/D : -0.099903
[hold in-reg] wbs_dat_i[2] -> _6821_/D : -0.099831
[hold in-reg] wbs_dat_i[0] -> _6402_/D : -0.099434
[hold in-reg] wbs_dat_i[8] -> _6797_/D : -0.096745
[hold in-reg] wbs_dat_i[8] -> _6542_/D : -0.096378
[hold in-reg] wbs_dat_i[2] -> _6573_/D : -0.096195
[hold in-reg] wbs_dat_i[7] -> _6826_/D : -0.096162
[hold in-reg] wbs_dat_i[0] -> _6819_/D : -0.096102
[hold in-reg] wbs_dat_i[0] -> _6626_/D : -0.096088
[hold in-reg] wbs_dat_i[8] -> _6561_/D : -0.096056
[hold in-reg] wbs_dat_i[8] -> _6588_/D : -0.096011
[hold in-reg] wbs_dat_i[2] -> _6404_/D : -0.095881
[hold in-reg] wbs_dat_i[7] -> _6400_/D : -0.095599
[hold in-reg] wbs_dat_i[8] -> _6496_/D : -0.095185
[hold in-reg] wbs_dat_i[4] -> _6823_/D : -0.095182
[hold in-reg] wbs_dat_i[6] -> _6632_/D : -0.095097
[hold in-reg] wbs_dat_i[8] -> _6836_/D : -0.095068
[hold in-reg] wbs_dat_i[7] -> _6409_/D : -0.094956
[hold in-reg] wbs_dat_i[7] -> _6578_/D : -0.094930
[hold in-reg] wbs_dat_i[7] -> _6633_/D : -0.094763
[hold in-reg] wbs_dat_i[7] -> _6560_/D : -0.094721
[hold in-reg] wbs_dat_i[8] -> _6487_/D : -0.094485
[hold in-reg] wbs_dat_i[7] -> _6541_/D : -0.094404
[hold in-reg] wbs_dat_i[3] -> _6822_/D : -0.094396
[hold in-reg] wbs_dat_i[6] -> _6834_/D : -0.094325
[hold in-reg] wbs_dat_i[4] -> _6584_/D : -0.094248
[hold in-reg] wbs_dat_i[2] -> _6830_/D : -0.094201
[hold in-reg] wbs_dat_i[2] -> _6536_/D : -0.094098
[hold in-reg] wbs_dat_i[7] -> _6796_/D : -0.093954
[hold in-reg] wbs_dat_i[6] -> _6577_/D : -0.093936
[hold in-reg] wbs_dat_i[7] -> _6495_/D : -0.093807
[hold in-reg] wbs_dat_i[7] -> _6835_/D : -0.093660
[hold in-reg] wbs_dat_i[6] -> _6485_/D : -0.093652
[hold in-reg] wbs_dat_i[6] -> _6795_/D : -0.093640
[hold in-reg] wbs_dat_i[6] -> _6586_/D : -0.093620
[hold in-reg] wbs_dat_i[5] -> _6824_/D : -0.093558
[hold in-reg] wbs_dat_i[3] -> _6831_/D : -0.093538
[hold in-reg] wbs_dat_i[0] -> _6488_/D : -0.093518
[hold in-reg] wbs_dat_i[0] -> _6534_/D : -0.093336
[hold in-reg] wbs_dat_i[2] -> _6582_/D : -0.093153
[hold in-reg] wbs_dat_i[0] -> _6789_/D : -0.093142
[hold in-reg] wbs_dat_i[0] -> _6580_/D : -0.093126
[hold in-reg] wbs_dat_i[7] -> _6587_/D : -0.093083
[hold in-reg] wbs_dat_i[2] -> _6481_/D : -0.093004
[hold in-reg] wbs_dat_i[6] -> _6494_/D : -0.092784
[hold in-reg] wbs_dat_i[0] -> _6553_/D : -0.092781
[hold in-reg] wbs_dat_i[4] -> _6492_/D : -0.092633
[hold in-reg] wbs_dat_i[7] -> _6486_/D : -0.092621
[hold in-reg] wbs_dat_i[4] -> _6557_/D : -0.092617
[hold in-reg] wbs_dat_i[0] -> _6828_/D : -0.092595
[hold in-reg] wbs_dat_i[0] -> _6479_/D : -0.092505
[hold in-reg] wbs_dat_i[4] -> _6538_/D : -0.092335
[hold in-reg] wbs_dat_i[4] -> _6832_/D : -0.092196
[hold in-reg] wbs_dat_i[2] -> _6555_/D : -0.092031
[hold in-reg] wbs_dat_i[4] -> _6483_/D : -0.091755
[hold in-reg] wbs_dat_i[0] -> _6780_/D : -0.091669
[hold in-reg] wbs_dat_i[5] -> _6833_/D : -0.091494
[hold in-reg] wbs_dat_i[6] -> _6786_/D : -0.091406
[hold in-reg] wbs_dat_i[0] -> _6798_/D : -0.091310
[hold in-reg] wbs_dat_i[6] -> _6540_/D : -0.091280
[hold in-reg] wbs_dat_i[2] -> _6800_/D : -0.091176
[hold in-reg] wbs_dat_i[0] -> _6200_/D : -0.091148
[hold in-reg] wbs_dat_i[2] -> _6782_/D : -0.090866
[hold in-reg] wbs_dat_i[1] -> _6820_/D : -0.090849
[hold in-reg] wbs_dat_i[0] -> _6657_/D : -0.090710
[hold in-reg] wbs_dat_i[5] -> _6558_/D : -0.090673
[hold in-reg] wbs_dat_i[2] -> _6659_/D : -0.090558
[hold in-reg] wbs_dat_i[4] -> _6793_/D : -0.090548
[hold in-reg] wbs_dat_i[6] -> _6559_/D : -0.090436
[hold in-reg] wbs_dat_i[5] -> _6539_/D : -0.090381
[hold in-reg] wbs_dat_i[2] -> _6202_/D : -0.090218
[hold in-reg] wbs_dat_i[5] -> _6493_/D : -0.090069
[hold in-reg] wbs_dat_i[3] -> _6583_/D : -0.090035
[hold in-reg] wbs_dat_i[2] -> _6490_/D : -0.089931
[hold in-reg] wbs_dat_i[5] -> _6794_/D : -0.089567
[hold in-reg] wbs_dat_i[3] -> _6537_/D : -0.089301
[hold in-reg] wbs_dat_i[3] -> _6491_/D : -0.089107
[hold in-reg] wbs_dat_i[7] -> _6207_/D : -0.089103
[hold in-reg] wbs_dat_i[4] -> _6802_/D : -0.089037
[hold in-reg] wbs_dat_i[2] -> _6791_/D : -0.088985
[hold in-reg] wbs_dat_i[3] -> _6792_/D : -0.088949
[hold in-reg] wbs_dat_i[5] -> _6585_/D : -0.088908
[hold in-reg] wbs_dat_i[4] -> _6784_/D : -0.088905
[hold in-reg] wbs_dat_i[7] -> _6664_/D : -0.088886
[hold in-reg] wbs_dat_i[3] -> _6482_/D : -0.088874
[hold in-reg] wbs_dat_i[3] -> _6556_/D : -0.088865
[hold in-reg] wbs_dat_i[5] -> _6484_/D : -0.088781
[hold in-reg] wbs_dat_i[1] -> _6535_/D : -0.088760
[hold in-reg] wbs_dat_i[4] -> _6204_/D : -0.088674
[hold in-reg] wbs_dat_i[1] -> _6829_/D : -0.088659
[hold in-reg] wbs_dat_i[4] -> _6661_/D : -0.088612
[hold in-reg] wbs_dat_i[1] -> _6489_/D : -0.088573
[hold in-reg] wbs_dat_i[5] -> _6407_/D : -0.088572
[hold in-reg] wbs_dat_i[6] -> _6206_/D : -0.087781
[hold in-reg] wbs_dat_i[5] -> _6631_/D : -0.087663
[hold in-reg] wbs_dat_i[1] -> _6790_/D : -0.087476
[hold in-reg] wbs_dat_i[6] -> _6663_/D : -0.087255
[hold in-reg] wbs_dat_i[1] -> _6480_/D : -0.087179
[hold in-reg] wbs_dat_i[1] -> _6554_/D : -0.087109
[hold in-reg] wbs_dat_i[3] -> _6783_/D : -0.087094
[hold in-reg] wbs_dat_i[3] -> _6660_/D : -0.087054
[hold in-reg] wbs_dat_i[1] -> _6581_/D : -0.086915
[hold in-reg] wbs_dat_i[3] -> _6203_/D : -0.086297
[hold in-reg] wbs_dat_i[1] -> _6781_/D : -0.085305
[hold in-reg] wbs_dat_i[3] -> _6801_/D : -0.085288
[hold in-reg] wbs_dat_i[1] -> _6799_/D : -0.085234
[hold in-reg] wbs_dat_i[1] -> _6658_/D : -0.085171
[hold in-reg] wbs_dat_i[0] -> _6868_/D : -0.084881
[hold in-reg] wbs_dat_i[1] -> _6201_/D : -0.084508
[hold in-reg] wbs_dat_i[3] -> _6396_/D : -0.084253
[hold in-reg] wbs_dat_i[3] -> _6574_/D : -0.084199
[hold in-reg] wbs_dat_i[4] -> _6397_/D : -0.083122
[hold in-reg] wbs_dat_i[4] -> _6406_/D : -0.083052
[hold in-reg] wbs_dat_i[5] -> _6205_/D : -0.083036
[hold in-reg] wbs_dat_i[0] -> _6571_/D : -0.083033
[hold in-reg] wbs_dat_i[0] -> _6393_/D : -0.082757
[hold in-reg] wbs_dat_i[4] -> _6575_/D : -0.082571
[hold in-reg] wbs_dat_i[3] -> _6629_/D : -0.082538
[hold in-reg] wbs_dat_i[4] -> _6630_/D : -0.082530
[hold in-reg] wbs_dat_i[5] -> _6803_/D : -0.081946
[hold in-reg] wbs_dat_i[5] -> _6785_/D : -0.081838
[hold in-reg] wbs_dat_i[5] -> _6662_/D : -0.081685
[hold in-reg] wbs_dat_i[5] -> _6398_/D : -0.081592
[hold in-reg] wbs_dat_i[1] -> _6403_/D : -0.081325
[hold in-reg] wbs_dat_i[5] -> _6576_/D : -0.081204
[hold in-reg] wbs_dat_i[3] -> _6405_/D : -0.080985
[hold in-reg] wbs_dat_i[7] -> _6787_/D : -0.079536
[hold in-reg] wbs_dat_i[7] -> _6805_/D : -0.079292
[hold in-reg] wbs_dat_i[1] -> _6572_/D : -0.079071
[hold in-reg] wbs_dat_i[1] -> _6394_/D : -0.078865
[hold in-reg] wbs_dat_i[1] -> _6627_/D : -0.077572
[hold in-reg] wbs_dat_i[6] -> _6804_/D : -0.077231
Writing metric timing__hold_vio__count__corner:nom_tt_025C_1v80: 398
Writing metric timing__hold_r2r__ws__corner:nom_tt_025C_1v80: 0.117237
Writing metric timing__hold_r2r_vio__count__corner:nom_tt_025C_1v80: 0
Writing metric timing__setup_vio__count__corner:nom_tt_025C_1v80: 0
Writing metric timing__setup_r2r__ws__corner:nom_tt_025C_1v80: 16.608334
Writing metric timing__setup_r2r_vio__count__corner:nom_tt_025C_1v80: 0
