                                                                       Cells by Function                                                                        
┏━━━━━━━━━━━━━━━━━━━━━━━━━━━━━━━━━━━━━━━━━━━━━━━━━━━━━━━━━━━━━━━━━━━━━━━━━━━━━━━━━━━━━━━━━━━━━━━━━━━━━━━━━━━━━━━━━━━━━━━━━━━━━━━━━┳━━━━━━━━━━━━━━━━━━━━━━━━━━━━┓
┃ Cell Function                                                                                                                   ┃ Count                      ┃
┡━━━━━━━━━━━━━━━━━━━━━━━━━━━━━━━━━━━━━━━━━━━━━━━━━━━━━━━━━━━━━━━━━━━━━━━━━━━━━━━━━━━━━━━━━━━━━━━━━━━━━━━━━━━━━━━━━━━━━━━━━━━━━━━━━╇━━━━━━━━━━━━━━━━━━━━━━━━━━━━┩
│ sky130_ef_sc_hd__decap                                                                                                          │ 14596                      │
│ sky130_fd_sc_hd__a2111o                                                                                                         │ 6                          │
│ sky130_fd_sc_hd__a211o                                                                                                          │ 58                         │
│ sky130_fd_sc_hd__a211oi                                                                                                         │ 4                          │
│ sky130_fd_sc_hd__a21bo                                                                                                          │ 13                         │
│ sky130_fd_sc_hd__a21boi                                                                                                         │ 5                          │
│ sky130_fd_sc_hd__a21o                                                                                                           │ 52                         │
│ sky130_fd_sc_hd__a21oi                                                                                                          │ 57                         │
│ sky130_fd_sc_hd__a221o                                                                                                          │ 71                         │
│ sky130_fd_sc_hd__a22o                                                                                                           │ 88                         │
│ sky130_fd_sc_hd__a22oi                                                                                                          │ 5                          │
│ sky130_fd_sc_hd__a2bb2o                                                                                                         │ 21                         │
│ sky130_fd_sc_hd__a311o                                                                                                          │ 3                          │
│ sky130_fd_sc_hd__a31o                                                                                                           │ 34                         │
│ sky130_fd_sc_hd__a31oi                                                                                                          │ 2                          │
│ sky130_fd_sc_hd__a32o                                                                                                           │ 45                         │
│ sky130_fd_sc_hd__a41o                                                                                                           │ 3                          │
│ sky130_fd_sc_hd__and2                                                                                                           │ 52                         │
│ sky130_fd_sc_hd__and2b                                                                                                          │ 20                         │
│ sky130_fd_sc_hd__and3                                                                                                           │ 52                         │
│ sky130_fd_sc_hd__and3b                                                                                                          │ 15                         │
│ sky130_fd_sc_hd__and4                                                                                                           │ 18                         │
│ sky130_fd_sc_hd__and4b                                                                                                          │ 8                          │
│ sky130_fd_sc_hd__and4bb                                                                                                         │ 4                          │
│ sky130_fd_sc_hd__buf                                                                                                            │ 236                        │
│ sky130_fd_sc_hd__bufinv                                                                                                         │ 1                          │
│ sky130_fd_sc_hd__clkbuf                                                                                                         │ 280                        │
│ sky130_fd_sc_hd__clkinv                                                                                                         │ 14                         │
│ sky130_fd_sc_hd__clkinvlp                                                                                                       │ 3                          │
│ sky130_fd_sc_hd__conb                                                                                                           │ 39                         │
│ sky130_fd_sc_hd__decap                                                                                                          │ 6897                       │
│ sky130_fd_sc_hd__dfrtp                                                                                                          │ 437                        │
│ sky130_fd_sc_hd__dfstp                                                                                                          │ 26                         │
│ sky130_fd_sc_hd__dfxtp                                                                                                          │ 292                        │
│ sky130_fd_sc_hd__diode                                                                                                          │ 4467                       │
│ sky130_fd_sc_hd__dlygate4sd3                                                                                                    │ 612                        │
│ sky130_fd_sc_hd__dlymetal6s2s                                                                                                   │ 5                          │
│ sky130_fd_sc_hd__fill                                                                                                           │ 5958                       │
│ sky130_fd_sc_hd__inv                                                                                                            │ 592                        │
│ sky130_fd_sc_hd__mux2                                                                                                           │ 695                        │
│ sky130_fd_sc_hd__mux4                                                                                                           │ 9                          │
│ sky130_fd_sc_hd__nand2                                                                                                          │ 142                        │
│ sky130_fd_sc_hd__nand2b                                                                                                         │ 13                         │
│ sky130_fd_sc_hd__nand3                                                                                                          │ 5                          │
│ sky130_fd_sc_hd__nand3b                                                                                                         │ 2                          │
│ sky130_fd_sc_hd__nand4                                                                                                          │ 2                          │
│ sky130_fd_sc_hd__nor2                                                                                                           │ 138                        │
│ sky130_fd_sc_hd__nor3                                                                                                           │ 4                          │
│ sky130_fd_sc_hd__nor3b                                                                                                          │ 1                          │
│ sky130_fd_sc_hd__nor4                                                                                                           │ 3                          │
│ sky130_fd_sc_hd__nor4b                                                                                                          │ 1                          │
│ sky130_fd_sc_hd__o2111a                                                                                                         │ 1                          │
│ sky130_fd_sc_hd__o211a                                                                                                          │ 62                         │
│ sky130_fd_sc_hd__o211ai                                                                                                         │ 4                          │
│ sky130_fd_sc_hd__o21a                                                                                                           │ 54                         │
│ sky130_fd_sc_hd__o21ai                                                                                                          │ 69                         │
│ sky130_fd_sc_hd__o21ba                                                                                                          │ 14                         │
│ sky130_fd_sc_hd__o21bai                                                                                                         │ 1                          │
│ sky130_fd_sc_hd__o221a                                                                                                          │ 108                        │
│ sky130_fd_sc_hd__o221ai                                                                                                         │ 6                          │
│ sky130_fd_sc_hd__o22a                                                                                                           │ 54                         │
│ sky130_fd_sc_hd__o22ai                                                                                                          │ 2                          │
│ sky130_fd_sc_hd__o2bb2a                                                                                                         │ 15                         │
│ sky130_fd_sc_hd__o311a                                                                                                          │ 4                          │
│ sky130_fd_sc_hd__o31a                                                                                                           │ 24                         │
│ sky130_fd_sc_hd__o31ai                                                                                                          │ 1                          │
│ sky130_fd_sc_hd__o32a                                                                                                           │ 1                          │
│ sky130_fd_sc_hd__o41ai                                                                                                          │ 1                          │
│ sky130_fd_sc_hd__or2                                                                                                            │ 160                        │
│ sky130_fd_sc_hd__or3                                                                                                            │ 41                         │
│ sky130_fd_sc_hd__or3b                                                                                                           │ 23                         │
│ sky130_fd_sc_hd__or4                                                                                                            │ 64                         │
│ sky130_fd_sc_hd__or4b                                                                                                           │ 11                         │
│ sky130_fd_sc_hd__or4bb                                                                                                          │ 2                          │
│ sky130_fd_sc_hd__tapvpwrvgnd                                                                                                    │ 4884                       │
│ sky130_fd_sc_hd__xnor2                                                                                                          │ 82                         │
│ sky130_fd_sc_hd__xor2                                                                                                           │ 75                         │
└─────────────────────────────────────────────────────────────────────────────────────────────────────────────────────────────────┴────────────────────────────┘
