┏━━━━━━━━━━━━━━━━━━━━━━┳━━━━━━━━━━┳━━━━━━━━━━┳━━━━━━━━━━┳━━━━━━━━━━┳━━━━━━━━━━━┳━━━━━━━━━━┳━━━━━━━━━━━┳━━━━━━━━━━┳━━━━━━━━━━━┳━━━━━━━━━━┳━━━━━━━━━━━┳━━━━━━━━━━┓
┃                      ┃ Hold     ┃ Reg to   ┃          ┃          ┃ of which  ┃ Setup    ┃           ┃          ┃           ┃ of which ┃           ┃          ┃
┃                      ┃ Worst    ┃ Reg      ┃          ┃ Hold Vio ┃ reg to    ┃ Worst    ┃ Reg to    ┃ Setup    ┃ Setup Vio ┃ reg to   ┃ Max Cap   ┃ Max Slew ┃
┃ Corner/Group         ┃ Slack    ┃ Paths    ┃ Hold TNS ┃ Count    ┃ reg       ┃ Slack    ┃ Reg Paths ┃ TNS      ┃ Count     ┃ reg      ┃ Violatio… ┃ Violati… ┃
┡━━━━━━━━━━━━━━━━━━━━━━╇━━━━━━━━━━╇━━━━━━━━━━╇━━━━━━━━━━╇━━━━━━━━━━╇━━━━━━━━━━━╇━━━━━━━━━━╇━━━━━━━━━━━╇━━━━━━━━━━╇━━━━━━━━━━━╇━━━━━━━━━━╇━━━━━━━━━━━╇━━━━━━━━━━┩
│ Overall              │ 0.0330   │ 0.1046   │ 0.0000   │ 0        │ 0         │ 1.0688   │ 6.6637    │ 0.0000   │ 0         │ 0        │ 0         │ 639      │
│ nom_tt_025C_1v80     │ 0.2928   │ 0.2959   │ 0.0000   │ 0        │ 0         │ 8.6233   │ 16.9772   │ 0.0000   │ 0         │ 0        │ 0         │ 224      │
│ nom_ss_100C_1v60     │ 0.0452   │ 0.8399   │ 0.0000   │ 0        │ 0         │ 1.2557   │ 6.8146    │ 0.0000   │ 0         │ 0        │ 0         │ 473      │
│ nom_ff_n40C_1v95     │ 0.1073   │ 0.1073   │ 0.0000   │ 0        │ 0         │ 10.7752  │ 20.2362   │ 0.0000   │ 0         │ 0        │ 0         │ 192      │
│ min_tt_025C_1v80     │ 0.2912   │ 0.2912   │ 0.0000   │ 0        │ 0         │ 8.7361   │ 17.0499   │ 0.0000   │ 0         │ 0        │ 0         │ 208      │
│ min_ss_100C_1v60     │ 0.0583   │ 0.8318   │ 0.0000   │ 0        │ 0         │ 1.4505   │ 6.9626    │ 0.0000   │ 0         │ 0        │ 0         │ 367      │
│ min_ff_n40C_1v95     │ 0.1046   │ 0.1046   │ 0.0000   │ 0        │ 0         │ 10.8121  │ 20.2837   │ 0.0000   │ 0         │ 0        │ 0         │ 192      │
│ max_tt_025C_1v80     │ 0.2846   │ 0.3013   │ 0.0000   │ 0        │ 0         │ 8.5195   │ 16.9082   │ 0.0000   │ 0         │ 0        │ 0         │ 224      │
│ max_ss_100C_1v60     │ 0.0330   │ 0.8525   │ 0.0000   │ 0        │ 0         │ 1.0688   │ 6.6637    │ 0.0000   │ 0         │ 0        │ 0         │ 639      │
│ max_ff_n40C_1v95     │ 0.1107   │ 0.1107   │ 0.0000   │ 0        │ 0         │ 10.7480  │ 20.1874   │ 0.0000   │ 0         │ 0        │ 0         │ 192      │
└──────────────────────┴──────────┴──────────┴──────────┴──────────┴───────────┴──────────┴───────────┴──────────┴───────────┴──────────┴───────────┴──────────┘
