
===========================================================================
 report_power
============================================================================
======================= nom_tt_025C_1v80 Corner ===================================

Group                    Internal    Switching      Leakage        Total
                            Power        Power        Power        Power (Watts)
------------------------------------------------------------------------
Sequential           1.213162e-03 9.118487e-08 8.461151e-09 1.213262e-03  55.4%
Combinational        4.921195e-05 1.091098e-04 1.962180e-08 1.583414e-04   7.2%
Clock                3.564556e-04 4.602159e-04 3.706087e-09 8.166753e-04  37.3%
Macro                0.000000e+00 0.000000e+00 0.000000e+00 0.000000e+00   0.0%
Pad                  0.000000e+00 0.000000e+00 0.000000e+00 0.000000e+00   0.0%
------------------------------------------------------------------------
Total                1.618828e-03 5.694166e-04 3.178931e-08 2.188276e-03 100.0%
                            74.0%        26.0%         0.0%
Writing metric power__internal__total: 0.0016188276931643486
Writing metric power__switching__total: 0.0005694166175089777
Writing metric power__leakage__total: 3.178930541025693e-8
Writing metric power__total: 0.0021882762666791677

