
===========================================================================
 report_power
============================================================================
======================= nom_tt_025C_1v80 Corner ===================================

Group                    Internal    Switching      Leakage        Total
                            Power        Power        Power        Power (Watts)
------------------------------------------------------------------------
Sequential           1.214036e-03 1.394118e-07 8.461151e-09 1.214184e-03  50.3%
Combinational        4.910984e-05 1.564450e-04 1.962175e-08 2.055745e-04   8.5%
Clock                3.570903e-04 6.347902e-04 2.325314e-08 9.919038e-04  41.1%
Macro                0.000000e+00 0.000000e+00 0.000000e+00 0.000000e+00   0.0%
Pad                  0.000000e+00 0.000000e+00 0.000000e+00 0.000000e+00   0.0%
------------------------------------------------------------------------
Total                1.620234e-03 7.913746e-04 5.133681e-08 2.411660e-03 100.0%
                            67.2%        32.8%         0.0%

