Clock: clk
Sources: wb_clk_i 
Generated: no
Virtual: yes
Propagated: no
Period: 25.000000

===========================================================================
report_clock_properties
============================================================================
Clock                   Period          Waveform
----------------------------------------------------
clk                  25.000000    0.000000 12.500000

===========================================================================
report_clock_latency
============================================================================
Clock clk
rise -> rise
    min     max
4.650000 5.570000 source latency
5.061265         network latency sram_inst/wb_clk_i
        6.614492 network latency _6147_/CLK
---------------
9.711265 12.184492 latency
        2.473227 skew

fall -> fall
    min     max
4.650000 5.570000 source latency
5.646610         network latency _6256_/CLK
        6.112867 network latency sram_inst/wb_clk_i
---------------
10.296610 11.682866 latency
        1.386256 skew



===========================================================================
report_clock_min_period
============================================================================
clk period_min = 7.96 fmax = 125.57
