                                                                     Buffers by Cell Master                                                                     
┏━━━━━━━━━━━━━━━━━━━━━━━━━━━━━━━━━━━━━━━━━━━━━━━━━━━━━━━━━━━━━━━━━━━━━━━━━━━━━━━━━━━━━━━━━━━━━━━━━━━━━━━━━━━━━━━━━━━━━━━━━━━━━━━━━━┳━━━━━━━━━━━━━━━━━━━━━━━━━━━┓
┃ Buffer                                                                                                                           ┃ Count                     ┃
┡━━━━━━━━━━━━━━━━━━━━━━━━━━━━━━━━━━━━━━━━━━━━━━━━━━━━━━━━━━━━━━━━━━━━━━━━━━━━━━━━━━━━━━━━━━━━━━━━━━━━━━━━━━━━━━━━━━━━━━━━━━━━━━━━━━╇━━━━━━━━━━━━━━━━━━━━━━━━━━━┩
│ sky130_fd_sc_hd__buf_1                                                                                                           │ 4                         │
│ sky130_fd_sc_hd__buf_12                                                                                                          │ 37                        │
│ sky130_fd_sc_hd__buf_2                                                                                                           │ 98                        │
│ sky130_fd_sc_hd__buf_4                                                                                                           │ 88                        │
│ sky130_fd_sc_hd__buf_6                                                                                                           │ 1                         │
│ sky130_fd_sc_hd__clkbuf_1                                                                                                        │ 6                         │
│ sky130_fd_sc_hd__clkbuf_16                                                                                                       │ 1                         │
│ sky130_fd_sc_hd__clkbuf_2                                                                                                        │ 35                        │
│ sky130_fd_sc_hd__clkbuf_4                                                                                                        │ 151                       │
│ sky130_fd_sc_hd__clkbuf_8                                                                                                        │ 83                        │
│ sky130_fd_sc_hd__dlygate4sd3_1                                                                                                   │ 593                       │
│ sky130_fd_sc_hd__dlymetal6s2s_1                                                                                                  │ 5                         │
└──────────────────────────────────────────────────────────────────────────────────────────────────────────────────────────────────┴───────────────────────────┘
