
===========================================================================
 report_power
============================================================================
======================= min_ss_100C_1v60 Corner ===================================

Group                    Internal    Switching      Leakage        Total
                            Power        Power        Power        Power (Watts)
------------------------------------------------------------------------
Sequential           9.307961e-04 1.017314e-07 1.261214e-05 9.435100e-04  50.1%
Combinational        3.982582e-05 1.162575e-04 2.235976e-05 1.784431e-04   9.5%
Clock                2.904625e-04 4.711692e-04 1.370541e-06 7.630023e-04  40.5%
Macro                0.000000e+00 0.000000e+00 0.000000e+00 0.000000e+00   0.0%
Pad                  0.000000e+00 0.000000e+00 0.000000e+00 0.000000e+00   0.0%
------------------------------------------------------------------------
Total                1.261084e-03 5.875284e-04 3.634351e-05 1.884956e-03 100.0%
                            66.9%        31.2%         1.9%

