
===========================================================================
 report_power
============================================================================
======================= nom_tt_025C_1v80 Corner ===================================

Group                    Internal    Switching      Leakage        Total
                            Power        Power        Power        Power (Watts)
------------------------------------------------------------------------
Sequential           1.234243e-03 5.301044e-08 8.092657e-09 1.234304e-03  95.2%
Combinational        1.525320e-05 4.680357e-05 1.378286e-08 6.207054e-05   4.8%
Clock                0.000000e+00 0.000000e+00 0.000000e+00 0.000000e+00   0.0%
Macro                0.000000e+00 0.000000e+00 0.000000e+00 0.000000e+00   0.0%
Pad                  0.000000e+00 0.000000e+00 0.000000e+00 0.000000e+00   0.0%
------------------------------------------------------------------------
Total                1.249495e-03 4.685652e-05 2.187575e-08 1.296374e-03 100.0%
                            96.4%         3.6%         0.0%

