Clock: clk
Sources: wb_clk_i 
Generated: no
Virtual: yes
Propagated: no
Period: 25.000000

===========================================================================
report_clock_properties
============================================================================
Clock                   Period          Waveform
----------------------------------------------------
clk                  25.000000    0.000000 12.500000

===========================================================================
report_clock_latency
============================================================================
Clock clk
rise -> rise
    min     max
4.650000 5.570000 source latency
5.564801         network latency mprj/_6645_/CLK
        6.598054 network latency mprj/_6185_/CLK
---------------
10.214802 12.168054 latency
        1.953252 skew

fall -> fall
    min     max
4.650000 5.570000 source latency
5.635576         network latency mprj/_6645_/CLK
        6.630387 network latency mprj/_6185_/CLK
---------------
10.285575 12.200387 latency
        1.914811 skew



===========================================================================
report_clock_min_period
============================================================================
clk period_min = 8.02 fmax = 124.64
