
===========================================================================
 report_power
============================================================================
======================= nom_tt_025C_1v80 Corner ===================================

Group                    Internal    Switching      Leakage        Total
                            Power        Power        Power        Power (Watts)
------------------------------------------------------------------------
Sequential           1.213164e-03 9.463986e-08 8.461151e-09 1.213267e-03  55.9%
Combinational        3.777969e-05 1.046824e-04 1.575538e-08 1.424779e-04   6.6%
Clock                3.564554e-04 4.601651e-04 3.706087e-09 8.166243e-04  37.6%
Macro                0.000000e+00 0.000000e+00 0.000000e+00 0.000000e+00   0.0%
Pad                  0.000000e+00 0.000000e+00 0.000000e+00 0.000000e+00   0.0%
------------------------------------------------------------------------
Total                1.607397e-03 5.649421e-04 2.792289e-08 2.172367e-03 100.0%
                            74.0%        26.0%         0.0%
Writing metric power__internal__total: 0.0016073965234681964
Writing metric power__switching__total: 0.0005649421364068985
Writing metric power__leakage__total: 2.7922887113618344e-8
Writing metric power__total: 0.002172366715967655

