
===========================================================================
 report_power
============================================================================
======================= nom_tt_025C_1v80 Corner ===================================

Group                    Internal    Switching      Leakage        Total
                            Power        Power        Power        Power (Watts)
------------------------------------------------------------------------
Sequential           1.212971e-03 8.400087e-08 8.470850e-09 1.213064e-03  54.3%
Combinational        3.622396e-05 9.906608e-05 1.549560e-08 1.353055e-04   6.1%
Clock                4.173974e-04 4.685751e-04 3.806096e-09 8.859763e-04  39.7%
Macro                0.000000e+00 0.000000e+00 0.000000e+00 0.000000e+00   0.0%
Pad                  0.000000e+00 0.000000e+00 0.000000e+00 0.000000e+00   0.0%
------------------------------------------------------------------------
Total                1.666591e-03 5.677251e-04 2.777287e-08 2.234344e-03 100.0%
                            74.6%        25.4%         0.0%
Writing metric power__internal__total: 0.001666590804234147
Writing metric power__switching__total: 0.0005677251028828323
Writing metric power__leakage__total: 2.7772870225817314e-8
Writing metric power__total: 0.002234343672171235

