
===========================================================================
 report_power
============================================================================
======================= max_tt_025C_1v80 Corner ===================================

Group                    Internal    Switching      Leakage        Total
                            Power        Power        Power        Power (Watts)
------------------------------------------------------------------------
Sequential           1.214191e-03 1.472154e-07 8.461151e-09 1.214347e-03  49.6%
Combinational        4.969319e-05 1.789814e-04 1.961036e-08 2.286942e-04   9.3%
Clock                3.564345e-04 6.509750e-04 2.325332e-08 1.007433e-03  41.1%
Macro                0.000000e+00 0.000000e+00 0.000000e+00 0.000000e+00   0.0%
Pad                  0.000000e+00 0.000000e+00 0.000000e+00 0.000000e+00   0.0%
------------------------------------------------------------------------
Total                1.620316e-03 8.301036e-04 5.132555e-08 2.450471e-03 100.0%
                            66.1%        33.9%         0.0%

