┏━━━━━━━━━━━━━━━━━━━━━━┳━━━━━━━━━━┳━━━━━━━━━━┳━━━━━━━━━━┳━━━━━━━━━━┳━━━━━━━━━━━┳━━━━━━━━━━┳━━━━━━━━━━━┳━━━━━━━━━━┳━━━━━━━━━━━┳━━━━━━━━━━┳━━━━━━━━━━━┳━━━━━━━━━━┓
┃                      ┃ Hold     ┃ Reg to   ┃          ┃          ┃ of which  ┃ Setup    ┃           ┃          ┃           ┃ of which ┃           ┃          ┃
┃                      ┃ Worst    ┃ Reg      ┃          ┃ Hold Vio ┃ reg to    ┃ Worst    ┃ Reg to    ┃ Setup    ┃ Setup Vio ┃ reg to   ┃ Max Cap   ┃ Max Slew ┃
┃ Corner/Group         ┃ Slack    ┃ Paths    ┃ Hold TNS ┃ Count    ┃ reg       ┃ Slack    ┃ Reg Paths ┃ TNS      ┃ Count     ┃ reg      ┃ Violatio… ┃ Violati… ┃
┡━━━━━━━━━━━━━━━━━━━━━━╇━━━━━━━━━━╇━━━━━━━━━━╇━━━━━━━━━━╇━━━━━━━━━━╇━━━━━━━━━━━╇━━━━━━━━━━╇━━━━━━━━━━━╇━━━━━━━━━━╇━━━━━━━━━━━╇━━━━━━━━━━╇━━━━━━━━━━━╇━━━━━━━━━━┩
│ Overall              │ 0.1046   │ 0.1046   │ 0.0000   │ 0        │ 0         │ 0.3074   │ 6.6637    │ 0.0000   │ 0         │ 0        │ 0         │ 39       │
│ nom_tt_025C_1v80     │ 0.2959   │ 0.2959   │ 0.0000   │ 0        │ 0         │ 8.1683   │ 16.9772   │ 0.0000   │ 0         │ 0        │ 0         │ 38       │
│ nom_ss_100C_1v60     │ 0.5176   │ 0.8399   │ 0.0000   │ 0        │ 0         │ 0.7247   │ 6.8146    │ 0.0000   │ 0         │ 0        │ 0         │ 39       │
│ nom_ff_n40C_1v95     │ 0.1073   │ 0.1073   │ 0.0000   │ 0        │ 0         │ 10.7769  │ 20.2362   │ 0.0000   │ 0         │ 0        │ 0         │ 38       │
│ min_tt_025C_1v80     │ 0.2912   │ 0.2912   │ 0.0000   │ 0        │ 0         │ 8.4730   │ 17.0499   │ 0.0000   │ 0         │ 0        │ 0         │ 28       │
│ min_ss_100C_1v60     │ 0.4169   │ 0.8318   │ 0.0000   │ 0        │ 0         │ 1.1454   │ 6.9626    │ 0.0000   │ 0         │ 0        │ 0         │ 28       │
│ min_ff_n40C_1v95     │ 0.1046   │ 0.1046   │ 0.0000   │ 0        │ 0         │ 10.8132  │ 20.2837   │ 0.0000   │ 0         │ 0        │ 0         │ 26       │
│ max_tt_025C_1v80     │ 0.3013   │ 0.3013   │ 0.0000   │ 0        │ 0         │ 7.8413   │ 16.9082   │ 0.0000   │ 0         │ 0        │ 0         │ 38       │
│ max_ss_100C_1v60     │ 0.5948   │ 0.8525   │ 0.0000   │ 0        │ 0         │ 0.3074   │ 6.6637    │ 0.0000   │ 0         │ 0        │ 0         │ 39       │
│ max_ff_n40C_1v95     │ 0.1107   │ 0.1107   │ 0.0000   │ 0        │ 0         │ 10.5959  │ 20.1874   │ 0.0000   │ 0         │ 0        │ 0         │ 38       │
└──────────────────────┴──────────┴──────────┴──────────┴──────────┴───────────┴──────────┴───────────┴──────────┴───────────┴──────────┴───────────┴──────────┘
