
===========================================================================
 report_power
============================================================================
======================= nom_ss_100C_1v60 Corner ===================================

Group                    Internal    Switching      Leakage        Total
                            Power        Power        Power        Power (Watts)
------------------------------------------------------------------------
Sequential           9.311569e-04 9.476524e-08 1.260759e-05 9.438593e-04  47.6%
Combinational        3.959160e-05 1.217062e-04 2.238878e-05 1.836866e-04   9.3%
Clock                3.606762e-04 4.949080e-04 1.623829e-06 8.572080e-04  43.2%
Macro                0.000000e+00 0.000000e+00 0.000000e+00 0.000000e+00   0.0%
Pad                  0.000000e+00 0.000000e+00 0.000000e+00 0.000000e+00   0.0%
------------------------------------------------------------------------
Total                1.331423e-03 6.167084e-04 3.662123e-05 1.984752e-03 100.0%
                            67.1%        31.1%         1.8%

