
===========================================================================
 report_power
============================================================================
======================= nom_ss_100C_1v60 Corner ===================================

Group                    Internal    Switching      Leakage        Total
                            Power        Power        Power        Power (Watts)
------------------------------------------------------------------------
Sequential           9.294452e-04 4.912412e-08 1.315940e-05 9.426537e-04  89.4%
Combinational        2.934505e-05 3.921293e-05 1.871195e-05 8.726995e-05   8.3%
Clock                1.864125e-05 5.979648e-06 7.640271e-08 2.469730e-05   2.3%
Macro                0.000000e+00 0.000000e+00 0.000000e+00 0.000000e+00   0.0%
Pad                  0.000000e+00 0.000000e+00 0.000000e+00 0.000000e+00   0.0%
------------------------------------------------------------------------
Total                9.774310e-04 4.524166e-05 3.194799e-05 1.054621e-03 100.0%
                            92.7%         4.3%         3.0%

