Clock: clk
Sources: wb_clk_i 
Generated: no
Virtual: yes
Propagated: no
Period: 25.000000

===========================================================================
report_clock_properties
============================================================================
Clock                   Period          Waveform
----------------------------------------------------
clk                  25.000000    0.000000 12.500000

===========================================================================
report_clock_latency
============================================================================
Clock clk
rise -> rise
    min     max
4.650000 5.570000 source latency
5.350255         network latency sram_inst/wb_clk_i
        7.306792 network latency _6185_/CLK
---------------
10.000256 12.876793 latency
        2.876537 skew

fall -> fall
    min     max
4.650000 5.570000 source latency
5.442914         network latency sram_inst/wb_clk_i
        7.258548 network latency _6185_/CLK
---------------
10.092914 12.828547 latency
        2.735634 skew



===========================================================================
report_clock_min_period
============================================================================
clk period_min = 18.04 fmax = 55.44
